Archive member included to satisfy reference by file (symbol)

C:/MaximSDK/Libraries/PeriphDrivers/bin/MAX32670/softfp/libPeriphDriver_softfp.a(mxc_delay.o)
                              C:/Users/ahammad.n/Desktop/Maxim_Micro_Workspace/ADBMS6830/build/ADBMSCOMMON.o (MXC_Delay)
C:/MaximSDK/Libraries/PeriphDrivers/bin/MAX32670/softfp/libPeriphDriver_softfp.a(sys_me15.o)
                              C:/Users/ahammad.n/Desktop/Maxim_Micro_Workspace/ADBMS6830/build/system_max32670.o (MXC_SYS_ClockEnable)
C:/MaximSDK/Libraries/PeriphDrivers/bin/MAX32670/softfp/libPeriphDriver_softfp.a(flc_me15.o)
                              C:/MaximSDK/Libraries/PeriphDrivers/bin/MAX32670/softfp/libPeriphDriver_softfp.a(sys_me15.o) (MXC_FLC_UnlockInfoBlock)
C:/MaximSDK/Libraries/PeriphDrivers/bin/MAX32670/softfp/libPeriphDriver_softfp.a(flc_reva.o)
                              C:/MaximSDK/Libraries/PeriphDrivers/bin/MAX32670/softfp/libPeriphDriver_softfp.a(flc_me15.o) (MXC_FLC_RevA_Busy)
C:/MaximSDK/Libraries/PeriphDrivers/bin/MAX32670/softfp/libPeriphDriver_softfp.a(gpio_me15.o)
                              C:/Users/ahammad.n/Desktop/Maxim_Micro_Workspace/ADBMS6830/build/led.o (MXC_GPIO_Config)
C:/MaximSDK/Libraries/PeriphDrivers/bin/MAX32670/softfp/libPeriphDriver_softfp.a(gpio_reva.o)
                              C:/MaximSDK/Libraries/PeriphDrivers/bin/MAX32670/softfp/libPeriphDriver_softfp.a(gpio_me15.o) (MXC_GPIO_RevA_InGet)
C:/MaximSDK/Libraries/PeriphDrivers/bin/MAX32670/softfp/libPeriphDriver_softfp.a(spi_me15.o)
                              C:/Users/ahammad.n/Desktop/Maxim_Micro_Workspace/ADBMS6830/build/main.o (MXC_SPI_Init)
C:/MaximSDK/Libraries/PeriphDrivers/bin/MAX32670/softfp/libPeriphDriver_softfp.a(spi_reva.o)
                              C:/MaximSDK/Libraries/PeriphDrivers/bin/MAX32670/softfp/libPeriphDriver_softfp.a(spi_me15.o) (MXC_SPI_RevA_Init)
C:/MaximSDK/Libraries/PeriphDrivers/bin/MAX32670/softfp/libPeriphDriver_softfp.a(uart_me15.o)
                              C:/Users/ahammad.n/Desktop/Maxim_Micro_Workspace/ADBMS6830/build/board.o (MXC_UART_Shutdown)
C:/MaximSDK/Libraries/PeriphDrivers/bin/MAX32670/softfp/libPeriphDriver_softfp.a(uart_revb.o)
                              C:/MaximSDK/Libraries/PeriphDrivers/bin/MAX32670/softfp/libPeriphDriver_softfp.a(uart_me15.o) (MXC_UART_RevB_Init)
C:/MaximSDK/Libraries/PeriphDrivers/bin/MAX32670/softfp/libPeriphDriver_softfp.a(mxc_lock.o)
                              C:/MaximSDK/Libraries/PeriphDrivers/bin/MAX32670/softfp/libPeriphDriver_softfp.a(spi_reva.o) (MXC_FreeLock)
C:/MaximSDK/Libraries/PeriphDrivers/bin/MAX32670/softfp/libPeriphDriver_softfp.a(pins_me15.o)
                              C:/MaximSDK/Libraries/PeriphDrivers/bin/MAX32670/softfp/libPeriphDriver_softfp.a(spi_me15.o) (gpio_cfg_spi2)
C:/MaximSDK/Libraries/PeriphDrivers/bin/MAX32670/softfp/libPeriphDriver_softfp.a(dma_me15.o)
                              C:/MaximSDK/Libraries/PeriphDrivers/bin/MAX32670/softfp/libPeriphDriver_softfp.a(spi_reva.o) (MXC_DMA_Init)
C:/MaximSDK/Libraries/PeriphDrivers/bin/MAX32670/softfp/libPeriphDriver_softfp.a(dma_reva.o)
                              C:/MaximSDK/Libraries/PeriphDrivers/bin/MAX32670/softfp/libPeriphDriver_softfp.a(dma_me15.o) (MXC_DMA_RevA_Init)
C:/MaximSDK/Libraries/PeriphDrivers/bin/MAX32670/softfp/libPeriphDriver_softfp.a(flc_common.o)
                              C:/MaximSDK/Libraries/PeriphDrivers/bin/MAX32670/softfp/libPeriphDriver_softfp.a(flc_me15.o) (MXC_FLC_Com_VerifyData)
C:/MaximSDK/Libraries/PeriphDrivers/bin/MAX32670/softfp/libPeriphDriver_softfp.a(gpio_common.o)
                              C:/MaximSDK/Libraries/PeriphDrivers/bin/MAX32670/softfp/libPeriphDriver_softfp.a(gpio_me15.o) (MXC_GPIO_Common_Init)
C:/MaximSDK/Libraries/PeriphDrivers/bin/MAX32670/softfp/libPeriphDriver_softfp.a(uart_common.o)
                              C:/MaximSDK/Libraries/PeriphDrivers/bin/MAX32670/softfp/libPeriphDriver_softfp.a(uart_me15.o) (MXC_UART_Common_ReadCharacter)
c:/maximsdk/tools/gnutools/10.3/bin/../lib/gcc/arm-none-eabi/10.3.1/../../../../arm-none-eabi/lib/thumb/v7e-m+fp/softfp\libc.a(lib_a-calloc.o)
                              C:/Users/ahammad.n/Desktop/Maxim_Micro_Workspace/ADBMS6830/build/ADBMSCOMMON.o (calloc)
c:/maximsdk/tools/gnutools/10.3/bin/../lib/gcc/arm-none-eabi/10.3.1/../../../../arm-none-eabi/lib/thumb/v7e-m+fp/softfp\libc.a(lib_a-callocr.o)
                              c:/maximsdk/tools/gnutools/10.3/bin/../lib/gcc/arm-none-eabi/10.3.1/../../../../arm-none-eabi/lib/thumb/v7e-m+fp/softfp\libc.a(lib_a-calloc.o) (_calloc_r)
c:/maximsdk/tools/gnutools/10.3/bin/../lib/gcc/arm-none-eabi/10.3.1/../../../../arm-none-eabi/lib/thumb/v7e-m+fp/softfp\libc.a(lib_a-errno.o)
                              C:/Users/ahammad.n/Desktop/Maxim_Micro_Workspace/ADBMS6830/build/stdio.o (__errno)
c:/maximsdk/tools/gnutools/10.3/bin/../lib/gcc/arm-none-eabi/10.3.1/../../../../arm-none-eabi/lib/thumb/v7e-m+fp/softfp\libc.a(lib_a-exit.o)
[...]
Memory Configuration

Name             Origin             Length             Attributes
FLASH            0x10000000         0x00060000         xr
SRAM             0x20000000         0x00020000         xrw
*default*        0x00000000         0xffffffff

Linker script and memory map

LOAD c:/maximsdk/tools/gnutools/10.3/bin/../lib/gcc/arm-none-eabi/10.3.1/thumb/v7e-m+fp/softfp/crti.o
LOAD c:/maximsdk/tools/gnutools/10.3/bin/../lib/gcc/arm-none-eabi/10.3.1/thumb/v7e-m+fp/softfp/crtbegin.o
LOAD c:/maximsdk/tools/gnutools/10.3/bin/../lib/gcc/arm-none-eabi/10.3.1/../../../../arm-none-eabi/lib/thumb/v7e-m+fp/softfp/crt0.o
LOAD C:/Users/ahammad.n/Desktop/Maxim_Micro_Workspace/ADBMS6830/build/ADBMSCOMMON.o
LOAD C:/Users/ahammad.n/Desktop/Maxim_Micro_Workspace/ADBMS6830/build/ADBMSMAIN.o
LOAD C:/Users/ahammad.n/Desktop/Maxim_Micro_Workspace/ADBMS6830/build/main.o
LOAD C:/Users/ahammad.n/Desktop/Maxim_Micro_Workspace/ADBMS6830/build/board.o
LOAD C:/Users/ahammad.n/Desktop/Maxim_Micro_Workspace/ADBMS6830/build/stdio.o
LOAD C:/Users/ahammad.n/Desktop/Maxim_Micro_Workspace/ADBMS6830/build/led.o
LOAD C:/Users/ahammad.n/Desktop/Maxim_Micro_Workspace/ADBMS6830/build/pb.o
LOAD C:/Users/ahammad.n/Desktop/Maxim_Micro_Workspace/ADBMS6830/build/rom_stub.o
LOAD C:/Users/ahammad.n/Desktop/Maxim_Micro_Workspace/ADBMS6830/build/startup_max32670.o
LOAD C:/Users/ahammad.n/Desktop/Maxim_Micro_Workspace/ADBMS6830/build/heap.o
LOAD C:/Users/ahammad.n/Desktop/Maxim_Micro_Workspace/ADBMS6830/build/system_max32670.o
START GROUP
LOAD C:/MaximSDK/Libraries/PeriphDrivers/bin/MAX32670/softfp/libPeriphDriver_softfp.a
LOAD c:/maximsdk/tools/gnutools/10.3/bin/../lib/gcc/arm-none-eabi/10.3.1/../../../../arm-none-eabi/lib/thumb/v7e-m+fp/softfp\libc.a
LOAD c:/maximsdk/tools/gnutools/10.3/bin/../lib/gcc/arm-none-eabi/10.3.1/../../../../arm-none-eabi/lib/thumb/v7e-m+fp/softfp\libm.a
LOAD c:/maximsdk/tools/gnutools/10.3/bin/../lib/gcc/arm-none-eabi/10.3.1/../../../../arm-none-eabi/lib/thumb/v7e-m+fp/softfp\libnosys.a
END GROUP
START GROUP
LOAD c:/maximsdk/tools/gnutools/10.3/bin/../lib/gcc/arm-none-eabi/10.3.1/thumb/v7e-m+fp/softfp\libgcc.a
LOAD c:/maximsdk/tools/gnutools/10.3/bin/../lib/gcc/arm-none-eabi/10.3.1/../../../../arm-none-eabi/lib/thumb/v7e-m+fp/softfp\libc.a
END GROUP
LOAD c:/maximsdk/tools/gnutools/10.3/bin/../lib/gcc/arm-none-eabi/10.3.1/thumb/v7e-m+fp/softfp/crtend.o
LOAD c:/maximsdk/tools/gnutools/10.3/bin/../lib/gcc/arm-none-eabi/10.3.1/thumb/v7e-m+fp/softfp/crtn.o

.text           0x10000000    0x11690
                0x10000000                _text = .
 *(.isr_vector)
 .isr_vector    0x10000000      0x1d0 C:/Users/ahammad.n/Desktop/Maxim_Micro_Workspace/ADBMS6830/build/startup_max32670.o
                0x10000000                __isr_vector
 *(.text*)
 .text          0x100001d0       0x40 c:/maximsdk/tools/gnutools/10.3/bin/../lib/gcc/arm-none-eabi/10.3.1/thumb/v7e-m+fp/softfp/crtbegin.o
 .text.SPI_Write
                0x10000210       0x24 C:/Users/ahammad.n/Desktop/Maxim_Micro_Workspace/ADBMS6830/build/ADBMSCOMMON.o
                0x10000210                SPI_Write
 .text.Pec15_Calc
                0x10000234       0x44 C:/Users/ahammad.n/Desktop/Maxim_Micro_Workspace/ADBMS6830/build/ADBMSCOMMON.o
                0x10000234                Pec15_Calc
 .text.ADBMS_Write_Cmd
                0x10000278       0x38 C:/Users/ahammad.n/Desktop/Maxim_Micro_Workspace/ADBMS6830/build/ADBMSCOMMON.o
                0x10000278                ADBMS_Write_Cmd
 .text.pec10_calc
                0x100002b0       0x6e C:/Users/ahammad.n/Desktop/Maxim_Micro_Workspace/ADBMS6830/build/ADBMSCOMMON.o
                0x100002b0                pec10_calc
 .text.ADBMS_Write_Data
                0x1000031e       0x9e C:/Users/ahammad.n/Desktop/Maxim_Micro_Workspace/ADBMS6830/build/ADBMSCOMMON.o
                0x1000031e                ADBMS_Write_Data
 .text.ADBMS_Read_Data
                0x100003bc      0x150 C:/Users/ahammad.n/Desktop/Maxim_Micro_Workspace/ADBMS6830/build/ADBMSCOMMON.o
                0x100003bc                ADBMS_Read_Data
 .text.twos_complement_to_int
                0x1000050c       0x1c C:/Users/ahammad.n/Desktop/Maxim_Micro_Workspace/ADBMS6830/build/ADBMSCOMMON.o
                0x1000050c                twos_complement_to_int
 .text.SetUnderVoltageThreshold
                0x10000528       0x38 C:/Users/ahammad.n/Desktop/Maxim_Micro_Workspace/ADBMS6830/build/ADBMSCOMMON.o
                0x10000528                SetUnderVoltageThreshold
 .text.SetOverVoltageThreshold
                0x10000560       0x38 C:/Users/ahammad.n/Desktop/Maxim_Micro_Workspace/ADBMS6830/build/ADBMSCOMMON.o
                0x10000560                SetOverVoltageThreshold
 .text.WRCFGB_data_Set
                0x10000598       0x3c C:/Users/ahammad.n/Desktop/Maxim_Micro_Workspace/ADBMS6830/build/ADBMSCOMMON.o
                0x10000598                WRCFGB_data_Set
 .text.ADBMS_ADCV
                0x100005d4       0x32 C:/Users/ahammad.n/Desktop/Maxim_Micro_Workspace/ADBMS6830/build/ADBMSMAIN.o
                0x100005d4                ADBMS_ADCV
 .text.ADBMS_ADSV
                0x10000606       0x22 C:/Users/ahammad.n/Desktop/Maxim_Micro_Workspace/ADBMS6830/build/ADBMSMAIN.o
                0x10000606                ADBMS_ADSV
 .text.ADBMS_ADAX
                0x10000628       0x20 C:/Users/ahammad.n/Desktop/Maxim_Micro_Workspace/ADBMS6830/build/ADBMSMAIN.o
                0x10000628                ADBMS_ADAX
 .text.printMenu
                0x10000648       0xb8 C:/Users/ahammad.n/Desktop/Maxim_Micro_Workspace/ADBMS6830/build/ADBMSMAIN.o
                0x10000648                printMenu
 .text.ADBMS_Init
                0x10000700       0x80 C:/Users/ahammad.n/Desktop/Maxim_Micro_Workspace/ADBMS6830/build/ADBMSMAIN.o
                0x10000700                ADBMS_Init
 .text.ADBMS_Print_WRCFG_Data
                0x10000780       0x30 C:/Users/ahammad.n/Desktop/Maxim_Micro_Workspace/ADBMS6830/build/ADBMSMAIN.o
                0x10000780                ADBMS_Print_WRCFG_Data
 .text.ADBMS_Print_RDCFG_Data
                0x100007b0       0x38 C:/Users/ahammad.n/Desktop/Maxim_Micro_Workspace/ADBMS6830/build/ADBMSMAIN.o
                0x100007b0                ADBMS_Print_RDCFG_Data
 .text.ADBMS_Write_Read_Config
                0x100007e8       0xdc C:/Users/ahammad.n/Desktop/Maxim_Micro_Workspace/ADBMS6830/build/ADBMSMAIN.o
                0x100007e8                ADBMS_Write_Read_Config
 *fill*         0x100008c4        0x4 
 .text.ADBMS_Print_Data
                0x100008c8      0x350 C:/Users/ahammad.n/Desktop/Maxim_Micro_Workspace/ADBMS6830/build/ADBMSMAIN.o
                0x100008c8                ADBMS_Print_Data
 .text.ADC_AVG_Cell_Voltage_Measurement
                0x10000c18      0x148 C:/Users/ahammad.n/Desktop/Maxim_Micro_Workspace/ADBMS6830/build/ADBMSMAIN.o
                0x10000c18                ADC_AVG_Cell_Voltage_Measurement
 .text.ADBMS_Print_AUX_Data
                0x10000d60      0x2ac C:/Users/ahammad.n/Desktop/Maxim_Micro_Workspace/ADBMS6830/build/ADBMSMAIN.o
                0x10000d60                ADBMS_Print_AUX_Data
 *fill*         0x1000100c        0x4 
 .text.ADBMS_Print_Status_Data
                0x10001010      0x180 C:/Users/ahammad.n/Desktop/Maxim_Micro_Workspace/ADBMS6830/build/ADBMSMAIN.o
                0x10001010                ADBMS_Print_Status_Data
 .text.ADBMSPollADC
                0x10001190       0x3e C:/Users/ahammad.n/Desktop/Maxim_Micro_Workspace/ADBMS6830/build/ADBMSMAIN.o
                0x10001190                ADBMSPollADC
 *fill*         0x100011ce        0x2 
 .text.ADC_Cell_Voltage_Measurement
                0x100011d0      0x17c C:/Users/ahammad.n/Desktop/Maxim_Micro_Workspace/ADBMS6830/build/ADBMSMAIN.o
                0x100011d0                ADC_Cell_Voltage_Measurement
 .text.ADC_S_Voltage_Measurement
                0x1000134c      0x170 C:/Users/ahammad.n/Desktop/Maxim_Micro_Workspace/ADBMS6830/build/ADBMSMAIN.o
                0x1000134c                ADC_S_Voltage_Measurement
 .text.ADC_GPIO_Voltage_Measurement
                0x100014bc      0x104 C:/Users/ahammad.n/Desktop/Maxim_Micro_Workspace/ADBMS6830/build/ADBMSMAIN.o
                0x100014bc                ADC_GPIO_Voltage_Measurement
 .text.ADBMS_Status_Reg_voltage_measurment
                0x100015c0      0x108 C:/Users/ahammad.n/Desktop/Maxim_Micro_Workspace/ADBMS6830/build/ADBMSMAIN.o
                0x100015c0                ADBMS_Status_Reg_voltage_measurment
 .text.ADSV_PWM_Discharge_Measurement
                0x100016c8      0x354 C:/Users/ahammad.n/Desktop/Maxim_Micro_Workspace/ADBMS6830/build/ADBMSMAIN.o
                0x100016c8                ADSV_PWM_Discharge_Measurement
 .text.run_command
                0x10001a1c       0x5c C:/Users/ahammad.n/Desktop/Maxim_Micro_Workspace/ADBMS6830/build/ADBMSMAIN.o
                0x10001a1c                run_command
 .text.adbmsmain
                0x10001a78       0x40 C:/Users/ahammad.n/Desktop/Maxim_Micro_Workspace/ADBMS6830/build/ADBMSMAIN.o
                0x10001a78                adbmsmain
 .text.main     0x10001ab8       0x3c C:/Users/ahammad.n/Desktop/Maxim_Micro_Workspace/ADBMS6830/build/main.o
                0x10001ab8                main
 .text.SPI_Transaction
                0x10001af4       0x2c C:/Users/ahammad.n/Desktop/Maxim_Micro_Workspace/ADBMS6830/build/main.o
                0x10001af4                SPI_Transaction
 .text.WakeupIC
                0x10001b20       0x4a C:/Users/ahammad.n/Desktop/Maxim_Micro_Workspace/ADBMS6830/build/main.o
                0x10001b20                WakeupIC
 *fill*         0x10001b6a        0x2 
 .text.WakeupBMSIC
                0x10001b6c       0x10 C:/Users/ahammad.n/Desktop/Maxim_Micro_Workspace/ADBMS6830/build/main.o
                0x10001b6c                WakeupBMSIC
 .text.mxc_assert
                0x10001b7c       0x10 C:/Users/ahammad.n/Desktop/Maxim_Micro_Workspace/ADBMS6830/build/board.o
                0x10001b7c                mxc_assert
 .text.Console_Init
                0x10001b8c       0x18 C:/Users/ahammad.n/Desktop/Maxim_Micro_Workspace/ADBMS6830/build/board.o
                0x10001b8c                Console_Init
 .text.Board_Init
                0x10001ba4       0x34 C:/Users/ahammad.n/Desktop/Maxim_Micro_Workspace/ADBMS6830/build/board.o
                0x10001ba4                Board_Init
 .text.NMI_Handler
                0x10001bd8        0x4 C:/Users/ahammad.n/Desktop/Maxim_Micro_Workspace/ADBMS6830/build/board.o
                0x10001bd8                NMI_Handler
 .text._close   0x10001bdc        0x6 C:/Users/ahammad.n/Desktop/Maxim_Micro_Workspace/ADBMS6830/build/stdio.o
                0x10001bdc                _close
 .text._isatty  0x10001be2        0x6 C:/Users/ahammad.n/Desktop/Maxim_Micro_Workspace/ADBMS6830/build/stdio.o
                0x10001be2                _isatty
 .text._lseek   0x10001be8        0x6 C:/Users/ahammad.n/Desktop/Maxim_Micro_Workspace/ADBMS6830/build/stdio.o
                0x10001be8                _lseek
 .text._fstat   0x10001bee        0x6 C:/Users/ahammad.n/Desktop/Maxim_Micro_Workspace/ADBMS6830/build/stdio.o
                0x10001bee                _fstat
 .text._read    0x10001bf4       0x50 C:/Users/ahammad.n/Desktop/Maxim_Micro_Workspace/ADBMS6830/build/stdio.o
                0x10001bf4                _read
 .text._write   0x10001c44       0x54 C:/Users/ahammad.n/Desktop/Maxim_Micro_Workspace/ADBMS6830/build/stdio.o
                0x10001c44                _write
 .text.LED_Off  0x10001c98       0x44 C:/Users/ahammad.n/Desktop/Maxim_Micro_Workspace/ADBMS6830/build/led.o
                0x10001c98                LED_Off
 .text.LED_Init
                0x10001cdc       0x3c C:/Users/ahammad.n/Desktop/Maxim_Micro_Workspace/ADBMS6830/build/led.o
                0x10001cdc                LED_Init
 .text.PB_Init  0x10001d18       0x38 C:/Users/ahammad.n/Desktop/Maxim_Micro_Workspace/ADBMS6830/build/pb.o
                0x10001d18                PB_Init
 .text.GPIO0_IRQHandler
                0x10001d50        0xa C:/Users/ahammad.n/Desktop/Maxim_Micro_Workspace/ADBMS6830/build/pb.o
                0x10001d50                GPIO0_IRQHandler
 .text.GPIO1_IRQHandler
                0x10001d5a        0xa C:/Users/ahammad.n/Desktop/Maxim_Micro_Workspace/ADBMS6830/build/pb.o
                0x10001d5a                GPIO1_IRQHandler
 .text          0x10001d64      0x140 C:/Users/ahammad.n/Desktop/Maxim_Micro_Workspace/ADBMS6830/build/startup_max32670.o
                0x10001d64                Reset_Handler
                0x10001da2                HardFault_Handler
                0x10001da4                MemManage_Handler
                0x10001da6                BusFault_Handler
                0x10001da8                UsageFault_Handler
                0x10001daa                SVC_Handler
                0x10001dac                DebugMon_Handler
                0x10001dae                PendSV_Handler
                0x10001db0                SysTick_Handler
                0x10001db2                Default_Handler
                0x10001db4                PF_IRQHandler
                0x10001db6                WDT0_IRQHandler
                0x10001db8                RSV02_IRQHandler
                0x10001dba                RTC_IRQHandler
                0x10001dbc                TRNG_IRQHandler
                0x10001dbe                TMR0_IRQHandler
                0x10001dc0                TMR1_IRQHandler
                0x10001dc2                TMR2_IRQHandler
                0x10001dc4                TMR3_IRQHandler
                0x10001dc6                TMR4_IRQHandler
                0x10001dc8                TMR5_IRQHandler
                0x10001dca                RSV11_IRQHandler
                0x10001dcc                RSV12_IRQHandler
                0x10001dce                I2C0_IRQHandler
                0x10001dd0                UART0_IRQHandler
                0x10001dd2                UART1_IRQHandler
                0x10001dd4                SPI0_IRQHandler
                0x10001dd6                SPI1_IRQHandler
                0x10001dd8                SPI2_IRQHandler
                0x10001dda                RSV19_IRQHandler
                0x10001ddc                RSV20_IRQHandler
                0x10001dde                RSV21_IRQHandler
                0x10001de0                RSV22_IRQHandler
                0x10001de2                FLC0_IRQHandler
                0x10001de8                RSV26_IRQHandler
                0x10001dea                RSV27_IRQHandler
                0x10001dec                DMA0_IRQHandler
                0x10001dee                DMA1_IRQHandler
                0x10001df0                DMA2_IRQHandler
                0x10001df2                DMA3_IRQHandler
                0x10001df4                RSV32_IRQHandler
                0x10001df6                RSV33_IRQHandler
                0x10001df8                UART2_IRQHandler
                0x10001dfa                RSV35_IRQHandler
                0x10001dfc                I2C1_IRQHandler
                0x10001dfe                RSV37_IRQHandler
                0x10001e00                RSV38_IRQHandler
                0x10001e02                RSV39_IRQHandler
                0x10001e04                RSV40_IRQHandler
                0x10001e06                RSV41_IRQHandler
                0x10001e08                RSV42_IRQHandler
                0x10001e0a                RSV43_IRQHandler
                0x10001e0c                RSV44_IRQHandler
                0x10001e0e                RSV45_IRQHandler
                0x10001e10                RSV46_IRQHandler
                0x10001e12                RSV47_IRQHandler
                0x10001e14                RSV48_IRQHandler
                0x10001e16                RSV49_IRQHandler
                0x10001e18                RSV50_IRQHandler
                0x10001e1a                RSV51_IRQHandler
                0x10001e1c                RSV52_IRQHandler
                0x10001e1e                RSV53_IRQHandler
                0x10001e20                GPIOWAKE_IRQHandler
                0x10001e22                RSV55_IRQHandler
                0x10001e24                RSV56_IRQHandler
                0x10001e26                WDT1_IRQHandler
                0x10001e28                RSV57_IRQHandler
                0x10001e2a                RSV58_IRQHandler
                0x10001e2c                RSV59_IRQHandler
                0x10001e2e                RSV61_IRQHandler
                0x10001e30                I2C2_IRQHandler
                0x10001e32                RSV63_IRQHandler
                0x10001e34                RSV64_IRQHandler
                0x10001e36                RSV65_IRQHandler
                0x10001e38                RSV66_IRQHandler
                0x10001e3a                RSV67_IRQHandler
                0x10001e3c                DMA4_IRQHandler
                0x10001e3e                DMA5_IRQHandler
                0x10001e40                DMA6_IRQHandler
                0x10001e42                DMA7_IRQHandler
                0x10001e44                DMA8_IRQHandler
                0x10001e46                DMA9_IRQHandler
                0x10001e48                DMA10_IRQHandler
                0x10001e4a                DMA11_IRQHandler
                0x10001e4c                DMA12_IRQHandler
                0x10001e4e                DMA13_IRQHandler
                0x10001e50                DMA14_IRQHandler
                0x10001e52                DMA15_IRQHandler
                0x10001e54                RSV80_IRQHandler
                0x10001e56                RSV81_IRQHandler
                0x10001e58                ECC_IRQHandler
                0x10001e5a                RSV83_IRQHandler
                0x10001e5c                RSV84_IRQHandler
                0x10001e5e                RSV85_IRQHandler
                0x10001e60                RSV86_IRQHandler
                0x10001e62                RSV87_IRQHandler
                0x10001e64                UART3_IRQHandler
                0x10001e66                RSV89_IRQHandler
                0x10001e68                RSV90_IRQHandler
                0x10001e6a                RSV91_IRQHandler
                0x10001e6c                RSV92_IRQHandler
                0x10001e6e                RSV93_IRQHandler
                0x10001e70                RSV94_IRQHandler
                0x10001e72                RSV95_IRQHandler
                0x10001e74                RSV96_IRQHandler
                0x10001e76                AES_IRQHandler
                0x10001e78                CRC_IRQHandler
                0x10001e7a                I2S_IRQHandler
 .text._sbrk    0x10001ea4       0x40 C:/Users/ahammad.n/Desktop/Maxim_Micro_Workspace/ADBMS6830/build/heap.o
                0x10001ea4                _sbrk
 .text.SystemCoreClockUpdate
                0x10001ee4       0x8c C:/Users/ahammad.n/Desktop/Maxim_Micro_Workspace/ADBMS6830/build/system_max32670.o
                0x10001ee4                SystemCoreClockUpdate
 .text.PreInit  0x10001f70        0x4 C:/Users/ahammad.n/Desktop/Maxim_Micro_Workspace/ADBMS6830/build/system_max32670.o
                0x10001f70                PreInit
 .text.SystemInit
                0x10001f74       0x50 C:/Users/ahammad.n/Desktop/Maxim_Micro_Workspace/ADBMS6830/build/system_max32670.o
                0x10001f74                SystemInit
 .text.MXC_DelayInit
                0x10001fc4       0x7c C:/MaximSDK/Libraries/PeriphDrivers/bin/MAX32670/softfp/libPeriphDriver_softfp.a(mxc_delay.o)
 .text.MXC_DelayAsync
                0x10002040       0x3c C:/MaximSDK/Libraries/PeriphDrivers/bin/MAX32670/softfp/libPeriphDriver_softfp.a(mxc_delay.o)
                0x10002040                MXC_DelayAsync
 .text.MXC_DelayAbort
                0x1000207c       0x34 C:/MaximSDK/Libraries/PeriphDrivers/bin/MAX32670/softfp/libPeriphDriver_softfp.a(mxc_delay.o)
                0x1000207c                MXC_DelayAbort
 .text.MXC_DelayCheck
                0x100020b0       0x58 C:/MaximSDK/Libraries/PeriphDrivers/bin/MAX32670/softfp/libPeriphDriver_softfp.a(mxc_delay.o)
                0x100020b0                MXC_DelayCheck
 .text.MXC_Delay
                0x10002108       0x50 C:/MaximSDK/Libraries/PeriphDrivers/bin/MAX32670/softfp/libPeriphDriver_softfp.a(mxc_delay.o)
                0x10002108                MXC_Delay
 .text.MXC_SYS_ClockDisable
                0x10002158       0x3c C:/MaximSDK/Libraries/PeriphDrivers/bin/MAX32670/softfp/libPeriphDriver_softfp.a(sys_me15.o)
                0x10002158                MXC_SYS_ClockDisable
 .text.MXC_SYS_ClockEnable
                0x10002194       0x4c C:/MaximSDK/Libraries/PeriphDrivers/bin/MAX32670/softfp/libPeriphDriver_softfp.a(sys_me15.o)
                0x10002194                MXC_SYS_ClockEnable
 .text.MXC_SYS_RTCClockEnable
                0x100021e0       0x1c C:/MaximSDK/Libraries/PeriphDrivers/bin/MAX32670/softfp/libPeriphDriver_softfp.a(sys_me15.o)
                0x100021e0                MXC_SYS_RTCClockEnable
 .text.MXC_SYS_Clock_Timeout
                0x100021fc       0x40 C:/MaximSDK/Libraries/PeriphDrivers/bin/MAX32670/softfp/libPeriphDriver_softfp.a(sys_me15.o)
                0x100021fc                MXC_SYS_Clock_Timeout
 .text.MXC_SYS_ClockSourceEnable
                0x1000223c       0x78 C:/MaximSDK/Libraries/PeriphDrivers/bin/MAX32670/softfp/libPeriphDriver_softfp.a(sys_me15.o)
                0x1000223c                MXC_SYS_ClockSourceEnable
 .text.MXC_SYS_Clock_Select
                0x100022b4      0x10a C:/MaximSDK/Libraries/PeriphDrivers/bin/MAX32670/softfp/libPeriphDriver_softfp.a(sys_me15.o)
                0x100022b4                MXC_SYS_Clock_Select
 *fill*         0x100023be        0x2 
 .text.MXC_SYS_Reset_Periph
                0x100023c0       0x64 C:/MaximSDK/Libraries/PeriphDrivers/bin/MAX32670/softfp/libPeriphDriver_softfp.a(sys_me15.o)
                0x100023c0                MXC_SYS_Reset_Periph
 .text.MXC_GPIO_Config
                0x10002424       0x56 C:/MaximSDK/Libraries/PeriphDrivers/bin/MAX32670/softfp/libPeriphDriver_softfp.a(gpio_me15.o)
                0x10002424                MXC_GPIO_Config
 .text.MXC_GPIO_OutSet
                0x1000247a        0x4 C:/MaximSDK/Libraries/PeriphDrivers/bin/MAX32670/softfp/libPeriphDriver_softfp.a(gpio_me15.o)
                0x1000247a                MXC_GPIO_OutSet
 .text.MXC_GPIO_Handler
                0x1000247e        0x4 C:/MaximSDK/Libraries/PeriphDrivers/bin/MAX32670/softfp/libPeriphDriver_softfp.a(gpio_me15.o)
                0x1000247e                MXC_GPIO_Handler
 .text.MXC_GPIO_ClearFlags
                0x10002482        0x4 C:/MaximSDK/Libraries/PeriphDrivers/bin/MAX32670/softfp/libPeriphDriver_softfp.a(gpio_me15.o)
                0x10002482                MXC_GPIO_ClearFlags
 .text.MXC_GPIO_GetFlags
                0x10002486        0x4 C:/MaximSDK/Libraries/PeriphDrivers/bin/MAX32670/softfp/libPeriphDriver_softfp.a(gpio_me15.o)
                0x10002486                MXC_GPIO_GetFlags
 .text.MXC_GPIO_RevA_OutSet
                0x1000248a        0x4 C:/MaximSDK/Libraries/PeriphDrivers/bin/MAX32670/softfp/libPeriphDriver_softfp.a(gpio_reva.o)
                0x1000248a                MXC_GPIO_RevA_OutSet
 .text.MXC_GPIO_RevA_ClearFlags
                0x1000248e        0x4 C:/MaximSDK/Libraries/PeriphDrivers/bin/MAX32670/softfp/libPeriphDriver_softfp.a(gpio_reva.o)
                0x1000248e                MXC_GPIO_RevA_ClearFlags
 .text.MXC_GPIO_RevA_GetFlags
                0x10002492        0x4 C:/MaximSDK/Libraries/PeriphDrivers/bin/MAX32670/softfp/libPeriphDriver_softfp.a(gpio_reva.o)
                0x10002492                MXC_GPIO_RevA_GetFlags
 .text.MXC_GPIO_RevA_SetAF
                0x10002496       0x44 C:/MaximSDK/Libraries/PeriphDrivers/bin/MAX32670/softfp/libPeriphDriver_softfp.a(gpio_reva.o)
                0x10002496                MXC_GPIO_RevA_SetAF
 *fill*         0x100024da        0x2 
 .text.MXC_SPI_Init
                0x100024dc       0xc8 C:/MaximSDK/Libraries/PeriphDrivers/bin/MAX32670/softfp/libPeriphDriver_softfp.a(spi_me15.o)
                0x100024dc                MXC_SPI_Init
 .text.MXC_SPI_GetPeripheralClock
                0x100025a4       0x2c C:/MaximSDK/Libraries/PeriphDrivers/bin/MAX32670/softfp/libPeriphDriver_softfp.a(spi_me15.o)
                0x100025a4                MXC_SPI_GetPeripheralClock
 .text.MXC_SPI_SetFrequency
                0x100025d0        0x4 C:/MaximSDK/Libraries/PeriphDrivers/bin/MAX32670/softfp/libPeriphDriver_softfp.a(spi_me15.o)
                0x100025d0                MXC_SPI_SetFrequency
 .text.MXC_SPI_SetDataSize
                0x100025d4        0x4 C:/MaximSDK/Libraries/PeriphDrivers/bin/MAX32670/softfp/libPeriphDriver_softfp.a(spi_me15.o)
                0x100025d4                MXC_SPI_SetDataSize
 .text.MXC_SPI_GetDataSize
                0x100025d8        0x4 C:/MaximSDK/Libraries/PeriphDrivers/bin/MAX32670/softfp/libPeriphDriver_softfp.a(spi_me15.o)
                0x100025d8                MXC_SPI_GetDataSize
 .text.MXC_SPI_SetSlave
                0x100025dc        0x4 C:/MaximSDK/Libraries/PeriphDrivers/bin/MAX32670/softfp/libPeriphDriver_softfp.a(spi_me15.o)
                0x100025dc                MXC_SPI_SetSlave
 .text.MXC_SPI_GetWidth
                0x100025e0        0x4 C:/MaximSDK/Libraries/PeriphDrivers/bin/MAX32670/softfp/libPeriphDriver_softfp.a(spi_me15.o)
                0x100025e0                MXC_SPI_GetWidth
 .text.MXC_SPI_SetMode
                0x100025e4        0x4 C:/MaximSDK/Libraries/PeriphDrivers/bin/MAX32670/softfp/libPeriphDriver_softfp.a(spi_me15.o)
                0x100025e4                MXC_SPI_SetMode
 .text.MXC_SPI_StartTransmission
                0x100025e8        0x4 C:/MaximSDK/Libraries/PeriphDrivers/bin/MAX32670/softfp/libPeriphDriver_softfp.a(spi_me15.o)
                0x100025e8                MXC_SPI_StartTransmission
 .text.MXC_SPI_GetActive
                0x100025ec        0x4 C:/MaximSDK/Libraries/PeriphDrivers/bin/MAX32670/softfp/libPeriphDriver_softfp.a(spi_me15.o)
                0x100025ec                MXC_SPI_GetActive
 .text.MXC_SPI_ReadRXFIFO
                0x100025f0        0x4 C:/MaximSDK/Libraries/PeriphDrivers/bin/MAX32670/softfp/libPeriphDriver_softfp.a(spi_me15.o)
                0x100025f0                MXC_SPI_ReadRXFIFO
 .text.MXC_SPI_GetRXFIFOAvailable
                0x100025f4        0x4 C:/MaximSDK/Libraries/PeriphDrivers/bin/MAX32670/softfp/libPeriphDriver_softfp.a(spi_me15.o)
                0x100025f4                MXC_SPI_GetRXFIFOAvailable
 .text.MXC_SPI_WriteTXFIFO
                0x100025f8        0x4 C:/MaximSDK/Libraries/PeriphDrivers/bin/MAX32670/softfp/libPeriphDriver_softfp.a(spi_me15.o)
                0x100025f8                MXC_SPI_WriteTXFIFO
 .text.MXC_SPI_GetTXFIFOAvailable
                0x100025fc        0x4 C:/MaximSDK/Libraries/PeriphDrivers/bin/MAX32670/softfp/libPeriphDriver_softfp.a(spi_me15.o)
                0x100025fc                MXC_SPI_GetTXFIFOAvailable
 .text.MXC_SPI_SetRXThreshold
                0x10002600        0x4 C:/MaximSDK/Libraries/PeriphDrivers/bin/MAX32670/softfp/libPeriphDriver_softfp.a(spi_me15.o)
                0x10002600                MXC_SPI_SetRXThreshold
 .text.MXC_SPI_SetTXThreshold
                0x10002604        0x4 C:/MaximSDK/Libraries/PeriphDrivers/bin/MAX32670/softfp/libPeriphDriver_softfp.a(spi_me15.o)
                0x10002604                MXC_SPI_SetTXThreshold
 .text.MXC_SPI_MasterTransaction
                0x10002608        0x4 C:/MaximSDK/Libraries/PeriphDrivers/bin/MAX32670/softfp/libPeriphDriver_softfp.a(spi_me15.o)
                0x10002608                MXC_SPI_MasterTransaction
 .text.MXC_SPI_RevA_TransSetup
                0x1000260c      0x18c C:/MaximSDK/Libraries/PeriphDrivers/bin/MAX32670/softfp/libPeriphDriver_softfp.a(spi_reva.o)
 .text.MXC_SPI_RevA_TransHandler
                0x10002798      0x154 C:/MaximSDK/Libraries/PeriphDrivers/bin/MAX32670/softfp/libPeriphDriver_softfp.a(spi_reva.o)
 .text.MXC_SPI_RevA_MasterTransHandler
                0x100028ec       0x70 C:/MaximSDK/Libraries/PeriphDrivers/bin/MAX32670/softfp/libPeriphDriver_softfp.a(spi_reva.o)
 .text.MXC_SPI_RevA_Init
                0x1000295c       0xfc C:/MaximSDK/Libraries/PeriphDrivers/bin/MAX32670/softfp/libPeriphDriver_softfp.a(spi_reva.o)
                0x1000295c                MXC_SPI_RevA_Init
 .text.MXC_SPI_RevA_SetFrequency
                0x10002a58       0x70 C:/MaximSDK/Libraries/PeriphDrivers/bin/MAX32670/softfp/libPeriphDriver_softfp.a(spi_reva.o)
                0x10002a58                MXC_SPI_RevA_SetFrequency
 .text.MXC_SPI_RevA_SetDataSize
                0x10002ac8       0xa4 C:/MaximSDK/Libraries/PeriphDrivers/bin/MAX32670/softfp/libPeriphDriver_softfp.a(spi_reva.o)
                0x10002ac8                MXC_SPI_RevA_SetDataSize
 .text.MXC_SPI_RevA_GetDataSize
                0x10002b6c       0x44 C:/MaximSDK/Libraries/PeriphDrivers/bin/MAX32670/softfp/libPeriphDriver_softfp.a(spi_reva.o)
                0x10002b6c                MXC_SPI_RevA_GetDataSize
 .text.MXC_SPI_RevA_SetSlave
                0x10002bb0       0x68 C:/MaximSDK/Libraries/PeriphDrivers/bin/MAX32670/softfp/libPeriphDriver_softfp.a(spi_reva.o)
                0x10002bb0                MXC_SPI_RevA_SetSlave
 .text.MXC_SPI_RevA_GetWidth
                0x10002c18       0x22 C:/MaximSDK/Libraries/PeriphDrivers/bin/MAX32670/softfp/libPeriphDriver_softfp.a(spi_reva.o)
                0x10002c18                MXC_SPI_RevA_GetWidth
 *fill*         0x10002c3a        0x2 
 .text.MXC_SPI_RevA_SetMode
                0x10002c3c       0x74 C:/MaximSDK/Libraries/PeriphDrivers/bin/MAX32670/softfp/libPeriphDriver_softfp.a(spi_reva.o)
                0x10002c3c                MXC_SPI_RevA_SetMode
 .text.MXC_SPI_RevA_StartTransmission
                0x10002cb0       0x48 C:/MaximSDK/Libraries/PeriphDrivers/bin/MAX32670/softfp/libPeriphDriver_softfp.a(spi_reva.o)
                0x10002cb0                MXC_SPI_RevA_StartTransmission
 .text.MXC_SPI_RevA_GetActive
                0x10002cf8       0x10 C:/MaximSDK/Libraries/PeriphDrivers/bin/MAX32670/softfp/libPeriphDriver_softfp.a(spi_reva.o)
                0x10002cf8                MXC_SPI_RevA_GetActive
 .text.MXC_SPI_RevA_ReadRXFIFO
                0x10002d08       0x98 C:/MaximSDK/Libraries/PeriphDrivers/bin/MAX32670/softfp/libPeriphDriver_softfp.a(spi_reva.o)
                0x10002d08                MXC_SPI_RevA_ReadRXFIFO
 .text.MXC_SPI_RevA_GetRXFIFOAvailable
                0x10002da0        0x8 C:/MaximSDK/Libraries/PeriphDrivers/bin/MAX32670/softfp/libPeriphDriver_softfp.a(spi_reva.o)
                0x10002da0                MXC_SPI_RevA_GetRXFIFOAvailable
 .text.MXC_SPI_RevA_WriteTXFIFO
                0x10002da8       0x8c C:/MaximSDK/Libraries/PeriphDrivers/bin/MAX32670/softfp/libPeriphDriver_softfp.a(spi_reva.o)
                0x10002da8                MXC_SPI_RevA_WriteTXFIFO
 .text.MXC_SPI_RevA_GetTXFIFOAvailable
                0x10002e34       0x40 C:/MaximSDK/Libraries/PeriphDrivers/bin/MAX32670/softfp/libPeriphDriver_softfp.a(spi_reva.o)
                0x10002e34                MXC_SPI_RevA_GetTXFIFOAvailable
 .text.MXC_SPI_RevA_SetRXThreshold
                0x10002e74       0x54 C:/MaximSDK/Libraries/PeriphDrivers/bin/MAX32670/softfp/libPeriphDriver_softfp.a(spi_reva.o)
                0x10002e74                MXC_SPI_RevA_SetRXThreshold
 .text.MXC_SPI_RevA_SetTXThreshold
                0x10002ec8       0x50 C:/MaximSDK/Libraries/PeriphDrivers/bin/MAX32670/softfp/libPeriphDriver_softfp.a(spi_reva.o)
                0x10002ec8                MXC_SPI_RevA_SetTXThreshold
 .text.MXC_SPI_RevA_MasterTransaction
                0x10002f18       0x60 C:/MaximSDK/Libraries/PeriphDrivers/bin/MAX32670/softfp/libPeriphDriver_softfp.a(spi_reva.o)
                0x10002f18                MXC_SPI_RevA_MasterTransaction
 .text.MXC_UART_Shutdown
                0x10002f78       0x70 C:/MaximSDK/Libraries/PeriphDrivers/bin/MAX32670/softfp/libPeriphDriver_softfp.a(uart_me15.o)
                0x10002f78                MXC_UART_Shutdown
 .text.MXC_UART_Init
                0x10002fe8       0xd8 C:/MaximSDK/Libraries/PeriphDrivers/bin/MAX32670/softfp/libPeriphDriver_softfp.a(uart_me15.o)
                0x10002fe8                MXC_UART_Init
 .text.MXC_UART_GetFrequency
                0x100030c0       0x98 C:/MaximSDK/Libraries/PeriphDrivers/bin/MAX32670/softfp/libPeriphDriver_softfp.a(uart_me15.o)
                0x100030c0                MXC_UART_GetFrequency
 .text.MXC_UART_SetFrequency
                0x10003158       0xfc C:/MaximSDK/Libraries/PeriphDrivers/bin/MAX32670/softfp/libPeriphDriver_softfp.a(uart_me15.o)
                0x10003158                MXC_UART_SetFrequency
 .text.MXC_UART_SetDataSize
                0x10003254        0x4 C:/MaximSDK/Libraries/PeriphDrivers/bin/MAX32670/softfp/libPeriphDriver_softfp.a(uart_me15.o)
                0x10003254                MXC_UART_SetDataSize
 .text.MXC_UART_SetStopBits
                0x10003258        0x4 C:/MaximSDK/Libraries/PeriphDrivers/bin/MAX32670/softfp/libPeriphDriver_softfp.a(uart_me15.o)
                0x10003258                MXC_UART_SetStopBits
 .text.MXC_UART_SetParity
                0x1000325c        0x4 C:/MaximSDK/Libraries/PeriphDrivers/bin/MAX32670/softfp/libPeriphDriver_softfp.a(uart_me15.o)
                0x1000325c                MXC_UART_SetParity
 .text.MXC_UART_ReadCharacterRaw
                0x10003260        0x4 C:/MaximSDK/Libraries/PeriphDrivers/bin/MAX32670/softfp/libPeriphDriver_softfp.a(uart_me15.o)
                0x10003260                MXC_UART_ReadCharacterRaw
 .text.MXC_UART_WriteCharacterRaw
                0x10003264        0x4 C:/MaximSDK/Libraries/PeriphDrivers/bin/MAX32670/softfp/libPeriphDriver_softfp.a(uart_me15.o)
                0x10003264                MXC_UART_WriteCharacterRaw
 .text.MXC_UART_ReadCharacter
                0x10003268        0x4 C:/MaximSDK/Libraries/PeriphDrivers/bin/MAX32670/softfp/libPeriphDriver_softfp.a(uart_me15.o)
                0x10003268                MXC_UART_ReadCharacter
 .text.MXC_UART_WriteCharacter
                0x1000326c        0x4 C:/MaximSDK/Libraries/PeriphDrivers/bin/MAX32670/softfp/libPeriphDriver_softfp.a(uart_me15.o)
                0x1000326c                MXC_UART_WriteCharacter
 .text.MXC_UART_GetRXFIFOAvailable
                0x10003270        0x4 C:/MaximSDK/Libraries/PeriphDrivers/bin/MAX32670/softfp/libPeriphDriver_softfp.a(uart_me15.o)
                0x10003270                MXC_UART_GetRXFIFOAvailable
 .text.MXC_UART_GetTXFIFOAvailable
                0x10003274        0x4 C:/MaximSDK/Libraries/PeriphDrivers/bin/MAX32670/softfp/libPeriphDriver_softfp.a(uart_me15.o)
                0x10003274                MXC_UART_GetTXFIFOAvailable
 .text.MXC_UART_SetRXThreshold
                0x10003278        0x4 C:/MaximSDK/Libraries/PeriphDrivers/bin/MAX32670/softfp/libPeriphDriver_softfp.a(uart_me15.o)
                0x10003278                MXC_UART_SetRXThreshold
 .text.MXC_UART_RevB_Init
                0x1000327c       0x6c C:/MaximSDK/Libraries/PeriphDrivers/bin/MAX32670/softfp/libPeriphDriver_softfp.a(uart_revb.o)
                0x1000327c                MXC_UART_RevB_Init
 .text.MXC_UART_RevB_SetFrequency
                0x100032e8       0xa8 C:/MaximSDK/Libraries/PeriphDrivers/bin/MAX32670/softfp/libPeriphDriver_softfp.a(uart_revb.o)
                0x100032e8                MXC_UART_RevB_SetFrequency
 .text.MXC_UART_RevB_GetFrequency
                0x10003390       0x80 C:/MaximSDK/Libraries/PeriphDrivers/bin/MAX32670/softfp/libPeriphDriver_softfp.a(uart_revb.o)
                0x10003390                MXC_UART_RevB_GetFrequency
 .text.MXC_UART_RevB_SetDataSize
                0x10003410       0x44 C:/MaximSDK/Libraries/PeriphDrivers/bin/MAX32670/softfp/libPeriphDriver_softfp.a(uart_revb.o)
                0x10003410                MXC_UART_RevB_SetDataSize
 .text.MXC_UART_RevB_SetStopBits
                0x10003454       0x48 C:/MaximSDK/Libraries/PeriphDrivers/bin/MAX32670/softfp/libPeriphDriver_softfp.a(uart_revb.o)
                0x10003454                MXC_UART_RevB_SetStopBits
 .text.MXC_UART_RevB_SetParity
                0x1000349c       0x98 C:/MaximSDK/Libraries/PeriphDrivers/bin/MAX32670/softfp/libPeriphDriver_softfp.a(uart_revb.o)
                0x1000349c                MXC_UART_RevB_SetParity
 .text.MXC_UART_RevB_ReadCharacterRaw
                0x10003534       0x3c C:/MaximSDK/Libraries/PeriphDrivers/bin/MAX32670/softfp/libPeriphDriver_softfp.a(uart_revb.o)
                0x10003534                MXC_UART_RevB_ReadCharacterRaw
 .text.MXC_UART_RevB_WriteCharacterRaw
                0x10003570       0x40 C:/MaximSDK/Libraries/PeriphDrivers/bin/MAX32670/softfp/libPeriphDriver_softfp.a(uart_revb.o)
                0x10003570                MXC_UART_RevB_WriteCharacterRaw
 .text.MXC_UART_RevB_GetRXFIFOAvailable
                0x100035b0        0x8 C:/MaximSDK/Libraries/PeriphDrivers/bin/MAX32670/softfp/libPeriphDriver_softfp.a(uart_revb.o)
                0x100035b0                MXC_UART_RevB_GetRXFIFOAvailable
 .text.MXC_UART_RevB_GetTXFIFOAvailable
                0x100035b8        0xc C:/MaximSDK/Libraries/PeriphDrivers/bin/MAX32670/softfp/libPeriphDriver_softfp.a(uart_revb.o)
                0x100035b8                MXC_UART_RevB_GetTXFIFOAvailable
 .text.MXC_UART_RevB_SetRXThreshold
                0x100035c4       0x40 C:/MaximSDK/Libraries/PeriphDrivers/bin/MAX32670/softfp/libPeriphDriver_softfp.a(uart_revb.o)
                0x100035c4                MXC_UART_RevB_SetRXThreshold
 .text.MXC_FreeLock
                0x10003604        0xa C:/MaximSDK/Libraries/PeriphDrivers/bin/MAX32670/softfp/libPeriphDriver_softfp.a(mxc_lock.o)
                0x10003604                MXC_FreeLock
 *fill*         0x1000360e        0x2 
 .text.MXC_GPIO_Common_Handler
                0x10003610       0x6c C:/MaximSDK/Libraries/PeriphDrivers/bin/MAX32670/softfp/libPeriphDriver_softfp.a(gpio_common.o)
                0x10003610                MXC_GPIO_Common_Handler
 .text.MXC_UART_Common_ReadCharacter
                0x1000367c       0x18 C:/MaximSDK/Libraries/PeriphDrivers/bin/MAX32670/softfp/libPeriphDriver_softfp.a(uart_common.o)
                0x1000367c                MXC_UART_Common_ReadCharacter
 .text.MXC_UART_Common_WriteCharacter
                0x10003694       0x1e C:/MaximSDK/Libraries/PeriphDrivers/bin/MAX32670/softfp/libPeriphDriver_softfp.a(uart_common.o)
                0x10003694                MXC_UART_Common_WriteCharacter
 *fill*         0x100036b2        0x2 
 .text.calloc   0x100036b4       0x18 c:/maximsdk/tools/gnutools/10.3/bin/../lib/gcc/arm-none-eabi/10.3.1/../../../../arm-none-eabi/lib/thumb/v7e-m+fp/softfp\libc.a(lib_a-calloc.o)
                0x100036b4                calloc
 .text._calloc_r
                0x100036cc       0x78 c:/maximsdk/tools/gnutools/10.3/bin/../lib/gcc/arm-none-eabi/10.3.1/../../../../arm-none-eabi/lib/thumb/v7e-m+fp/softfp\libc.a(lib_a-callocr.o)
                0x100036cc                _calloc_r
 .text.__errno  0x10003744        0xc c:/maximsdk/tools/gnutools/10.3/bin/../lib/gcc/arm-none-eabi/10.3.1/../../../../arm-none-eabi/lib/thumb/v7e-m+fp/softfp\libc.a(lib_a-errno.o)
                0x10003744                __errno
 .text.__sflush_r
                0x10003750      0x130 c:/maximsdk/tools/gnutools/10.3/bin/../lib/gcc/arm-none-eabi/10.3.1/../../../../arm-none-eabi/lib/thumb/v7e-m+fp/softfp\libc.a(lib_a-fflush.o)
                0x10003750                __sflush_r
 .text._fflush_r
                0x10003880       0x5c c:/maximsdk/tools/gnutools/10.3/bin/../lib/gcc/arm-none-eabi/10.3.1/../../../../arm-none-eabi/lib/thumb/v7e-m+fp/softfp\libc.a(lib_a-fflush.o)
                0x10003880                _fflush_r
 .text.fflush   0x100038dc       0x74 c:/maximsdk/tools/gnutools/10.3/bin/../lib/gcc/arm-none-eabi/10.3.1/../../../../arm-none-eabi/lib/thumb/v7e-m+fp/softfp\libc.a(lib_a-fflush.o)
                0x100038dc                fflush
 .text._cleanup_r
                0x10003950        0xc c:/maximsdk/tools/gnutools/10.3/bin/../lib/gcc/arm-none-eabi/10.3.1/../../../../arm-none-eabi/lib/thumb/v7e-m+fp/softfp\libc.a(lib_a-findfp.o)
                0x10003950                _cleanup_r
 .text.__sinit  0x1000395c      0x10c c:/maximsdk/tools/gnutools/10.3/bin/../lib/gcc/arm-none-eabi/10.3.1/../../../../arm-none-eabi/lib/thumb/v7e-m+fp/softfp\libc.a(lib_a-findfp.o)
                0x1000395c                __sinit
 .text.__sfp_lock_acquire
                0x10003a68        0xc c:/maximsdk/tools/gnutools/10.3/bin/../lib/gcc/arm-none-eabi/10.3.1/../../../../arm-none-eabi/lib/thumb/v7e-m+fp/softfp\libc.a(lib_a-findfp.o)
                0x10003a68                __sfp_lock_acquire
 .text.__sfp_lock_release
                0x10003a74        0xc c:/maximsdk/tools/gnutools/10.3/bin/../lib/gcc/arm-none-eabi/10.3.1/../../../../arm-none-eabi/lib/thumb/v7e-m+fp/softfp\libc.a(lib_a-findfp.o)
                0x10003a74                __sfp_lock_release
 .text._malloc_trim_r
                0x10003a80       0xa0 c:/maximsdk/tools/gnutools/10.3/bin/../lib/gcc/arm-none-eabi/10.3.1/../../../../arm-none-eabi/lib/thumb/v7e-m+fp/softfp\libc.a(lib_a-freer.o)
                0x10003a80                _malloc_trim_r
 .text._free_r  0x10003b20      0x20c c:/maximsdk/tools/gnutools/10.3/bin/../lib/gcc/arm-none-eabi/10.3.1/../../../../arm-none-eabi/lib/thumb/v7e-m+fp/softfp\libc.a(lib_a-freer.o)
                0x10003b20                _free_r
 .text._fwalk   0x10003d2c       0x40 c:/maximsdk/tools/gnutools/10.3/bin/../lib/gcc/arm-none-eabi/10.3.1/../../../../arm-none-eabi/lib/thumb/v7e-m+fp/softfp\libc.a(lib_a-fwalk.o)
                0x10003d2c                _fwalk
 .text._fwalk_reent
                0x10003d6c       0x48 c:/maximsdk/tools/gnutools/10.3/bin/../lib/gcc/arm-none-eabi/10.3.1/../../../../arm-none-eabi/lib/thumb/v7e-m+fp/softfp\libc.a(lib_a-fwalk.o)
                0x10003d6c                _fwalk_reent
 .text.__libc_init_array
                0x10003db4       0x48 c:/maximsdk/tools/gnutools/10.3/bin/../lib/gcc/arm-none-eabi/10.3.1/../../../../arm-none-eabi/lib/thumb/v7e-m+fp/softfp\libc.a(lib_a-init.o)
                0x10003db4                __libc_init_array
 .text.__retarget_lock_init_recursive
                0x10003dfc        0x4 c:/maximsdk/tools/gnutools/10.3/bin/../lib/gcc/arm-none-eabi/10.3.1/../../../../arm-none-eabi/lib/thumb/v7e-m+fp/softfp\libc.a(lib_a-lock.o)
                0x10003dfc                __retarget_lock_init_recursive
 .text.__retarget_lock_close_recursive
                0x10003e00        0x4 c:/maximsdk/tools/gnutools/10.3/bin/../lib/gcc/arm-none-eabi/10.3.1/../../../../arm-none-eabi/lib/thumb/v7e-m+fp/softfp\libc.a(lib_a-lock.o)
                0x10003e00                __retarget_lock_close_recursive
 .text.__retarget_lock_acquire_recursive
                0x10003e04        0x4 c:/maximsdk/tools/gnutools/10.3/bin/../lib/gcc/arm-none-eabi/10.3.1/../../../../arm-none-eabi/lib/thumb/v7e-m+fp/softfp\libc.a(lib_a-lock.o)
                0x10003e04                __retarget_lock_acquire_recursive
 .text.__retarget_lock_release_recursive
                0x10003e08        0x4 c:/maximsdk/tools/gnutools/10.3/bin/../lib/gcc/arm-none-eabi/10.3.1/../../../../arm-none-eabi/lib/thumb/v7e-m+fp/softfp\libc.a(lib_a-lock.o)
                0x10003e08                __retarget_lock_release_recursive
 .text.malloc   0x10003e0c       0x10 c:/maximsdk/tools/gnutools/10.3/bin/../lib/gcc/arm-none-eabi/10.3.1/../../../../arm-none-eabi/lib/thumb/v7e-m+fp/softfp\libc.a(lib_a-malloc.o)
                0x10003e0c                malloc
 .text.free     0x10003e1c       0x10 c:/maximsdk/tools/gnutools/10.3/bin/../lib/gcc/arm-none-eabi/10.3.1/../../../../arm-none-eabi/lib/thumb/v7e-m+fp/softfp\libc.a(lib_a-malloc.o)
                0x10003e1c                free
 .text._malloc_r
                0x10003e2c      0x560 c:/maximsdk/tools/gnutools/10.3/bin/../lib/gcc/arm-none-eabi/10.3.1/../../../../arm-none-eabi/lib/thumb/v7e-m+fp/softfp\libc.a(lib_a-mallocr.o)
                0x10003e2c                _malloc_r
 .text          0x1000438c      0x134 c:/maximsdk/tools/gnutools/10.3/bin/../lib/gcc/arm-none-eabi/10.3.1/../../../../arm-none-eabi/lib/thumb/v7e-m+fp/softfp\libc.a(lib_a-memcpy.o)
                0x1000438c                memcpy
 .text.memset   0x100044c0       0xa4 c:/maximsdk/tools/gnutools/10.3/bin/../lib/gcc/arm-none-eabi/10.3.1/../../../../arm-none-eabi/lib/thumb/v7e-m+fp/softfp\libc.a(lib_a-memset.o)
                0x100044c0                memset
 .text.__malloc_lock
                0x10004564        0xc c:/maximsdk/tools/gnutools/10.3/bin/../lib/gcc/arm-none-eabi/10.3.1/../../../../arm-none-eabi/lib/thumb/v7e-m+fp/softfp\libc.a(lib_a-mlock.o)
                0x10004564                __malloc_lock
 .text.__malloc_unlock
                0x10004570        0xc c:/maximsdk/tools/gnutools/10.3/bin/../lib/gcc/arm-none-eabi/10.3.1/../../../../arm-none-eabi/lib/thumb/v7e-m+fp/softfp\libc.a(lib_a-mlock.o)
                0x10004570                __malloc_unlock
 .text.printf   0x1000457c       0x28 c:/maximsdk/tools/gnutools/10.3/bin/../lib/gcc/arm-none-eabi/10.3.1/../../../../arm-none-eabi/lib/thumb/v7e-m+fp/softfp\libc.a(lib_a-printf.o)
                0x1000457c                printf
 .text.putchar  0x100045a4       0x10 c:/maximsdk/tools/gnutools/10.3/bin/../lib/gcc/arm-none-eabi/10.3.1/../../../../arm-none-eabi/lib/thumb/v7e-m+fp/softfp\libc.a(lib_a-putchar.o)
                0x100045a4                putchar
 .text._puts_r  0x100045b4       0x9c c:/maximsdk/tools/gnutools/10.3/bin/../lib/gcc/arm-none-eabi/10.3.1/../../../../arm-none-eabi/lib/thumb/v7e-m+fp/softfp\libc.a(lib_a-puts.o)
                0x100045b4                _puts_r
 .text.puts     0x10004650       0x10 c:/maximsdk/tools/gnutools/10.3/bin/../lib/gcc/arm-none-eabi/10.3.1/../../../../arm-none-eabi/lib/thumb/v7e-m+fp/softfp\libc.a(lib_a-puts.o)
                0x10004650                puts
 .text._sbrk_r  0x10004660       0x24 c:/maximsdk/tools/gnutools/10.3/bin/../lib/gcc/arm-none-eabi/10.3.1/../../../../arm-none-eabi/lib/thumb/v7e-m+fp/softfp\libc.a(lib_a-sbrkr.o)
                0x10004660                _sbrk_r
 .text.scanf    0x10004684       0x28 c:/maximsdk/tools/gnutools/10.3/bin/../lib/gcc/arm-none-eabi/10.3.1/../../../../arm-none-eabi/lib/thumb/v7e-m+fp/softfp\libc.a(lib_a-scanf.o)
                0x10004684                scanf
 .text.__sread  0x100046ac       0x24 c:/maximsdk/tools/gnutools/10.3/bin/../lib/gcc/arm-none-eabi/10.3.1/../../../../arm-none-eabi/lib/thumb/v7e-m+fp/softfp\libc.a(lib_a-stdio.o)
                0x100046ac                __sread
 .text.__swrite
                0x100046d0       0x40 c:/maximsdk/tools/gnutools/10.3/bin/../lib/gcc/arm-none-eabi/10.3.1/../../../../arm-none-eabi/lib/thumb/v7e-m+fp/softfp\libc.a(lib_a-stdio.o)
                0x100046d0                __swrite
 .text.__sseek  0x10004710       0x20 c:/maximsdk/tools/gnutools/10.3/bin/../lib/gcc/arm-none-eabi/10.3.1/../../../../arm-none-eabi/lib/thumb/v7e-m+fp/softfp\libc.a(lib_a-stdio.o)
                0x10004710                __sseek
 .text.__sclose
                0x10004730        0x8 c:/maximsdk/tools/gnutools/10.3/bin/../lib/gcc/arm-none-eabi/10.3.1/../../../../arm-none-eabi/lib/thumb/v7e-m+fp/softfp\libc.a(lib_a-stdio.o)
                0x10004730                __sclose
 *fill*         0x10004738        0x8 
 .text          0x10004740       0xdc c:/maximsdk/tools/gnutools/10.3/bin/../lib/gcc/arm-none-eabi/10.3.1/../../../../arm-none-eabi/lib/thumb/v7e-m+fp/softfp\libc.a(lib_a-strlen.o)
                0x10004740                strlen
 *fill*         0x1000481c        0x4 
 .text._vfprintf_r
                0x10004820     0x1b8c c:/maximsdk/tools/gnutools/10.3/bin/../lib/gcc/arm-none-eabi/10.3.1/../../../../arm-none-eabi/lib/thumb/v7e-m+fp/softfp\libc.a(lib_a-vfprintf.o)
                0x10004820                _vfprintf_r
 .text.__sbprintf
                0x100063ac       0x80 c:/maximsdk/tools/gnutools/10.3/bin/../lib/gcc/arm-none-eabi/10.3.1/../../../../arm-none-eabi/lib/thumb/v7e-m+fp/softfp\libc.a(lib_a-vfprintf.o)
 .text.__svfscanf_r
                0x1000642c     0x17cc c:/maximsdk/tools/gnutools/10.3/bin/../lib/gcc/arm-none-eabi/10.3.1/../../../../arm-none-eabi/lib/thumb/v7e-m+fp/softfp\libc.a(lib_a-vfscanf.o)
                0x1000642c                __svfscanf_r
 .text._vfscanf_r
                0x10007bf8       0x34 c:/maximsdk/tools/gnutools/10.3/bin/../lib/gcc/arm-none-eabi/10.3.1/../../../../arm-none-eabi/lib/thumb/v7e-m+fp/softfp\libc.a(lib_a-vfscanf.o)
                0x10007bf8                _vfscanf_r
 .text._write_r
                0x10007c2c       0x2c c:/maximsdk/tools/gnutools/10.3/bin/../lib/gcc/arm-none-eabi/10.3.1/../../../../arm-none-eabi/lib/thumb/v7e-m+fp/softfp\libc.a(lib_a-writer.o)
                0x10007c2c                _write_r
 .text.__swsetup_r
                0x10007c58       0xd4 c:/maximsdk/tools/gnutools/10.3/bin/../lib/gcc/arm-none-eabi/10.3.1/../../../../arm-none-eabi/lib/thumb/v7e-m+fp/softfp\libc.a(lib_a-wsetup.o)
                0x10007c58                __swsetup_r
 .text.startup.register_fini
                0x10007d2c       0x14 c:/maximsdk/tools/gnutools/10.3/bin/../lib/gcc/arm-none-eabi/10.3.1/../../../../arm-none-eabi/lib/thumb/v7e-m+fp/softfp\libc.a(lib_a-__call_atexit.o)
 .text.atexit   0x10007d40        0xc c:/maximsdk/tools/gnutools/10.3/bin/../lib/gcc/arm-none-eabi/10.3.1/../../../../arm-none-eabi/lib/thumb/v7e-m+fp/softfp\libc.a(lib_a-atexit.o)
                0x10007d40                atexit
 .text._close_r
                0x10007d4c       0x24 c:/maximsdk/tools/gnutools/10.3/bin/../lib/gcc/arm-none-eabi/10.3.1/../../../../arm-none-eabi/lib/thumb/v7e-m+fp/softfp\libc.a(lib_a-closer.o)
                0x10007d4c                _close_r
 .text.quorem   0x10007d70      0x128 c:/maximsdk/tools/gnutools/10.3/bin/../lib/gcc/arm-none-eabi/10.3.1/../../../../arm-none-eabi/lib/thumb/v7e-m+fp/softfp\libc.a(lib_a-dtoa.o)
 .text._dtoa_r  0x10007e98      0xf34 c:/maximsdk/tools/gnutools/10.3/bin/../lib/gcc/arm-none-eabi/10.3.1/../../../../arm-none-eabi/lib/thumb/v7e-m+fp/softfp\libc.a(lib_a-dtoa.o)
                0x10007e98                _dtoa_r
 .text._fclose_r
                0x10008dcc       0xcc c:/maximsdk/tools/gnutools/10.3/bin/../lib/gcc/arm-none-eabi/10.3.1/../../../../arm-none-eabi/lib/thumb/v7e-m+fp/softfp\libc.a(lib_a-fclose.o)
                0x10008dcc                _fclose_r
 .text.__libc_fini_array
                0x10008e98       0x2c c:/maximsdk/tools/gnutools/10.3/bin/../lib/gcc/arm-none-eabi/10.3.1/../../../../arm-none-eabi/lib/thumb/v7e-m+fp/softfp\libc.a(lib_a-fini.o)
                0x10008e98                __libc_fini_array
 .text._fread_r
                0x10008ec4      0x1b4 c:/maximsdk/tools/gnutools/10.3/bin/../lib/gcc/arm-none-eabi/10.3.1/../../../../arm-none-eabi/lib/thumb/v7e-m+fp/softfp\libc.a(lib_a-fread.o)
                0x10008ec4                _fread_r
 .text.__sfvwrite_r
                0x10009078      0x2f0 c:/maximsdk/tools/gnutools/10.3/bin/../lib/gcc/arm-none-eabi/10.3.1/../../../../arm-none-eabi/lib/thumb/v7e-m+fp/softfp\libc.a(lib_a-fvwrite.o)
                0x10009078                __sfvwrite_r
 .text.iswspace
                0x10009368        0x8 c:/maximsdk/tools/gnutools/10.3/bin/../lib/gcc/arm-none-eabi/10.3.1/../../../../arm-none-eabi/lib/thumb/v7e-m+fp/softfp\libc.a(lib_a-iswspace.o)
                0x10009368                iswspace
 .text.iswspace_l
                0x10009370       0x14 c:/maximsdk/tools/gnutools/10.3/bin/../lib/gcc/arm-none-eabi/10.3.1/../../../../arm-none-eabi/lib/thumb/v7e-m+fp/softfp\libc.a(lib_a-iswspace_l.o)
                0x10009370                iswspace_l
 .text.__locale_mb_cur_max
                0x10009384        0xc c:/maximsdk/tools/gnutools/10.3/bin/../lib/gcc/arm-none-eabi/10.3.1/../../../../arm-none-eabi/lib/thumb/v7e-m+fp/softfp\libc.a(lib_a-locale.o)
                0x10009384                __locale_mb_cur_max
 .text._localeconv_r
                0x10009390        0x8 c:/maximsdk/tools/gnutools/10.3/bin/../lib/gcc/arm-none-eabi/10.3.1/../../../../arm-none-eabi/lib/thumb/v7e-m+fp/softfp\libc.a(lib_a-localeconv.o)
                0x10009390                _localeconv_r
 .text._lseek_r
                0x10009398       0x2c c:/maximsdk/tools/gnutools/10.3/bin/../lib/gcc/arm-none-eabi/10.3.1/../../../../arm-none-eabi/lib/thumb/v7e-m+fp/softfp\libc.a(lib_a-lseekr.o)
                0x10009398                _lseek_r
 .text.__smakebuf_r
                0x100093c4       0xe0 c:/maximsdk/tools/gnutools/10.3/bin/../lib/gcc/arm-none-eabi/10.3.1/../../../../arm-none-eabi/lib/thumb/v7e-m+fp/softfp\libc.a(lib_a-makebuf.o)
                0x100093c4                __smakebuf_r
 .text._mbrtowc_r
                0x100094a4       0x44 c:/maximsdk/tools/gnutools/10.3/bin/../lib/gcc/arm-none-eabi/10.3.1/../../../../arm-none-eabi/lib/thumb/v7e-m+fp/softfp\libc.a(lib_a-mbrtowc.o)
                0x100094a4                _mbrtowc_r
 .text.__ascii_mbtowc
                0x100094e8       0x2c c:/maximsdk/tools/gnutools/10.3/bin/../lib/gcc/arm-none-eabi/10.3.1/../../../../arm-none-eabi/lib/thumb/v7e-m+fp/softfp\libc.a(lib_a-mbtowc_r.o)
                0x100094e8                __ascii_mbtowc
 *fill*         0x10009514        0xc 
 .text          0x10009520       0xa0 c:/maximsdk/tools/gnutools/10.3/bin/../lib/gcc/arm-none-eabi/10.3.1/../../../../arm-none-eabi/lib/thumb/v7e-m+fp/softfp\libc.a(lib_a-memchr.o)
                0x10009520                memchr
 .text.memmove  0x100095c0       0xf8 c:/maximsdk/tools/gnutools/10.3/bin/../lib/gcc/arm-none-eabi/10.3.1/../../../../arm-none-eabi/lib/thumb/v7e-m+fp/softfp\libc.a(lib_a-memmove.o)
                0x100095c0                memmove
 .text._Balloc  0x100096b8       0x4c c:/maximsdk/tools/gnutools/10.3/bin/../lib/gcc/arm-none-eabi/10.3.1/../../../../arm-none-eabi/lib/thumb/v7e-m+fp/softfp\libc.a(lib_a-mprec.o)
                0x100096b8                _Balloc
 .text._Bfree   0x10009704       0x14 c:/maximsdk/tools/gnutools/10.3/bin/../lib/gcc/arm-none-eabi/10.3.1/../../../../arm-none-eabi/lib/thumb/v7e-m+fp/softfp\libc.a(lib_a-mprec.o)
                0x10009704                _Bfree
 .text.__multadd
                0x10009718       0xa8 c:/maximsdk/tools/gnutools/10.3/bin/../lib/gcc/arm-none-eabi/10.3.1/../../../../arm-none-eabi/lib/thumb/v7e-m+fp/softfp\libc.a(lib_a-mprec.o)
                0x10009718                __multadd
 .text.__s2b    0x100097c0       0xb4 c:/maximsdk/tools/gnutools/10.3/bin/../lib/gcc/arm-none-eabi/10.3.1/../../../../arm-none-eabi/lib/thumb/v7e-m+fp/softfp\libc.a(lib_a-mprec.o)
                0x100097c0                __s2b
 .text.__hi0bits
                0x10009874       0x40 c:/maximsdk/tools/gnutools/10.3/bin/../lib/gcc/arm-none-eabi/10.3.1/../../../../arm-none-eabi/lib/thumb/v7e-m+fp/softfp\libc.a(lib_a-mprec.o)
                0x10009874                __hi0bits
 .text.__lo0bits
                0x100098b4       0x60 c:/maximsdk/tools/gnutools/10.3/bin/../lib/gcc/arm-none-eabi/10.3.1/../../../../arm-none-eabi/lib/thumb/v7e-m+fp/softfp\libc.a(lib_a-mprec.o)
                0x100098b4                __lo0bits
 .text.__i2b    0x10009914       0x5c c:/maximsdk/tools/gnutools/10.3/bin/../lib/gcc/arm-none-eabi/10.3.1/../../../../arm-none-eabi/lib/thumb/v7e-m+fp/softfp\libc.a(lib_a-mprec.o)
                0x10009914                __i2b
 .text.__multiply
                0x10009970      0x15c c:/maximsdk/tools/gnutools/10.3/bin/../lib/gcc/arm-none-eabi/10.3.1/../../../../arm-none-eabi/lib/thumb/v7e-m+fp/softfp\libc.a(lib_a-mprec.o)
                0x10009970                __multiply
 .text.__pow5mult
                0x10009acc       0xc0 c:/maximsdk/tools/gnutools/10.3/bin/../lib/gcc/arm-none-eabi/10.3.1/../../../../arm-none-eabi/lib/thumb/v7e-m+fp/softfp\libc.a(lib_a-mprec.o)
                0x10009acc                __pow5mult
 .text.__lshift
                0x10009b8c       0xf0 c:/maximsdk/tools/gnutools/10.3/bin/../lib/gcc/arm-none-eabi/10.3.1/../../../../arm-none-eabi/lib/thumb/v7e-m+fp/softfp\libc.a(lib_a-mprec.o)
                0x10009b8c                __lshift
 .text.__mcmp   0x10009c7c       0x44 c:/maximsdk/tools/gnutools/10.3/bin/../lib/gcc/arm-none-eabi/10.3.1/../../../../arm-none-eabi/lib/thumb/v7e-m+fp/softfp\libc.a(lib_a-mprec.o)
                0x10009c7c                __mcmp
 .text.__mdiff  0x10009cc0      0x14c c:/maximsdk/tools/gnutools/10.3/bin/../lib/gcc/arm-none-eabi/10.3.1/../../../../arm-none-eabi/lib/thumb/v7e-m+fp/softfp\libc.a(lib_a-mprec.o)
                0x10009cc0                __mdiff
 .text.__ulp    0x10009e0c       0x44 c:/maximsdk/tools/gnutools/10.3/bin/../lib/gcc/arm-none-eabi/10.3.1/../../../../arm-none-eabi/lib/thumb/v7e-m+fp/softfp\libc.a(lib_a-mprec.o)
                0x10009e0c                __ulp
 .text.__b2d    0x10009e50       0xd0 c:/maximsdk/tools/gnutools/10.3/bin/../lib/gcc/arm-none-eabi/10.3.1/../../../../arm-none-eabi/lib/thumb/v7e-m+fp/softfp\libc.a(lib_a-mprec.o)
                0x10009e50                __b2d
 .text.__d2b    0x10009f20       0xc4 c:/maximsdk/tools/gnutools/10.3/bin/../lib/gcc/arm-none-eabi/10.3.1/../../../../arm-none-eabi/lib/thumb/v7e-m+fp/softfp\libc.a(lib_a-mprec.o)
                0x10009f20                __d2b
 .text.__ratio  0x10009fe4       0x5c c:/maximsdk/tools/gnutools/10.3/bin/../lib/gcc/arm-none-eabi/10.3.1/../../../../arm-none-eabi/lib/thumb/v7e-m+fp/softfp\libc.a(lib_a-mprec.o)
                0x10009fe4                __ratio
 .text.__copybits
                0x1000a040       0x5c c:/maximsdk/tools/gnutools/10.3/bin/../lib/gcc/arm-none-eabi/10.3.1/../../../../arm-none-eabi/lib/thumb/v7e-m+fp/softfp\libc.a(lib_a-mprec.o)
                0x1000a040                __copybits
 .text.__any_on
                0x1000a09c       0x64 c:/maximsdk/tools/gnutools/10.3/bin/../lib/gcc/arm-none-eabi/10.3.1/../../../../arm-none-eabi/lib/thumb/v7e-m+fp/softfp\libc.a(lib_a-mprec.o)
                0x1000a09c                __any_on
 .text._putc_r  0x1000a100       0x74 c:/maximsdk/tools/gnutools/10.3/bin/../lib/gcc/arm-none-eabi/10.3.1/../../../../arm-none-eabi/lib/thumb/v7e-m+fp/softfp\libc.a(lib_a-putc.o)
                0x1000a100                _putc_r
 .text._read_r  0x1000a174       0x2c c:/maximsdk/tools/gnutools/10.3/bin/../lib/gcc/arm-none-eabi/10.3.1/../../../../arm-none-eabi/lib/thumb/v7e-m+fp/softfp\libc.a(lib_a-readr.o)
                0x1000a174                _read_r
 .text.realloc  0x1000a1a0       0x18 c:/maximsdk/tools/gnutools/10.3/bin/../lib/gcc/arm-none-eabi/10.3.1/../../../../arm-none-eabi/lib/thumb/v7e-m+fp/softfp\libc.a(lib_a-realloc.o)
                0x1000a1a0                realloc
 .text._realloc_r
                0x1000a1b8      0x3d8 c:/maximsdk/tools/gnutools/10.3/bin/../lib/gcc/arm-none-eabi/10.3.1/../../../../arm-none-eabi/lib/thumb/v7e-m+fp/softfp\libc.a(lib_a-reallocr.o)
                0x1000a1b8                _realloc_r
 .text.lflush   0x1000a590       0x14 c:/maximsdk/tools/gnutools/10.3/bin/../lib/gcc/arm-none-eabi/10.3.1/../../../../arm-none-eabi/lib/thumb/v7e-m+fp/softfp\libc.a(lib_a-refill.o)
 .text.__srefill_r
                0x1000a5a4      0x114 c:/maximsdk/tools/gnutools/10.3/bin/../lib/gcc/arm-none-eabi/10.3.1/../../../../arm-none-eabi/lib/thumb/v7e-m+fp/softfp\libc.a(lib_a-refill.o)
                0x1000a5a4                __srefill_r
 .text.frexp    0x1000a6b8       0x70 c:/maximsdk/tools/gnutools/10.3/bin/../lib/gcc/arm-none-eabi/10.3.1/../../../../arm-none-eabi/lib/thumb/v7e-m+fp/softfp\libc.a(lib_a-s_frexp.o)
                0x1000a6b8                frexp
 .text.__sccl   0x1000a728       0x8c c:/maximsdk/tools/gnutools/10.3/bin/../lib/gcc/arm-none-eabi/10.3.1/../../../../arm-none-eabi/lib/thumb/v7e-m+fp/softfp\libc.a(lib_a-sccl.o)
                0x1000a728                __sccl
 .text.nanf     0x1000a7b4        0x8 c:/maximsdk/tools/gnutools/10.3/bin/../lib/gcc/arm-none-eabi/10.3.1/../../../../arm-none-eabi/lib/thumb/v7e-m+fp/softfp\libc.a(lib_a-sf_nan.o)
                0x1000a7b4                nanf
 .text.sprintf  0x1000a7bc       0x40 c:/maximsdk/tools/gnutools/10.3/bin/../lib/gcc/arm-none-eabi/10.3.1/../../../../arm-none-eabi/lib/thumb/v7e-m+fp/softfp\libc.a(lib_a-sprintf.o)
                0x1000a7bc                sprintf
 .text.strncpy  0x1000a7fc       0x64 c:/maximsdk/tools/gnutools/10.3/bin/../lib/gcc/arm-none-eabi/10.3.1/../../../../arm-none-eabi/lib/thumb/v7e-m+fp/softfp\libc.a(lib_a-strncpy.o)
                0x1000a7fc                strncpy
 .text._strtod_l
                0x1000a860      0xf50 c:/maximsdk/tools/gnutools/10.3/bin/../lib/gcc/arm-none-eabi/10.3.1/../../../../arm-none-eabi/lib/thumb/v7e-m+fp/softfp\libc.a(lib_a-strtod.o)
                0x1000a860                _strtod_l
 .text._strtod_r
                0x1000b7b0        0xc c:/maximsdk/tools/gnutools/10.3/bin/../lib/gcc/arm-none-eabi/10.3.1/../../../../arm-none-eabi/lib/thumb/v7e-m+fp/softfp\libc.a(lib_a-strtod.o)
                0x1000b7b0                _strtod_r
 .text._strtol_l.part.0
                0x1000b7bc      0x120 c:/maximsdk/tools/gnutools/10.3/bin/../lib/gcc/arm-none-eabi/10.3.1/../../../../arm-none-eabi/lib/thumb/v7e-m+fp/softfp\libc.a(lib_a-strtol.o)
 .text._strtol_r
                0x1000b8dc       0x1c c:/maximsdk/tools/gnutools/10.3/bin/../lib/gcc/arm-none-eabi/10.3.1/../../../../arm-none-eabi/lib/thumb/v7e-m+fp/softfp\libc.a(lib_a-strtol.o)
                0x1000b8dc                _strtol_r
 .text._strtoll_l.constprop.0
                0x1000b8f8      0x170 c:/maximsdk/tools/gnutools/10.3/bin/../lib/gcc/arm-none-eabi/10.3.1/../../../../arm-none-eabi/lib/thumb/v7e-m+fp/softfp\libc.a(lib_a-strtoll.o)
 .text._strtoll_r
                0x1000ba68        0x4 c:/maximsdk/tools/gnutools/10.3/bin/../lib/gcc/arm-none-eabi/10.3.1/../../../../arm-none-eabi/lib/thumb/v7e-m+fp/softfp\libc.a(lib_a-strtoll.o)
                0x1000ba68                _strtoll_r
 .text._strtoul_l.constprop.0
                0x1000ba6c      0x13c c:/maximsdk/tools/gnutools/10.3/bin/../lib/gcc/arm-none-eabi/10.3.1/../../../../arm-none-eabi/lib/thumb/v7e-m+fp/softfp\libc.a(lib_a-strtoul.o)
 .text._strtoul_r
                0x1000bba8        0x4 c:/maximsdk/tools/gnutools/10.3/bin/../lib/gcc/arm-none-eabi/10.3.1/../../../../arm-none-eabi/lib/thumb/v7e-m+fp/softfp\libc.a(lib_a-strtoul.o)
                0x1000bba8                _strtoul_r
 .text._strtoull_l.constprop.0
                0x1000bbac      0x19c c:/maximsdk/tools/gnutools/10.3/bin/../lib/gcc/arm-none-eabi/10.3.1/../../../../arm-none-eabi/lib/thumb/v7e-m+fp/softfp\libc.a(lib_a-strtoull.o)
 .text._strtoull_r
                0x1000bd48        0x4 c:/maximsdk/tools/gnutools/10.3/bin/../lib/gcc/arm-none-eabi/10.3.1/../../../../arm-none-eabi/lib/thumb/v7e-m+fp/softfp\libc.a(lib_a-strtoull.o)
                0x1000bd48                _strtoull_r
 *fill*         0x1000bd4c        0x4 
 .text._svfprintf_r
                0x1000bd50     0x1ac8 c:/maximsdk/tools/gnutools/10.3/bin/../lib/gcc/arm-none-eabi/10.3.1/../../../../arm-none-eabi/lib/thumb/v7e-m+fp/softfp\libc.a(lib_a-svfprintf.o)
                0x1000bd50                _svfprintf_r
 .text.__submore
                0x1000d818       0x78 c:/maximsdk/tools/gnutools/10.3/bin/../lib/gcc/arm-none-eabi/10.3.1/../../../../arm-none-eabi/lib/thumb/v7e-m+fp/softfp\libc.a(lib_a-ungetc.o)
                0x1000d818                __submore
 .text._ungetc_r
                0x1000d890      0x138 c:/maximsdk/tools/gnutools/10.3/bin/../lib/gcc/arm-none-eabi/10.3.1/../../../../arm-none-eabi/lib/thumb/v7e-m+fp/softfp\libc.a(lib_a-ungetc.o)
                0x1000d890                _ungetc_r
 .text.__sprint_r.part.0
                0x1000d9c8       0x78 c:/maximsdk/tools/gnutools/10.3/bin/../lib/gcc/arm-none-eabi/10.3.1/../../../../arm-none-eabi/lib/thumb/v7e-m+fp/softfp\libc.a(lib_a-vfiprintf.o)
 .text.__sprint_r
                0x1000da40       0x18 c:/maximsdk/tools/gnutools/10.3/bin/../lib/gcc/arm-none-eabi/10.3.1/../../../../arm-none-eabi/lib/thumb/v7e-m+fp/softfp\libc.a(lib_a-vfiprintf.o)
                0x1000da40                __sprint_r
 .text._vfiprintf_r
                0x1000da58      0xdfc c:/maximsdk/tools/gnutools/10.3/bin/../lib/gcc/arm-none-eabi/10.3.1/../../../../arm-none-eabi/lib/thumb/v7e-m+fp/softfp\libc.a(lib_a-vfiprintf.o)
                0x1000da58                _vfiprintf_r
 .text.__sbprintf
                0x1000e854       0x80 c:/maximsdk/tools/gnutools/10.3/bin/../lib/gcc/arm-none-eabi/10.3.1/../../../../arm-none-eabi/lib/thumb/v7e-m+fp/softfp\libc.a(lib_a-vfiprintf.o)
 .text.__swbuf_r
                0x1000e8d4       0xb0 c:/maximsdk/tools/gnutools/10.3/bin/../lib/gcc/arm-none-eabi/10.3.1/../../../../arm-none-eabi/lib/thumb/v7e-m+fp/softfp\libc.a(lib_a-wbuf.o)
                0x1000e8d4                __swbuf_r
 .text.__ascii_wctomb
                0x1000e984       0x1c c:/maximsdk/tools/gnutools/10.3/bin/../lib/gcc/arm-none-eabi/10.3.1/../../../../arm-none-eabi/lib/thumb/v7e-m+fp/softfp\libc.a(lib_a-wctomb_r.o)
                0x1000e984                __ascii_wctomb
 .text.__register_exitproc
                0x1000e9a0       0x8c c:/maximsdk/tools/gnutools/10.3/bin/../lib/gcc/arm-none-eabi/10.3.1/../../../../arm-none-eabi/lib/thumb/v7e-m+fp/softfp\libc.a(lib_a-__atexit.o)
                0x1000e9a0                __register_exitproc
 .text.__assert_func
                0x1000ea2c       0x40 c:/maximsdk/tools/gnutools/10.3/bin/../lib/gcc/arm-none-eabi/10.3.1/../../../../arm-none-eabi/lib/thumb/v7e-m+fp/softfp\libc.a(lib_a-assert.o)
                0x1000ea2c                __assert_func
 .text.fiprintf
                0x1000ea6c       0x28 c:/maximsdk/tools/gnutools/10.3/bin/../lib/gcc/arm-none-eabi/10.3.1/../../../../arm-none-eabi/lib/thumb/v7e-m+fp/softfp\libc.a(lib_a-fiprintf.o)
                0x1000ea6c                fiprintf
 .text.__fputwc
                0x1000ea94       0xa8 c:/maximsdk/tools/gnutools/10.3/bin/../lib/gcc/arm-none-eabi/10.3.1/../../../../arm-none-eabi/lib/thumb/v7e-m+fp/softfp\libc.a(lib_a-fputwc.o)
                0x1000ea94                __fputwc
 .text._fputwc_r
                0x1000eb3c       0x68 c:/maximsdk/tools/gnutools/10.3/bin/../lib/gcc/arm-none-eabi/10.3.1/../../../../arm-none-eabi/lib/thumb/v7e-m+fp/softfp\libc.a(lib_a-fputwc.o)
                0x1000eb3c                _fputwc_r
 .text._fstat_r
                0x1000eba4       0x2c c:/maximsdk/tools/gnutools/10.3/bin/../lib/gcc/arm-none-eabi/10.3.1/../../../../arm-none-eabi/lib/thumb/v7e-m+fp/softfp\libc.a(lib_a-fstatr.o)
                0x1000eba4                _fstat_r
 .text.rshift   0x1000ebd0       0xa4 c:/maximsdk/tools/gnutools/10.3/bin/../lib/gcc/arm-none-eabi/10.3.1/../../../../arm-none-eabi/lib/thumb/v7e-m+fp/softfp\libc.a(lib_a-gdtoa-gethex.o)
 .text.__gethex
                0x1000ec74      0x5d8 c:/maximsdk/tools/gnutools/10.3/bin/../lib/gcc/arm-none-eabi/10.3.1/../../../../arm-none-eabi/lib/thumb/v7e-m+fp/softfp\libc.a(lib_a-gdtoa-gethex.o)
                0x1000ec74                __gethex
 .text.__match  0x1000f24c       0x38 c:/maximsdk/tools/gnutools/10.3/bin/../lib/gcc/arm-none-eabi/10.3.1/../../../../arm-none-eabi/lib/thumb/v7e-m+fp/softfp\libc.a(lib_a-gdtoa-hexnan.o)
                0x1000f24c                __match
 .text.__hexnan
                0x1000f284      0x1ac c:/maximsdk/tools/gnutools/10.3/bin/../lib/gcc/arm-none-eabi/10.3.1/../../../../arm-none-eabi/lib/thumb/v7e-m+fp/softfp\libc.a(lib_a-gdtoa-hexnan.o)
                0x1000f284                __hexnan
 .text._isatty_r
                0x1000f430       0x24 c:/maximsdk/tools/gnutools/10.3/bin/../lib/gcc/arm-none-eabi/10.3.1/../../../../arm-none-eabi/lib/thumb/v7e-m+fp/softfp\libc.a(lib_a-isattyr.o)
                0x1000f430                _isatty_r
 .text.nan      0x1000f454        0xc c:/maximsdk/tools/gnutools/10.3/bin/../lib/gcc/arm-none-eabi/10.3.1/../../../../arm-none-eabi/lib/thumb/v7e-m+fp/softfp\libc.a(lib_a-s_nan.o)
                0x1000f454                nan
 .text.strncmp  0x1000f460       0x80 c:/maximsdk/tools/gnutools/10.3/bin/../lib/gcc/arm-none-eabi/10.3.1/../../../../arm-none-eabi/lib/thumb/v7e-m+fp/softfp\libc.a(lib_a-strncmp.o)
                0x1000f460                strncmp
 .text.__ssprint_r
                0x1000f4e0       0xf8 c:/maximsdk/tools/gnutools/10.3/bin/../lib/gcc/arm-none-eabi/10.3.1/../../../../arm-none-eabi/lib/thumb/v7e-m+fp/softfp\libc.a(lib_a-svfiprintf.o)
                0x1000f4e0                __ssprint_r
 .text._wcrtomb_r
                0x1000f5d8       0x3c c:/maximsdk/tools/gnutools/10.3/bin/../lib/gcc/arm-none-eabi/10.3.1/../../../../arm-none-eabi/lib/thumb/v7e-m+fp/softfp\libc.a(lib_a-wcrtomb.o)
                0x1000f5d8                _wcrtomb_r
 .text.abort    0x1000f614       0x10 c:/maximsdk/tools/gnutools/10.3/bin/../lib/gcc/arm-none-eabi/10.3.1/../../../../arm-none-eabi/lib/thumb/v7e-m+fp/softfp\libc.a(lib_a-abort.o)
                0x1000f614                abort
 .text.raise    0x1000f624       0x5c c:/maximsdk/tools/gnutools/10.3/bin/../lib/gcc/arm-none-eabi/10.3.1/../../../../arm-none-eabi/lib/thumb/v7e-m+fp/softfp\libc.a(lib_a-signal.o)
                0x1000f624                raise
 .text._kill_r  0x1000f680       0x2c c:/maximsdk/tools/gnutools/10.3/bin/../lib/gcc/arm-none-eabi/10.3.1/../../../../arm-none-eabi/lib/thumb/v7e-m+fp/softfp\libc.a(lib_a-signalr.o)
                0x1000f680                _kill_r
 .text._getpid_r
                0x1000f6ac        0x4 c:/maximsdk/tools/gnutools/10.3/bin/../lib/gcc/arm-none-eabi/10.3.1/../../../../arm-none-eabi/lib/thumb/v7e-m+fp/softfp\libc.a(lib_a-signalr.o)
                0x1000f6ac                _getpid_r
 .text._getpid  0x1000f6b0       0x10 c:/maximsdk/tools/gnutools/10.3/bin/../lib/gcc/arm-none-eabi/10.3.1/../../../../arm-none-eabi/lib/thumb/v7e-m+fp/softfp\libnosys.a(getpid.o)
                0x1000f6b0                _getpid
 .text._kill    0x1000f6c0       0x10 c:/maximsdk/tools/gnutools/10.3/bin/../lib/gcc/arm-none-eabi/10.3.1/../../../../arm-none-eabi/lib/thumb/v7e-m+fp/softfp\libnosys.a(kill.o)
                0x1000f6c0                _kill
 .text._exit    0x1000f6d0        0x4 c:/maximsdk/tools/gnutools/10.3/bin/../lib/gcc/arm-none-eabi/10.3.1/../../../../arm-none-eabi/lib/thumb/v7e-m+fp/softfp\libnosys.a(_exit.o)
                0x1000f6d0                _exit
 .text          0x1000f6d4      0x378 c:/maximsdk/tools/gnutools/10.3/bin/../lib/gcc/arm-none-eabi/10.3.1/thumb/v7e-m+fp/softfp\libgcc.a(_arm_addsubdf3.o)
                0x1000f6d4                __aeabi_drsub
                0x1000f6dc                __aeabi_dsub
                0x1000f6dc                __subdf3
                0x1000f6e0                __aeabi_dadd
                0x1000f6e0                __adddf3
                0x1000f958                __floatunsidf
                0x1000f958                __aeabi_ui2d
                0x1000f978                __floatsidf
                0x1000f978                __aeabi_i2d
                0x1000f99c                __aeabi_f2d
                0x1000f99c                __extendsfdf2
                0x1000f9e0                __floatundidf
                0x1000f9e0                __aeabi_ul2d
                0x1000f9f0                __floatdidf
                0x1000f9f0                __aeabi_l2d
 .text          0x1000fa4c      0x424 c:/maximsdk/tools/gnutools/10.3/bin/../lib/gcc/arm-none-eabi/10.3.1/thumb/v7e-m+fp/softfp\libgcc.a(_arm_muldivdf3.o)
                0x1000fa4c                __aeabi_dmul
                0x1000fa4c                __muldf3
                0x1000fca0                __divdf3
                0x1000fca0                __aeabi_ddiv
 .text          0x1000fe70      0x110 c:/maximsdk/tools/gnutools/10.3/bin/../lib/gcc/arm-none-eabi/10.3.1/thumb/v7e-m+fp/softfp\libgcc.a(_arm_cmpdf2.o)
                0x1000fe70                __gtdf2
                0x1000fe70                __gedf2
                0x1000fe78                __ltdf2
                0x1000fe78                __ledf2
                0x1000fe80                __nedf2
                0x1000fe80                __eqdf2
                0x1000fe80                __cmpdf2
                0x1000fefc                __aeabi_cdrcmple
                0x1000ff0c                __aeabi_cdcmpeq
                0x1000ff0c                __aeabi_cdcmple
                0x1000ff1c                __aeabi_dcmpeq
                0x1000ff30                __aeabi_dcmplt
                0x1000ff44                __aeabi_dcmple
                0x1000ff58                __aeabi_dcmpge
                0x1000ff6c                __aeabi_dcmpgt
 .text          0x1000ff80       0x2c c:/maximsdk/tools/gnutools/10.3/bin/../lib/gcc/arm-none-eabi/10.3.1/thumb/v7e-m+fp/softfp\libgcc.a(_arm_unorddf2.o)
                0x1000ff80                __unorddf2
                0x1000ff80                __aeabi_dcmpun
 .text          0x1000ffac       0x50 c:/maximsdk/tools/gnutools/10.3/bin/../lib/gcc/arm-none-eabi/10.3.1/thumb/v7e-m+fp/softfp\libgcc.a(_arm_fixdfsi.o)
                0x1000ffac                __aeabi_d2iz
                0x1000ffac                __fixdfsi
 .text          0x1000fffc       0x40 c:/maximsdk/tools/gnutools/10.3/bin/../lib/gcc/arm-none-eabi/10.3.1/thumb/v7e-m+fp/softfp\libgcc.a(_arm_fixunsdfsi.o)
                0x1000fffc                __aeabi_d2uiz
                0x1000fffc                __fixunsdfsi
 .text          0x1001003c       0xa0 c:/maximsdk/tools/gnutools/10.3/bin/../lib/gcc/arm-none-eabi/10.3.1/thumb/v7e-m+fp/softfp\libgcc.a(_arm_truncdfsf2.o)
                0x1001003c                __truncdfsf2
                0x1001003c                __aeabi_d2f
 .text          0x100100dc       0x30 c:/maximsdk/tools/gnutools/10.3/bin/../lib/gcc/arm-none-eabi/10.3.1/thumb/v7e-m+fp/softfp\libgcc.a(_aeabi_uldivmod.o)
                0x100100dc                __aeabi_uldivmod
 .text          0x1001010c       0x30 c:/maximsdk/tools/gnutools/10.3/bin/../lib/gcc/arm-none-eabi/10.3.1/thumb/v7e-m+fp/softfp\libgcc.a(_fixdfdi.o)
                0x1001010c                __fixdfdi
                0x1001010c                __aeabi_d2lz
 .text          0x1001013c       0x3c c:/maximsdk/tools/gnutools/10.3/bin/../lib/gcc/arm-none-eabi/10.3.1/thumb/v7e-m+fp/softfp\libgcc.a(_fixunsdfdi.o)
                0x1001013c                __fixunsdfdi
                0x1001013c                __aeabi_d2ulz
 .text          0x10010178      0x2d0 c:/maximsdk/tools/gnutools/10.3/bin/../lib/gcc/arm-none-eabi/10.3.1/thumb/v7e-m+fp/softfp\libgcc.a(_udivmoddi4.o)
                0x10010178                __udivmoddi4
 .text          0x10010448        0x4 c:/maximsdk/tools/gnutools/10.3/bin/../lib/gcc/arm-none-eabi/10.3.1/thumb/v7e-m+fp/softfp\libgcc.a(_dvmd_tls.o)
                0x10010448                __aeabi_idiv0
                0x10010448                __aeabi_ldiv0
 *(.rodata*)
 .rodata.ADBMS_Read_Data.str1.4
                0x1001044c       0x2d C:/Users/ahammad.n/Desktop/Maxim_Micro_Workspace/ADBMS6830/build/ADBMSCOMMON.o
 *fill*         0x10010479        0x3 
 .rodata.Crc15Table
                0x1001047c      0x200 C:/Users/ahammad.n/Desktop/Maxim_Micro_Workspace/ADBMS6830/build/ADBMSCOMMON.o
                0x1001047c                Crc15Table
 .rodata.printMenu.str1.4
                0x1001067c      0x25b C:/Users/ahammad.n/Desktop/Maxim_Micro_Workspace/ADBMS6830/build/ADBMSMAIN.o
 *fill*         0x100108d7        0x1 
 .rodata.ADBMS_Print_WRCFG_Data.str1.4
                0x100108d8        0x6 C:/Users/ahammad.n/Desktop/Maxim_Micro_Workspace/ADBMS6830/build/ADBMSMAIN.o
 *fill*         0x100108de        0x2 
 .rodata.ADBMS_Write_Read_Config.str1.4
                0x100108e0       0x20 C:/Users/ahammad.n/Desktop/Maxim_Micro_Workspace/ADBMS6830/build/ADBMSMAIN.o
 .rodata.ADBMS_Print_Data.str1.4
                0x10010900      0x14e C:/Users/ahammad.n/Desktop/Maxim_Micro_Workspace/ADBMS6830/build/ADBMSMAIN.o
 *fill*         0x10010a4e        0x2 
 .rodata.ADC_AVG_Cell_Voltage_Measurement.str1.4
                0x10010a50        0xd C:/Users/ahammad.n/Desktop/Maxim_Micro_Workspace/ADBMS6830/build/ADBMSMAIN.o
 *fill*         0x10010a5d        0x3 
 .rodata.ADBMS_Print_AUX_Data.str1.4
                0x10010a60       0xfc C:/Users/ahammad.n/Desktop/Maxim_Micro_Workspace/ADBMS6830/build/ADBMSMAIN.o
 .rodata.ADBMS_Print_Status_Data.str1.4
                0x10010b5c       0x82 C:/Users/ahammad.n/Desktop/Maxim_Micro_Workspace/ADBMS6830/build/ADBMSMAIN.o
 *fill*         0x10010bde        0x2 
 .rodata.ADSV_PWM_Discharge_Measurement.str1.4
                0x10010be0      0x17b C:/Users/ahammad.n/Desktop/Maxim_Micro_Workspace/ADBMS6830/build/ADBMSMAIN.o
 *fill*         0x10010d5b        0x1 
 .rodata.run_command.str1.4
                0x10010d5c       0x12 C:/Users/ahammad.n/Desktop/Maxim_Micro_Workspace/ADBMS6830/build/ADBMSMAIN.o
 *fill*         0x10010d6e        0x2 
 .rodata.adbmsmain.str1.4
                0x10010d70       0x16 C:/Users/ahammad.n/Desktop/Maxim_Micro_Workspace/ADBMS6830/build/ADBMSMAIN.o
 *fill*         0x10010d86        0x2 
 .rodata.mxc_assert.str1.4
                0x10010d88       0x19 C:/Users/ahammad.n/Desktop/Maxim_Micro_Workspace/ADBMS6830/build/board.o
 *fill*         0x10010da1        0x3 
 .rodata.Board_Init.str1.4
                0x10010da4       0x45 C:/Users/ahammad.n/Desktop/Maxim_Micro_Workspace/ADBMS6830/build/board.o
 *fill*         0x10010de9        0x3 
 .rodata.led_pin
                0x10010dec       0x18 C:/Users/ahammad.n/Desktop/Maxim_Micro_Workspace/ADBMS6830/build/board.o
                0x10010dec                led_pin
 .rodata.num_leds
                0x10010e04        0x4 C:/Users/ahammad.n/Desktop/Maxim_Micro_Workspace/ADBMS6830/build/board.o
                0x10010e04                num_leds
 .rodata.num_pbs
                0x10010e08        0x4 C:/Users/ahammad.n/Desktop/Maxim_Micro_Workspace/ADBMS6830/build/board.o
                0x10010e08                num_pbs
 .rodata.pb_pin
                0x10010e0c       0x18 C:/Users/ahammad.n/Desktop/Maxim_Micro_Workspace/ADBMS6830/build/board.o
                0x10010e0c                pb_pin
 .rodata.LED_On.str1.4
                0x10010e24       0x4f C:/Users/ahammad.n/Desktop/Maxim_Micro_Workspace/ADBMS6830/build/led.o
 .rodata.MXC_SPI_Init.str1.1
                0x10010e73       0x50 C:/MaximSDK/Libraries/PeriphDrivers/bin/MAX32670/softfp/libPeriphDriver_softfp.a(spi_me15.o)
 .rodata.MXC_SPI_RevA_DMACallback.str1.1
                0x10010ec3       0x4f C:/MaximSDK/Libraries/PeriphDrivers/bin/MAX32670/softfp/libPeriphDriver_softfp.a(spi_reva.o)
 .rodata.MXC_SPI_RevA_TransSetup.str1.1
                0x10010f12       0x22 C:/MaximSDK/Libraries/PeriphDrivers/bin/MAX32670/softfp/libPeriphDriver_softfp.a(spi_reva.o)
                                 0x2f (size before relaxing)
 .rodata.MXC_SPI_RevA_ReadyForSleep.str1.1
                0x10010f34       0x2c C:/MaximSDK/Libraries/PeriphDrivers/bin/MAX32670/softfp/libPeriphDriver_softfp.a(spi_reva.o)
 .rodata.gpio_cfg_hfextclk
                0x10010f60        0xc C:/MaximSDK/Libraries/PeriphDrivers/bin/MAX32670/softfp/libPeriphDriver_softfp.a(pins_me15.o)
                0x10010f60                gpio_cfg_hfextclk
 .rodata.gpio_cfg_lpextclk
                0x10010f6c        0xc C:/MaximSDK/Libraries/PeriphDrivers/bin/MAX32670/softfp/libPeriphDriver_softfp.a(pins_me15.o)
                0x10010f6c                gpio_cfg_lpextclk
 .rodata.gpio_cfg_spi0
                0x10010f78        0xc C:/MaximSDK/Libraries/PeriphDrivers/bin/MAX32670/softfp/libPeriphDriver_softfp.a(pins_me15.o)
                0x10010f78                gpio_cfg_spi0
 .rodata.gpio_cfg_spi1
                0x10010f84        0xc C:/MaximSDK/Libraries/PeriphDrivers/bin/MAX32670/softfp/libPeriphDriver_softfp.a(pins_me15.o)
                0x10010f84                gpio_cfg_spi1
 .rodata.gpio_cfg_spi2
                0x10010f90        0xc C:/MaximSDK/Libraries/PeriphDrivers/bin/MAX32670/softfp/libPeriphDriver_softfp.a(pins_me15.o)
                0x10010f90                gpio_cfg_spi2
 .rodata.gpio_cfg_uart0
                0x10010f9c        0xc C:/MaximSDK/Libraries/PeriphDrivers/bin/MAX32670/softfp/libPeriphDriver_softfp.a(pins_me15.o)
                0x10010f9c                gpio_cfg_uart0
 .rodata.gpio_cfg_uart1
                0x10010fa8        0xc C:/MaximSDK/Libraries/PeriphDrivers/bin/MAX32670/softfp/libPeriphDriver_softfp.a(pins_me15.o)
                0x10010fa8                gpio_cfg_uart1
 .rodata.gpio_cfg_uart2
                0x10010fb4        0xc C:/MaximSDK/Libraries/PeriphDrivers/bin/MAX32670/softfp/libPeriphDriver_softfp.a(pins_me15.o)
                0x10010fb4                gpio_cfg_uart2
 .rodata.gpio_cfg_uart3
                0x10010fc0        0xc C:/MaximSDK/Libraries/PeriphDrivers/bin/MAX32670/softfp/libPeriphDriver_softfp.a(pins_me15.o)
                0x10010fc0                gpio_cfg_uart3
 .rodata.MXC_GPIO_Common_Handler.str1.1
                0x10010fcc       0x65 C:/MaximSDK/Libraries/PeriphDrivers/bin/MAX32670/softfp/libPeriphDriver_softfp.a(gpio_common.o)
 *fill*         0x10011031        0x3 
 .rodata._global_impure_ptr
                0x10011034        0x4 c:/maximsdk/tools/gnutools/10.3/bin/../lib/gcc/arm-none-eabi/10.3.1/../../../../arm-none-eabi/lib/thumb/v7e-m+fp/softfp\libc.a(lib_a-impure.o)
                0x10011034                _global_impure_ptr
 .rodata._puts_r.str1.4
                0x10011038       0x4f c:/maximsdk/tools/gnutools/10.3/bin/../lib/gcc/arm-none-eabi/10.3.1/../../../../arm-none-eabi/lib/thumb/v7e-m+fp/softfp\libc.a(lib_a-puts.o)
                                  0x2 (size before relaxing)
 .rodata._vfprintf_r.str1.4
                0x10011038       0x42 c:/maximsdk/tools/gnutools/10.3/bin/../lib/gcc/arm-none-eabi/10.3.1/../../../../arm-none-eabi/lib/thumb/v7e-m+fp/softfp\libc.a(lib_a-vfprintf.o)
 *fill*         0x1001107a        0x2 
 .rodata.blanks.1
                0x1001107c       0x10 c:/maximsdk/tools/gnutools/10.3/bin/../lib/gcc/arm-none-eabi/10.3.1/../../../../arm-none-eabi/lib/thumb/v7e-m+fp/softfp\libc.a(lib_a-vfprintf.o)
 .rodata.zeroes.0
                0x1001108c       0x10 c:/maximsdk/tools/gnutools/10.3/bin/../lib/gcc/arm-none-eabi/10.3.1/../../../../arm-none-eabi/lib/thumb/v7e-m+fp/softfp\libc.a(lib_a-vfprintf.o)
 .rodata.__svfscanf_r.str1.4
                0x1001109c        0x5 c:/maximsdk/tools/gnutools/10.3/bin/../lib/gcc/arm-none-eabi/10.3.1/../../../../arm-none-eabi/lib/thumb/v7e-m+fp/softfp\libc.a(lib_a-vfscanf.o)
                                  0x9 (size before relaxing)
 *fill*         0x100110a1        0x3 
 .rodata.basefix.0
                0x100110a4       0x22 c:/maximsdk/tools/gnutools/10.3/bin/../lib/gcc/arm-none-eabi/10.3.1/../../../../arm-none-eabi/lib/thumb/v7e-m+fp/softfp\libc.a(lib_a-vfscanf.o)
 *fill*         0x100110c6        0x2 
 .rodata._ctype_
                0x100110c8      0x101 c:/maximsdk/tools/gnutools/10.3/bin/../lib/gcc/arm-none-eabi/10.3.1/../../../../arm-none-eabi/lib/thumb/v7e-m+fp/softfp\libc.a(lib_a-ctype_.o)
                0x100110c8                _ctype_
 *fill*         0x100111c9        0x3 
 .rodata._dtoa_r.str1.4
                0x100111cc       0xa2 c:/maximsdk/tools/gnutools/10.3/bin/../lib/gcc/arm-none-eabi/10.3.1/../../../../arm-none-eabi/lib/thumb/v7e-m+fp/softfp\libc.a(lib_a-dtoa.o)
                                 0xa6 (size before relaxing)
 *fill*         0x1001126e        0x2 
 .rodata._setlocale_r.str1.4
                0x10011270        0xa c:/maximsdk/tools/gnutools/10.3/bin/../lib/gcc/arm-none-eabi/10.3.1/../../../../arm-none-eabi/lib/thumb/v7e-m+fp/softfp\libc.a(lib_a-locale.o)
                                  0xd (size before relaxing)
 *fill*         0x1001127a        0x2 
 .rodata.str1.4
                0x1001127c        0x2 c:/maximsdk/tools/gnutools/10.3/bin/../lib/gcc/arm-none-eabi/10.3.1/../../../../arm-none-eabi/lib/thumb/v7e-m+fp/softfp\libc.a(lib_a-locale.o)
 .rodata._mbrtowc_r.str1.4
                0x1001127e        0x1 c:/maximsdk/tools/gnutools/10.3/bin/../lib/gcc/arm-none-eabi/10.3.1/../../../../arm-none-eabi/lib/thumb/v7e-m+fp/softfp\libc.a(lib_a-mbrtowc.o)
 *fill*         0x1001127e        0x2 
 .rodata.__multadd.str1.4
                0x10011280       0x7f c:/maximsdk/tools/gnutools/10.3/bin/../lib/gcc/arm-none-eabi/10.3.1/../../../../arm-none-eabi/lib/thumb/v7e-m+fp/softfp\libc.a(lib_a-mprec.o)
                                 0x93 (size before relaxing)
 *fill*         0x100112ff        0x1 
 .rodata.__mprec_bigtens
                0x10011300       0x28 c:/maximsdk/tools/gnutools/10.3/bin/../lib/gcc/arm-none-eabi/10.3.1/../../../../arm-none-eabi/lib/thumb/v7e-m+fp/softfp\libc.a(lib_a-mprec.o)
                0x10011300                __mprec_bigtens
 .rodata.__mprec_tens
                0x10011328       0xc8 c:/maximsdk/tools/gnutools/10.3/bin/../lib/gcc/arm-none-eabi/10.3.1/../../../../arm-none-eabi/lib/thumb/v7e-m+fp/softfp\libc.a(lib_a-mprec.o)
                0x10011328                __mprec_tens
 .rodata.p05.0  0x100113f0        0xc c:/maximsdk/tools/gnutools/10.3/bin/../lib/gcc/arm-none-eabi/10.3.1/../../../../arm-none-eabi/lib/thumb/v7e-m+fp/softfp\libc.a(lib_a-mprec.o)
 .rodata._strtod_l.str1.4
                0x100113fc        0xf c:/maximsdk/tools/gnutools/10.3/bin/../lib/gcc/arm-none-eabi/10.3.1/../../../../arm-none-eabi/lib/thumb/v7e-m+fp/softfp\libc.a(lib_a-strtod.o)
                                 0x11 (size before relaxing)
 *fill*         0x1001140b        0x1 
 .rodata.fpi.1  0x1001140c       0x14 c:/maximsdk/tools/gnutools/10.3/bin/../lib/gcc/arm-none-eabi/10.3.1/../../../../arm-none-eabi/lib/thumb/v7e-m+fp/softfp\libc.a(lib_a-strtod.o)
 .rodata.fpinan.0
                0x10011420       0x14 c:/maximsdk/tools/gnutools/10.3/bin/../lib/gcc/arm-none-eabi/10.3.1/../../../../arm-none-eabi/lib/thumb/v7e-m+fp/softfp\libc.a(lib_a-strtod.o)
 *fill*         0x10011434        0x4 
 .rodata.tinytens
                0x10011438       0x28 c:/maximsdk/tools/gnutools/10.3/bin/../lib/gcc/arm-none-eabi/10.3.1/../../../../arm-none-eabi/lib/thumb/v7e-m+fp/softfp\libc.a(lib_a-strtod.o)
 .rodata._svfprintf_r.str1.4
                0x10011460       0x42 c:/maximsdk/tools/gnutools/10.3/bin/../lib/gcc/arm-none-eabi/10.3.1/../../../../arm-none-eabi/lib/thumb/v7e-m+fp/softfp\libc.a(lib_a-svfprintf.o)
 .rodata.blanks.1
                0x10011460       0x10 c:/maximsdk/tools/gnutools/10.3/bin/../lib/gcc/arm-none-eabi/10.3.1/../../../../arm-none-eabi/lib/thumb/v7e-m+fp/softfp\libc.a(lib_a-svfprintf.o)
 .rodata.zeroes.0
                0x10011470       0x10 c:/maximsdk/tools/gnutools/10.3/bin/../lib/gcc/arm-none-eabi/10.3.1/../../../../arm-none-eabi/lib/thumb/v7e-m+fp/softfp\libc.a(lib_a-svfprintf.o)
 .rodata._vfiprintf_r.str1.4
                0x10011480       0x2f c:/maximsdk/tools/gnutools/10.3/bin/../lib/gcc/arm-none-eabi/10.3.1/../../../../arm-none-eabi/lib/thumb/v7e-m+fp/softfp\libc.a(lib_a-vfiprintf.o)
 .rodata.blanks.1
                0x10011480       0x10 c:/maximsdk/tools/gnutools/10.3/bin/../lib/gcc/arm-none-eabi/10.3.1/../../../../arm-none-eabi/lib/thumb/v7e-m+fp/softfp\libc.a(lib_a-vfiprintf.o)
 .rodata.zeroes.0
                0x10011490       0x10 c:/maximsdk/tools/gnutools/10.3/bin/../lib/gcc/arm-none-eabi/10.3.1/../../../../arm-none-eabi/lib/thumb/v7e-m+fp/softfp\libc.a(lib_a-vfiprintf.o)
 .rodata.__assert_func.str1.4
                0x100114a0       0x3f c:/maximsdk/tools/gnutools/10.3/bin/../lib/gcc/arm-none-eabi/10.3.1/../../../../arm-none-eabi/lib/thumb/v7e-m+fp/softfp\libc.a(lib_a-assert.o)
                                 0x43 (size before relaxing)
 *fill*         0x100114df        0x1 
 .rodata.__gethex.str1.4
                0x100114e0       0x86 c:/maximsdk/tools/gnutools/10.3/bin/../lib/gcc/arm-none-eabi/10.3.1/../../../../arm-none-eabi/lib/thumb/v7e-m+fp/softfp\libc.a(lib_a-gdtoa-gethex.o)
                                 0x9a (size before relaxing)
 *fill*         0x10011566        0x2 
 .rodata.__hexdig
                0x10011568      0x100 c:/maximsdk/tools/gnutools/10.3/bin/../lib/gcc/arm-none-eabi/10.3.1/../../../../arm-none-eabi/lib/thumb/v7e-m+fp/softfp\libc.a(lib_a-gdtoa-gethex.o)
                0x10011568                __hexdig
 .rodata.str1.4
                0x10011668        0x5 c:/maximsdk/tools/gnutools/10.3/bin/../lib/gcc/arm-none-eabi/10.3.1/../../../../arm-none-eabi/lib/thumb/v7e-m+fp/softfp\libc.a(lib_a-lnumeric.o)
 .rodata._C_numeric_locale
                0x10011668        0xc c:/maximsdk/tools/gnutools/10.3/bin/../lib/gcc/arm-none-eabi/10.3.1/../../../../arm-none-eabi/lib/thumb/v7e-m+fp/softfp\libc.a(lib_a-lnumeric.o)
                0x10011668                _C_numeric_locale
 *(.init)
 .init          0x10011674        0x4 c:/maximsdk/tools/gnutools/10.3/bin/../lib/gcc/arm-none-eabi/10.3.1/thumb/v7e-m+fp/softfp/crti.o
                0x10011674                _init
 .init          0x10011678        0x8 c:/maximsdk/tools/gnutools/10.3/bin/../lib/gcc/arm-none-eabi/10.3.1/thumb/v7e-m+fp/softfp/crtn.o
 *(.fini)
 .fini          0x10011680        0x4 c:/maximsdk/tools/gnutools/10.3/bin/../lib/gcc/arm-none-eabi/10.3.1/thumb/v7e-m+fp/softfp/crti.o
                0x10011680                _fini
 .fini          0x10011684        0x8 c:/maximsdk/tools/gnutools/10.3/bin/../lib/gcc/arm-none-eabi/10.3.1/thumb/v7e-m+fp/softfp/crtn.o
 *(.eh_frame*)
 .eh_frame      0x1001168c        0x0 c:/maximsdk/tools/gnutools/10.3/bin/../lib/gcc/arm-none-eabi/10.3.1/thumb/v7e-m+fp/softfp/crtbegin.o
 .eh_frame      0x1001168c        0x4 c:/maximsdk/tools/gnutools/10.3/bin/../lib/gcc/arm-none-eabi/10.3.1/thumb/v7e-m+fp/softfp/crtend.o
                0x10011690                _etext = .

.glue_7         0x10011690        0x0
 .glue_7        0x10011690        0x0 linker stubs

.glue_7t        0x10011690        0x0
 .glue_7t       0x10011690        0x0 linker stubs

.vfp11_veneer   0x10011690        0x0
 .vfp11_veneer  0x10011690        0x0 linker stubs

.v4_bx          0x10011690        0x0
 .v4_bx         0x10011690        0x0 linker stubs

.iplt           0x10011690        0x0
 .iplt          0x10011690        0x0 c:/maximsdk/tools/gnutools/10.3/bin/../lib/gcc/arm-none-eabi/10.3.1/thumb/v7e-m+fp/softfp/crtbegin.o

.ARM.exidx      0x10011690        0x8
                0x10011690                __exidx_start = .
 *(.ARM.exidx*)
 .ARM.exidx     0x10011690        0x8 c:/maximsdk/tools/gnutools/10.3/bin/../lib/gcc/arm-none-eabi/10.3.1/thumb/v7e-m+fp/softfp\libgcc.a(_udivmoddi4.o)
                0x10011698                __exidx_end = .

.rel.dyn        0x10011698        0x0
 .rel.iplt      0x10011698        0x0 c:/maximsdk/tools/gnutools/10.3/bin/../lib/gcc/arm-none-eabi/10.3.1/thumb/v7e-m+fp/softfp/crtbegin.o

.data           0x20000000      0xa88 load address 0x10011698
                0x20000000                _data = ALIGN (., 0x4)
 *(.data*)
 .data.ADAX     0x20000000        0x2 C:/Users/ahammad.n/Desktop/Maxim_Micro_Workspace/ADBMS6830/build/ADBMSMAIN.o
                0x20000000                ADAX
 *fill*         0x20000002        0x2 
 .data.ADCV     0x20000004        0x2 C:/Users/ahammad.n/Desktop/Maxim_Micro_Workspace/ADBMS6830/build/ADBMSMAIN.o
                0x20000004                ADCV
 *fill*         0x20000006        0x2 
 .data.ADSV     0x20000008        0x2 C:/Users/ahammad.n/Desktop/Maxim_Micro_Workspace/ADBMS6830/build/ADBMSMAIN.o
                0x20000008                ADSV
 *fill*         0x2000000a        0x2 
 .data.CFGA_data
                0x2000000c        0x6 C:/Users/ahammad.n/Desktop/Maxim_Micro_Workspace/ADBMS6830/build/ADBMSMAIN.o
                0x2000000c                CFGA_data
 *fill*         0x20000012        0x2 
 .data.CLRAUX   0x20000014        0x2 C:/Users/ahammad.n/Desktop/Maxim_Micro_Workspace/ADBMS6830/build/ADBMSMAIN.o
                0x20000014                CLRAUX
 *fill*         0x20000016        0x2 
 .data.CLRCELL  0x20000018        0x2 C:/Users/ahammad.n/Desktop/Maxim_Micro_Workspace/ADBMS6830/build/ADBMSMAIN.o
                0x20000018                CLRCELL
 *fill*         0x2000001a        0x2 
 .data.CLRFLAG  0x2000001c        0x2 C:/Users/ahammad.n/Desktop/Maxim_Micro_Workspace/ADBMS6830/build/ADBMSMAIN.o
                0x2000001c                CLRFLAG
 *fill*         0x2000001e        0x2 
 .data.CLRSPIN  0x20000020        0x2 C:/Users/ahammad.n/Desktop/Maxim_Micro_Workspace/ADBMS6830/build/ADBMSMAIN.o
                0x20000020                CLRSPIN
 *fill*         0x20000022        0x2 
 .data.PLADC    0x20000024        0x2 C:/Users/ahammad.n/Desktop/Maxim_Micro_Workspace/ADBMS6830/build/ADBMSMAIN.o
                0x20000024                PLADC
 *fill*         0x20000026        0x2 
 .data.PLAUX1   0x20000028        0x2 C:/Users/ahammad.n/Desktop/Maxim_Micro_Workspace/ADBMS6830/build/ADBMSMAIN.o
                0x20000028                PLAUX1
 *fill*         0x2000002a        0x2 
 .data.PLCADC   0x2000002c        0x2 C:/Users/ahammad.n/Desktop/Maxim_Micro_Workspace/ADBMS6830/build/ADBMSMAIN.o
                0x2000002c                PLCADC
 *fill*         0x2000002e        0x2 
 .data.PWMA_data
                0x20000030        0x6 C:/Users/ahammad.n/Desktop/Maxim_Micro_Workspace/ADBMS6830/build/ADBMSMAIN.o
                0x20000030                PWMA_data
 *fill*         0x20000036        0x2 
 .data.RDACA    0x20000038        0x2 C:/Users/ahammad.n/Desktop/Maxim_Micro_Workspace/ADBMS6830/build/ADBMSMAIN.o
                0x20000038                RDACA
 *fill*         0x2000003a        0x2 
 .data.RDACB    0x2000003c        0x2 C:/Users/ahammad.n/Desktop/Maxim_Micro_Workspace/ADBMS6830/build/ADBMSMAIN.o
                0x2000003c                RDACB
 *fill*         0x2000003e        0x2 
 .data.RDACC    0x20000040        0x2 C:/Users/ahammad.n/Desktop/Maxim_Micro_Workspace/ADBMS6830/build/ADBMSMAIN.o
                0x20000040                RDACC
 *fill*         0x20000042        0x2 
 .data.RDACD    0x20000044        0x2 C:/Users/ahammad.n/Desktop/Maxim_Micro_Workspace/ADBMS6830/build/ADBMSMAIN.o
                0x20000044                RDACD
 *fill*         0x20000046        0x2 