Archive member included to satisfy reference by file (symbol)

C:/MaximSDK/Libraries/PeriphDrivers/bin/MAX32690/softfp/libPeriphDriver_softfp.a(mxc_delay.o)
                              c:/Users/ahammad.n/Desktop/Maxim_Micro_Workspace/PHILIPS_XRAY_MAX32660_code_DC_MOTOR/build/board.o (MXC_Delay)
C:/MaximSDK/Libraries/PeriphDrivers/bin/MAX32690/softfp/libPeriphDriver_softfp.a(sys_me18.o)
                              c:/Users/ahammad.n/Desktop/Maxim_Micro_Workspace/PHILIPS_XRAY_MAX32660_code_DC_MOTOR/build/board.o (MXC_SYS_ClockEnable)
C:/MaximSDK/Libraries/PeriphDrivers/bin/MAX32690/softfp/libPeriphDriver_softfp.a(ctb_me18.o)
                              C:/MaximSDK/Libraries/PeriphDrivers/bin/MAX32690/softfp/libPeriphDriver_softfp.a(sys_me18.o) (MXC_CTB_Init)
C:/MaximSDK/Libraries/PeriphDrivers/bin/MAX32690/softfp/libPeriphDriver_softfp.a(ctb_reva.o)
                              C:/MaximSDK/Libraries/PeriphDrivers/bin/MAX32690/softfp/libPeriphDriver_softfp.a(ctb_me18.o) (MXC_CTB_RevA_Init)
C:/MaximSDK/Libraries/PeriphDrivers/bin/MAX32690/softfp/libPeriphDriver_softfp.a(ctb_common.o)
                              C:/MaximSDK/Libraries/PeriphDrivers/bin/MAX32690/softfp/libPeriphDriver_softfp.a(ctb_me18.o) (MXC_CTB_Common_Hash_GetBlockSize)
C:/MaximSDK/Libraries/PeriphDrivers/bin/MAX32690/softfp/libPeriphDriver_softfp.a(flc_me18.o)
                              C:/MaximSDK/Libraries/PeriphDrivers/bin/MAX32690/softfp/libPeriphDriver_softfp.a(sys_me18.o) (MXC_FLC_UnlockInfoBlock)
C:/MaximSDK/Libraries/PeriphDrivers/bin/MAX32690/softfp/libPeriphDriver_softfp.a(flc_reva.o)
                              C:/MaximSDK/Libraries/PeriphDrivers/bin/MAX32690/softfp/libPeriphDriver_softfp.a(flc_me18.o) (MXC_FLC_RevA_Busy)
C:/MaximSDK/Libraries/PeriphDrivers/bin/MAX32690/softfp/libPeriphDriver_softfp.a(gpio_me18.o)
                              c:/Users/ahammad.n/Desktop/Maxim_Micro_Workspace/PHILIPS_XRAY_MAX32660_code_DC_MOTOR/build/pb.o (MXC_GPIO_InGet)
C:/MaximSDK/Libraries/PeriphDrivers/bin/MAX32690/softfp/libPeriphDriver_softfp.a(gpio_reva.o)
                              C:/MaximSDK/Libraries/PeriphDrivers/bin/MAX32690/softfp/libPeriphDriver_softfp.a(gpio_me18.o) (MXC_GPIO_RevA_InGet)
C:/MaximSDK/Libraries/PeriphDrivers/bin/MAX32690/softfp/libPeriphDriver_softfp.a(icc_me18.o)
                              c:/Users/ahammad.n/Desktop/Maxim_Micro_Workspace/PHILIPS_XRAY_MAX32660_code_DC_MOTOR/build/system_max32690.o (MXC_ICC_Enable)
C:/MaximSDK/Libraries/PeriphDrivers/bin/MAX32690/softfp/libPeriphDriver_softfp.a(icc_reva.o)
                              C:/MaximSDK/Libraries/PeriphDrivers/bin/MAX32690/softfp/libPeriphDriver_softfp.a(icc_me18.o) (MXC_ICC_RevA_ID)
C:/MaximSDK/Libraries/PeriphDrivers/bin/MAX32690/softfp/libPeriphDriver_softfp.a(spi_me18.o)
                              c:/Users/ahammad.n/Desktop/Maxim_Micro_Workspace/PHILIPS_XRAY_MAX32660_code_DC_MOTOR/build/main.o (MXC_SPI_Init)
C:/MaximSDK/Libraries/PeriphDrivers/bin/MAX32690/softfp/libPeriphDriver_softfp.a(spi_reva.o)
                              C:/MaximSDK/Libraries/PeriphDrivers/bin/MAX32690/softfp/libPeriphDriver_softfp.a(spi_me18.o) (MXC_SPI_RevA_Init)
C:/MaximSDK/Libraries/PeriphDrivers/bin/MAX32690/softfp/libPeriphDriver_softfp.a(uart_me18.o)
                              c:/Users/ahammad.n/Desktop/Maxim_Micro_Workspace/PHILIPS_XRAY_MAX32660_code_DC_MOTOR/build/board.o (MXC_UART_Shutdown)
C:/MaximSDK/Libraries/PeriphDrivers/bin/MAX32690/softfp/libPeriphDriver_softfp.a(uart_revb.o)
                              C:/MaximSDK/Libraries/PeriphDrivers/bin/MAX32690/softfp/libPeriphDriver_softfp.a(uart_me18.o) (MXC_UART_RevB_Init)
C:/MaximSDK/Libraries/PeriphDrivers/bin/MAX32690/softfp/libPeriphDriver_softfp.a(mxc_lock.o)
                              C:/MaximSDK/Libraries/PeriphDrivers/bin/MAX32690/softfp/libPeriphDriver_softfp.a(ctb_reva.o) (MXC_GetLock)
C:/MaximSDK/Libraries/PeriphDrivers/bin/MAX32690/softfp/libPeriphDriver_softfp.a(pins_me18.o)
                              C:/MaximSDK/Libraries/PeriphDrivers/bin/MAX32690/softfp/libPeriphDriver_softfp.a(spi_me18.o) (gpio_cfg_spi4_ss2)
C:/MaximSDK/Libraries/PeriphDrivers/bin/MAX32690/softfp/libPeriphDriver_softfp.a(dma_me18.o)
                              C:/MaximSDK/Libraries/PeriphDrivers/bin/MAX32690/softfp/libPeriphDriver_softfp.a(spi_reva.o) (MXC_DMA_Init)
C:/MaximSDK/Libraries/PeriphDrivers/bin/MAX32690/softfp/libPeriphDriver_softfp.a(dma_reva.o)
                              C:/MaximSDK/Libraries/PeriphDrivers/bin/MAX32690/softfp/libPeriphDriver_softfp.a(dma_me18.o) (MXC_DMA_RevA_Init)
C:/MaximSDK/Libraries/PeriphDrivers/bin/MAX32690/softfp/libPeriphDriver_softfp.a(flc_common.o)
                              C:/MaximSDK/Libraries/PeriphDrivers/bin/MAX32690/softfp/libPeriphDriver_softfp.a(flc_me18.o) (MXC_FLC_Com_VerifyData)
C:/MaximSDK/Libraries/PeriphDrivers/bin/MAX32690/softfp/libPeriphDriver_softfp.a(gpio_common.o)
[...]
Memory Configuration

Name             Origin             Length             Attributes
ROM              0x00000000         0x00020000         xr
FLASH            0x10000000         0x00340000         xr
PAL_NVM_DB       0x10340000         0x00000000         r
RISCV_FLASH      0x00000000         0x00000000         xr
SRAM             0x20000000         0x00120000         xrw
MAILBOX_0        0x00000000         0x00000000         rw
MAILBOX_1        0x00000000         0x00000000         rw
HPB_CS0          0x60000000         0x10000000         xrw
HPB_CS1          0x70000000         0x10000000         xrw
*default*        0x00000000         0xffffffff

Linker script and memory map

LOAD c:/maximsdk/tools/gnutools/10.3/bin/../lib/gcc/arm-none-eabi/10.3.1/thumb/v7e-m+fp/softfp/crti.o
LOAD c:/maximsdk/tools/gnutools/10.3/bin/../lib/gcc/arm-none-eabi/10.3.1/thumb/v7e-m+fp/softfp/crtbegin.o
LOAD c:/maximsdk/tools/gnutools/10.3/bin/../lib/gcc/arm-none-eabi/10.3.1/../../../../arm-none-eabi/lib/thumb/v7e-m+fp/softfp/crt0.o
LOAD c:/Users/ahammad.n/Desktop/Maxim_Micro_Workspace/PHILIPS_XRAY_MAX32660_code_DC_MOTOR/build/main.o
LOAD c:/Users/ahammad.n/Desktop/Maxim_Micro_Workspace/PHILIPS_XRAY_MAX32660_code_DC_MOTOR/build/board.o
LOAD c:/Users/ahammad.n/Desktop/Maxim_Micro_Workspace/PHILIPS_XRAY_MAX32660_code_DC_MOTOR/build/stdio.o
LOAD c:/Users/ahammad.n/Desktop/Maxim_Micro_Workspace/PHILIPS_XRAY_MAX32660_code_DC_MOTOR/build/led.o
LOAD c:/Users/ahammad.n/Desktop/Maxim_Micro_Workspace/PHILIPS_XRAY_MAX32660_code_DC_MOTOR/build/mx25.o
LOAD c:/Users/ahammad.n/Desktop/Maxim_Micro_Workspace/PHILIPS_XRAY_MAX32660_code_DC_MOTOR/build/pb.o
LOAD c:/Users/ahammad.n/Desktop/Maxim_Micro_Workspace/PHILIPS_XRAY_MAX32660_code_DC_MOTOR/build/tft_st7735.o
LOAD c:/Users/ahammad.n/Desktop/Maxim_Micro_Workspace/PHILIPS_XRAY_MAX32660_code_DC_MOTOR/build/startup_max32690.o
LOAD c:/Users/ahammad.n/Desktop/Maxim_Micro_Workspace/PHILIPS_XRAY_MAX32660_code_DC_MOTOR/build/heap.o
LOAD c:/Users/ahammad.n/Desktop/Maxim_Micro_Workspace/PHILIPS_XRAY_MAX32660_code_DC_MOTOR/build/system_max32690.o
START GROUP
LOAD C:/MaximSDK/Libraries/PeriphDrivers/bin/MAX32690/softfp/libPeriphDriver_softfp.a
LOAD c:/maximsdk/tools/gnutools/10.3/bin/../lib/gcc/arm-none-eabi/10.3.1/../../../../arm-none-eabi/lib/thumb/v7e-m+fp/softfp\libc.a
LOAD c:/maximsdk/tools/gnutools/10.3/bin/../lib/gcc/arm-none-eabi/10.3.1/../../../../arm-none-eabi/lib/thumb/v7e-m+fp/softfp\libm.a
LOAD c:/maximsdk/tools/gnutools/10.3/bin/../lib/gcc/arm-none-eabi/10.3.1/../../../../arm-none-eabi/lib/thumb/v7e-m+fp/softfp\libnosys.a
END GROUP
START GROUP
LOAD c:/maximsdk/tools/gnutools/10.3/bin/../lib/gcc/arm-none-eabi/10.3.1/thumb/v7e-m+fp/softfp\libgcc.a
LOAD c:/maximsdk/tools/gnutools/10.3/bin/../lib/gcc/arm-none-eabi/10.3.1/../../../../arm-none-eabi/lib/thumb/v7e-m+fp/softfp\libc.a
END GROUP
LOAD c:/maximsdk/tools/gnutools/10.3/bin/../lib/gcc/arm-none-eabi/10.3.1/thumb/v7e-m+fp/softfp/crtend.o
LOAD c:/maximsdk/tools/gnutools/10.3/bin/../lib/gcc/arm-none-eabi/10.3.1/thumb/v7e-m+fp/softfp/crtn.o
                0x10000000                ARM_FLASH_ORIGIN = _FLASH_ORIGIN
                0x00340000                ARM_FLASH_SIZE = ((_FLASH_SIZE - _RISCV_FLASH_SIZE) - _PAL_NVM_SIZE)
                0x10340000                PAL_NVM_ORIGIN = ((_FLASH_SIZE - _PAL_NVM_SIZE) + _FLASH_ORIGIN)
                0x00000000                RISCV_FLASH_ORIGIN = _RISCV_FLASH_ORIGIN
                0x00000000                RISCV_FLASH_SIZE = _RISCV_FLASH_SIZE
                0x20000000                ARM_SRAM_ORIGIN = _SRAM_ORIGIN
                0x00120000                ARM_SRAM_SIZE = (_SRAM_SIZE - _RISCV_SRAM_SIZE)
                0x00000000                MAILBOX_ORIGIN = _RISCV_SRAM_ORIGIN
                0x00000000                RISCV_SRAM_ORIGIN = _RISCV_SRAM_ORIGIN
                0x00000000                RISCV_SRAM_SIZE = _RISCV_SRAM_SIZE

.rom
 *(.rom_vector)
 *(.rom_handlers*)

.text           0x10000000     0x9fdc
                0x10000000                _text = .
 *(.isr_vector)
 .isr_vector    0x10000000      0x200 c:/Users/ahammad.n/Desktop/Maxim_Micro_Workspace/PHILIPS_XRAY_MAX32660_code_DC_MOTOR/build/startup_max32690.o
                0x10000000                __isr_vector
 EXCLUDE_FILE(*riscv.o) *(.text*)
 .text          0x10000200       0x40 c:/maximsdk/tools/gnutools/10.3/bin/../lib/gcc/arm-none-eabi/10.3.1/thumb/v7e-m+fp/softfp/crtbegin.o
 .text.SPI_ReadWrite
                0x10000240       0x44 c:/Users/ahammad.n/Desktop/Maxim_Micro_Workspace/PHILIPS_XRAY_MAX32660_code_DC_MOTOR/build/main.o
                0x10000240                SPI_ReadWrite
 .text.Write_Register_TMC4671
                0x10000284       0x2c c:/Users/ahammad.n/Desktop/Maxim_Micro_Workspace/PHILIPS_XRAY_MAX32660_code_DC_MOTOR/build/main.o
                0x10000284                Write_Register_TMC4671
 .text.Read_Register_TMC4671
                0x100002b0       0x3c c:/Users/ahammad.n/Desktop/Maxim_Micro_Workspace/PHILIPS_XRAY_MAX32660_code_DC_MOTOR/build/main.o
                0x100002b0                Read_Register_TMC4671
 .text.main     0x100002ec      0x134 c:/Users/ahammad.n/Desktop/Maxim_Micro_Workspace/PHILIPS_XRAY_MAX32660_code_DC_MOTOR/build/main.o
                0x100002ec                main
 .text.mxc_assert
                0x10000420       0x10 c:/Users/ahammad.n/Desktop/Maxim_Micro_Workspace/PHILIPS_XRAY_MAX32660_code_DC_MOTOR/build/board.o
                0x10000420                mxc_assert
 .text.Console_Init
                0x10000430       0x18 c:/Users/ahammad.n/Desktop/Maxim_Micro_Workspace/PHILIPS_XRAY_MAX32660_code_DC_MOTOR/build/board.o
                0x10000430                Console_Init
 .text.Board_Init
                0x10000448       0x4c c:/Users/ahammad.n/Desktop/Maxim_Micro_Workspace/PHILIPS_XRAY_MAX32660_code_DC_MOTOR/build/board.o
                0x10000448                Board_Init
 .text.NMI_Handler
                0x10000494       0x10 c:/Users/ahammad.n/Desktop/Maxim_Micro_Workspace/PHILIPS_XRAY_MAX32660_code_DC_MOTOR/build/board.o
                0x10000494                NMI_Handler
 .text.HardFault_Handler
                0x100004a4       0x10 c:/Users/ahammad.n/Desktop/Maxim_Micro_Workspace/PHILIPS_XRAY_MAX32660_code_DC_MOTOR/build/board.o
                0x100004a4                HardFault_Handler
 .text._close   0x100004b4        0x6 c:/Users/ahammad.n/Desktop/Maxim_Micro_Workspace/PHILIPS_XRAY_MAX32660_code_DC_MOTOR/build/stdio.o
                0x100004b4                _close
 .text._isatty  0x100004ba        0x6 c:/Users/ahammad.n/Desktop/Maxim_Micro_Workspace/PHILIPS_XRAY_MAX32660_code_DC_MOTOR/build/stdio.o
                0x100004ba                _isatty
 .text._lseek   0x100004c0        0x6 c:/Users/ahammad.n/Desktop/Maxim_Micro_Workspace/PHILIPS_XRAY_MAX32660_code_DC_MOTOR/build/stdio.o
                0x100004c0                _lseek
 .text._fstat   0x100004c6        0x6 c:/Users/ahammad.n/Desktop/Maxim_Micro_Workspace/PHILIPS_XRAY_MAX32660_code_DC_MOTOR/build/stdio.o
                0x100004c6                _fstat
 .text._read    0x100004cc       0x50 c:/Users/ahammad.n/Desktop/Maxim_Micro_Workspace/PHILIPS_XRAY_MAX32660_code_DC_MOTOR/build/stdio.o
                0x100004cc                _read
 .text._write   0x1000051c       0x50 c:/Users/ahammad.n/Desktop/Maxim_Micro_Workspace/PHILIPS_XRAY_MAX32660_code_DC_MOTOR/build/stdio.o
                0x1000051c                _write
 .text.LED_Off  0x1000056c       0x44 c:/Users/ahammad.n/Desktop/Maxim_Micro_Workspace/PHILIPS_XRAY_MAX32660_code_DC_MOTOR/build/led.o
                0x1000056c                LED_Off
 .text.LED_Init
                0x100005b0       0x3c c:/Users/ahammad.n/Desktop/Maxim_Micro_Workspace/PHILIPS_XRAY_MAX32660_code_DC_MOTOR/build/led.o
                0x100005b0                LED_Init
 .text.PB_Init  0x100005ec       0x38 c:/Users/ahammad.n/Desktop/Maxim_Micro_Workspace/PHILIPS_XRAY_MAX32660_code_DC_MOTOR/build/pb.o
                0x100005ec                PB_Init
 .text.GPIO0_IRQHandler
                0x10000624        0xa c:/Users/ahammad.n/Desktop/Maxim_Micro_Workspace/PHILIPS_XRAY_MAX32660_code_DC_MOTOR/build/pb.o
                0x10000624                GPIO0_IRQHandler
 .text.GPIO1_IRQHandler
                0x1000062e        0xa c:/Users/ahammad.n/Desktop/Maxim_Micro_Workspace/PHILIPS_XRAY_MAX32660_code_DC_MOTOR/build/pb.o
                0x1000062e                GPIO1_IRQHandler
 .text.GPIO2_IRQHandler
                0x10000638        0xa c:/Users/ahammad.n/Desktop/Maxim_Micro_Workspace/PHILIPS_XRAY_MAX32660_code_DC_MOTOR/build/pb.o
                0x10000638                GPIO2_IRQHandler
 .text.GPIO3_IRQHandler
                0x10000642        0xa c:/Users/ahammad.n/Desktop/Maxim_Micro_Workspace/PHILIPS_XRAY_MAX32660_code_DC_MOTOR/build/pb.o
                0x10000642                GPIO3_IRQHandler
 .text.GPIOWAKE_IRQHandler
                0x1000064c        0xa c:/Users/ahammad.n/Desktop/Maxim_Micro_Workspace/PHILIPS_XRAY_MAX32660_code_DC_MOTOR/build/pb.o
                0x1000064c                GPIOWAKE_IRQHandler
 *fill*         0x10000656        0x2 
 .text          0x10000658      0x158 c:/Users/ahammad.n/Desktop/Maxim_Micro_Workspace/PHILIPS_XRAY_MAX32660_code_DC_MOTOR/build/startup_max32690.o
                0x10000658                Reset_Handler
                0x10000698                MemManage_Handler
                0x1000069a                BusFault_Handler
                0x1000069c                UsageFault_Handler
                0x1000069e                SVC_Handler
                0x100006a0                DebugMon_Handler
                0x100006a2                PendSV_Handler
                0x100006a4                SysTick_Handler
                0x100006a6                Default_Handler
                0x100006a8                PF_IRQHandler
                0x100006aa                WDT0_IRQHandler
                0x100006ac                USB_IRQHandler
                0x100006ae                RTC_IRQHandler
                0x100006b0                TRNG_IRQHandler
                0x100006b2                TMR0_IRQHandler
                0x100006b4                TMR1_IRQHandler
                0x100006b6                TMR2_IRQHandler
                0x100006b8                TMR3_IRQHandler
                0x100006ba                TMR4_IRQHandler
                0x100006bc                TMR5_IRQHandler
                0x100006be                RSV11_IRQHandler
                0x100006c0                RSV12_IRQHandler
                0x100006c2                I2C0_IRQHandler
                0x100006c4                UART0_IRQHandler
                0x100006c6                UART1_IRQHandler
                0x100006c8                SPI0_IRQHandler
                0x100006ca                SPI1_IRQHandler
                0x100006cc                SPI2_IRQHandler
                0x100006ce                RSV19_IRQHandler
                0x100006d0                ADC_IRQHandler
                0x100006d2                RSV21_IRQHandler
                0x100006d4                RSV22_IRQHandler
                0x100006d6                FLC0_IRQHandler
                0x100006de                CRYPTO_IRQHandler
                0x100006e0                DMA0_IRQHandler
                0x100006e2                DMA1_IRQHandler
                0x100006e4                DMA2_IRQHandler
                0x100006e6                DMA3_IRQHandler
                0x100006e8                RSV32_IRQHandler
                0x100006ea                RSV33_IRQHandler
                0x100006ec                UART2_IRQHandler
                0x100006ee                RSV35_IRQHandler
                0x100006f0                I2C1_IRQHandler
                0x100006f2                RSV37_IRQHandler
                0x100006f4                SPIXC_IRQHandler
                0x100006f6                BTLE_TX_DONE_IRQHandler
                0x100006f8                BTLE_RX_RCVD_IRQHandler
                0x100006fa                BTLE_RX_ENG_DET_IRQHandler
                0x100006fc                BTLE_SFD_DET_IRQHandler
                0x100006fe                BTLE_SFD_TO_IRQHandler
                0x10000700                BTLE_GP_EVENT_IRQHandler
                0x10000702                BTLE_CFO_IRQHandler
                0x10000704                BTLE_SIG_DET_IRQHandler
                0x10000706                BTLE_AGC_EVENT_IRQHandler
                0x10000708                BTLE_RFFE_SPIM_IRQHandler
                0x1000070a                BTLE_TX_AES_IRQHandler
                0x1000070c                BTLE_RX_AES_IRQHandler
                0x1000070e                BTLE_INV_APB_ADDR_IRQHandler
                0x10000710                BTLE_IQ_DATA_VALID_IRQHandler
                0x10000712                WUT0_IRQHandler
                0x10000716                RSV55_IRQHandler
                0x10000718                SPI3_IRQHandler
                0x1000071a                WDT1_IRQHandler
                0x1000071e                PT_IRQHandler
                0x10000720                RSV60_IRQHandler
                0x10000722                HPB_IRQHandler
                0x10000724                I2C2_IRQHandler
                0x10000726                RISCV_IRQHandler
                0x10000728                RSV64_IRQHandler
                0x1000072a                RSV65_IRQHandler
                0x1000072c                RSV66_IRQHandler
                0x1000072e                OWM_IRQHandler
                0x10000730                DMA4_IRQHandler
                0x10000732                DMA5_IRQHandler
                0x10000734                DMA6_IRQHandler
                0x10000736                DMA7_IRQHandler
                0x10000738                DMA8_IRQHandler
                0x1000073a                DMA9_IRQHandler
                0x1000073c                DMA10_IRQHandler
                0x1000073e                DMA11_IRQHandler
                0x10000740                DMA12_IRQHandler
                0x10000742                DMA13_IRQHandler
                0x10000744                DMA14_IRQHandler
                0x10000746                DMA15_IRQHandler
                0x10000748                USBDMA_IRQHandler
                0x1000074a                RSV81_IRQHandler
                0x1000074c                ECC_IRQHandler
                0x1000074e                RSV83_IRQHandler
                0x10000750                RSV84_IRQHandler
                0x10000752                SCA_IRQHandler
                0x10000754                RSV86_IRQHandler
                0x10000756                FLC1_IRQHandler
                0x10000758                UART3_IRQHandler
                0x1000075a                RSV89_IRQHandler
                0x1000075c                RSV90_IRQHandler
                0x1000075e                RSV91_IRQHandler
                0x10000760                RSV92_IRQHandler
                0x10000762                RSV93_IRQHandler
                0x10000764                RSV94_IRQHandler
                0x10000766                RSV95_IRQHandler
                0x10000768                RSV96_IRQHandler
                0x1000076a                RSV97_IRQHandler
                0x1000076c                RSV98_IRQHandler
                0x1000076e                I2S_IRQHandler
                0x10000770                RSV100_IRQHandler
                0x10000772                RSV101_IRQHandler
                0x10000774                RSV102_IRQHandler
                0x10000776                LPCMP_IRQHandler
                0x10000778                RSV104_IRQHandler
                0x1000077a                SPI4_IRQHandler
                0x1000077c                RSV106_IRQHandler
                0x1000077e                CAN0_IRQHandler
                0x10000780                CAN1_IRQHandler
                0x10000782                WUT1_IRQHandler
                0x10000784                RSV110_IRQHandler
                0x10000786                RSV111_IRQHandler
 .text._sbrk    0x100007b0       0x40 c:/Users/ahammad.n/Desktop/Maxim_Micro_Workspace/PHILIPS_XRAY_MAX32660_code_DC_MOTOR/build/heap.o
                0x100007b0                _sbrk
 .text.SystemCoreClockUpdate
                0x100007f0       0x80 c:/Users/ahammad.n/Desktop/Maxim_Micro_Workspace/PHILIPS_XRAY_MAX32660_code_DC_MOTOR/build/system_max32690.o
                0x100007f0                SystemCoreClockUpdate
 .text.PreInit  0x10000870        0x4 c:/Users/ahammad.n/Desktop/Maxim_Micro_Workspace/PHILIPS_XRAY_MAX32660_code_DC_MOTOR/build/system_max32690.o
                0x10000870                PreInit
 .text.PalSysInit
                0x10000874        0x2 c:/Users/ahammad.n/Desktop/Maxim_Micro_Workspace/PHILIPS_XRAY_MAX32660_code_DC_MOTOR/build/system_max32690.o
                0x10000874                PalSysInit
 *fill*         0x10000876        0x2 
 .text.SystemInit
                0x10000878       0x84 c:/Users/ahammad.n/Desktop/Maxim_Micro_Workspace/PHILIPS_XRAY_MAX32660_code_DC_MOTOR/build/system_max32690.o
                0x10000878                SystemInit
 .text.MXC_DelayInit
                0x100008fc       0x84 C:/MaximSDK/Libraries/PeriphDrivers/bin/MAX32690/softfp/libPeriphDriver_softfp.a(mxc_delay.o)
 .text.MXC_DelayAsync
                0x10000980       0x44 C:/MaximSDK/Libraries/PeriphDrivers/bin/MAX32690/softfp/libPeriphDriver_softfp.a(mxc_delay.o)
                0x10000980                MXC_DelayAsync
 .text.MXC_SYS_ClockDisable
                0x100009c4       0x48 C:/MaximSDK/Libraries/PeriphDrivers/bin/MAX32690/softfp/libPeriphDriver_softfp.a(sys_me18.o)
                0x100009c4                MXC_SYS_ClockDisable
 .text.MXC_SYS_ClockEnable
                0x10000a0c       0x50 C:/MaximSDK/Libraries/PeriphDrivers/bin/MAX32690/softfp/libPeriphDriver_softfp.a(sys_me18.o)
                0x10000a0c                MXC_SYS_ClockEnable
 .text.MXC_SYS_Clock_Timeout
                0x10000a5c       0x1c C:/MaximSDK/Libraries/PeriphDrivers/bin/MAX32690/softfp/libPeriphDriver_softfp.a(sys_me18.o)
                0x10000a5c                MXC_SYS_Clock_Timeout
 .text.MXC_SYS_ClockSourceEnable
                0x10000a78       0xa4 C:/MaximSDK/Libraries/PeriphDrivers/bin/MAX32690/softfp/libPeriphDriver_softfp.a(sys_me18.o)
                0x10000a78                MXC_SYS_ClockSourceEnable
 .text.MXC_SYS_Clock_Select
                0x10000b1c      0x12c C:/MaximSDK/Libraries/PeriphDrivers/bin/MAX32690/softfp/libPeriphDriver_softfp.a(sys_me18.o)
                0x10000b1c                MXC_SYS_Clock_Select
 .text.MXC_SYS_Reset_Periph
                0x10000c48       0x54 C:/MaximSDK/Libraries/PeriphDrivers/bin/MAX32690/softfp/libPeriphDriver_softfp.a(sys_me18.o)
                0x10000c48                MXC_SYS_Reset_Periph
 .text.MXC_GPIO_Init
                0x10000c9c       0x44 C:/MaximSDK/Libraries/PeriphDrivers/bin/MAX32690/softfp/libPeriphDriver_softfp.a(gpio_me18.o)
                0x10000c9c                MXC_GPIO_Init
 .text.MXC_GPIO_OutSet
                0x10000ce0       0x2c C:/MaximSDK/Libraries/PeriphDrivers/bin/MAX32690/softfp/libPeriphDriver_softfp.a(gpio_me18.o)
                0x10000ce0                MXC_GPIO_OutSet
 .text.MXC_GPIO_OutClr
                0x10000d0c       0x30 C:/MaximSDK/Libraries/PeriphDrivers/bin/MAX32690/softfp/libPeriphDriver_softfp.a(gpio_me18.o)
                0x10000d0c                MXC_GPIO_OutClr
 .text.MXC_GPIO_Handler
                0x10000d3c        0x8 C:/MaximSDK/Libraries/PeriphDrivers/bin/MAX32690/softfp/libPeriphDriver_softfp.a(gpio_me18.o)
                0x10000d3c                MXC_GPIO_Handler
 .text.MXC_GPIO_ClearFlags
                0x10000d44       0x20 C:/MaximSDK/Libraries/PeriphDrivers/bin/MAX32690/softfp/libPeriphDriver_softfp.a(gpio_me18.o)
                0x10000d44                MXC_GPIO_ClearFlags
 .text.MXC_GPIO_GetFlags
                0x10000d64       0x20 C:/MaximSDK/Libraries/PeriphDrivers/bin/MAX32690/softfp/libPeriphDriver_softfp.a(gpio_me18.o)
                0x10000d64                MXC_GPIO_GetFlags
 .text.MXC_GPIO_SetVSSEL
                0x10000d84       0x18 C:/MaximSDK/Libraries/PeriphDrivers/bin/MAX32690/softfp/libPeriphDriver_softfp.a(gpio_me18.o)
                0x10000d84                MXC_GPIO_SetVSSEL
 .text.MXC_GPIO_Config
                0x10000d9c      0x28c C:/MaximSDK/Libraries/PeriphDrivers/bin/MAX32690/softfp/libPeriphDriver_softfp.a(gpio_me18.o)
                0x10000d9c                MXC_GPIO_Config
 .text.MXC_GPIO_RevA_OutSet
                0x10001028        0x4 C:/MaximSDK/Libraries/PeriphDrivers/bin/MAX32690/softfp/libPeriphDriver_softfp.a(gpio_reva.o)
                0x10001028                MXC_GPIO_RevA_OutSet
 .text.MXC_GPIO_RevA_OutClr
                0x1000102c        0x4 C:/MaximSDK/Libraries/PeriphDrivers/bin/MAX32690/softfp/libPeriphDriver_softfp.a(gpio_reva.o)
                0x1000102c                MXC_GPIO_RevA_OutClr
 .text.MXC_GPIO_RevA_ClearFlags
                0x10001030        0x4 C:/MaximSDK/Libraries/PeriphDrivers/bin/MAX32690/softfp/libPeriphDriver_softfp.a(gpio_reva.o)
                0x10001030                MXC_GPIO_RevA_ClearFlags
 .text.MXC_GPIO_RevA_GetFlags
                0x10001034        0x4 C:/MaximSDK/Libraries/PeriphDrivers/bin/MAX32690/softfp/libPeriphDriver_softfp.a(gpio_reva.o)
                0x10001034                MXC_GPIO_RevA_GetFlags
 .text.MXC_GPIO_RevA_SetVSSEL
                0x10001038       0x2a C:/MaximSDK/Libraries/PeriphDrivers/bin/MAX32690/softfp/libPeriphDriver_softfp.a(gpio_reva.o)
                0x10001038                MXC_GPIO_RevA_SetVSSEL
 .text.MXC_GPIO_RevA_SetAF
                0x10001062       0x72 C:/MaximSDK/Libraries/PeriphDrivers/bin/MAX32690/softfp/libPeriphDriver_softfp.a(gpio_reva.o)
                0x10001062                MXC_GPIO_RevA_SetAF
 .text.MXC_ICC_Enable
                0x100010d4        0x8 C:/MaximSDK/Libraries/PeriphDrivers/bin/MAX32690/softfp/libPeriphDriver_softfp.a(icc_me18.o)
                0x100010d4                MXC_ICC_Enable
 .text.MXC_ICC_Disable
                0x100010dc        0x8 C:/MaximSDK/Libraries/PeriphDrivers/bin/MAX32690/softfp/libPeriphDriver_softfp.a(icc_me18.o)
                0x100010dc                MXC_ICC_Disable
 .text.MXC_ICC_Ready
                0x100010e4        0xa C:/MaximSDK/Libraries/PeriphDrivers/bin/MAX32690/softfp/libPeriphDriver_softfp.a(icc_reva.o)
 .text.MXC_ICC_RevA_Enable
                0x100010ee       0x38 C:/MaximSDK/Libraries/PeriphDrivers/bin/MAX32690/softfp/libPeriphDriver_softfp.a(icc_reva.o)
                0x100010ee                MXC_ICC_RevA_Enable
 .text.MXC_ICC_RevA_Disable
                0x10001126        0xe C:/MaximSDK/Libraries/PeriphDrivers/bin/MAX32690/softfp/libPeriphDriver_softfp.a(icc_reva.o)
                0x10001126                MXC_ICC_RevA_Disable
 .text.MXC_SPI_Init
                0x10001134      0x27c C:/MaximSDK/Libraries/PeriphDrivers/bin/MAX32690/softfp/libPeriphDriver_softfp.a(spi_me18.o)
                0x10001134                MXC_SPI_Init
 .text.MXC_SPI_GetPeripheralClock
                0x100013b0       0xb0 C:/MaximSDK/Libraries/PeriphDrivers/bin/MAX32690/softfp/libPeriphDriver_softfp.a(spi_me18.o)
                0x100013b0                MXC_SPI_GetPeripheralClock
 .text.MXC_SPI_SetFrequency
                0x10001460        0x8 C:/MaximSDK/Libraries/PeriphDrivers/bin/MAX32690/softfp/libPeriphDriver_softfp.a(spi_me18.o)
                0x10001460                MXC_SPI_SetFrequency
 .text.MXC_SPI_SetDataSize
                0x10001468        0x8 C:/MaximSDK/Libraries/PeriphDrivers/bin/MAX32690/softfp/libPeriphDriver_softfp.a(spi_me18.o)
                0x10001468                MXC_SPI_SetDataSize
 .text.MXC_SPI_GetDataSize
                0x10001470        0x8 C:/MaximSDK/Libraries/PeriphDrivers/bin/MAX32690/softfp/libPeriphDriver_softfp.a(spi_me18.o)
                0x10001470                MXC_SPI_GetDataSize
 .text.MXC_SPI_SetSlave
                0x10001478        0x8 C:/MaximSDK/Libraries/PeriphDrivers/bin/MAX32690/softfp/libPeriphDriver_softfp.a(spi_me18.o)
                0x10001478                MXC_SPI_SetSlave
 .text.MXC_SPI_GetWidth
                0x10001480        0x8 C:/MaximSDK/Libraries/PeriphDrivers/bin/MAX32690/softfp/libPeriphDriver_softfp.a(spi_me18.o)
                0x10001480                MXC_SPI_GetWidth
 .text.MXC_SPI_SetMode
                0x10001488        0x8 C:/MaximSDK/Libraries/PeriphDrivers/bin/MAX32690/softfp/libPeriphDriver_softfp.a(spi_me18.o)
                0x10001488                MXC_SPI_SetMode
 .text.MXC_SPI_StartTransmission
                0x10001490        0x8 C:/MaximSDK/Libraries/PeriphDrivers/bin/MAX32690/softfp/libPeriphDriver_softfp.a(spi_me18.o)
                0x10001490                MXC_SPI_StartTransmission
 .text.MXC_SPI_GetActive
                0x10001498        0x8 C:/MaximSDK/Libraries/PeriphDrivers/bin/MAX32690/softfp/libPeriphDriver_softfp.a(spi_me18.o)
                0x10001498                MXC_SPI_GetActive
 .text.MXC_SPI_ReadRXFIFO
                0x100014a0        0x8 C:/MaximSDK/Libraries/PeriphDrivers/bin/MAX32690/softfp/libPeriphDriver_softfp.a(spi_me18.o)
                0x100014a0                MXC_SPI_ReadRXFIFO
 .text.MXC_SPI_GetRXFIFOAvailable
                0x100014a8        0x8 C:/MaximSDK/Libraries/PeriphDrivers/bin/MAX32690/softfp/libPeriphDriver_softfp.a(spi_me18.o)
                0x100014a8                MXC_SPI_GetRXFIFOAvailable
 .text.MXC_SPI_WriteTXFIFO
                0x100014b0        0x8 C:/MaximSDK/Libraries/PeriphDrivers/bin/MAX32690/softfp/libPeriphDriver_softfp.a(spi_me18.o)
                0x100014b0                MXC_SPI_WriteTXFIFO
 .text.MXC_SPI_GetTXFIFOAvailable
                0x100014b8        0x8 C:/MaximSDK/Libraries/PeriphDrivers/bin/MAX32690/softfp/libPeriphDriver_softfp.a(spi_me18.o)
                0x100014b8                MXC_SPI_GetTXFIFOAvailable
 .text.MXC_SPI_SetRXThreshold
                0x100014c0        0x8 C:/MaximSDK/Libraries/PeriphDrivers/bin/MAX32690/softfp/libPeriphDriver_softfp.a(spi_me18.o)
                0x100014c0                MXC_SPI_SetRXThreshold
 .text.MXC_SPI_SetTXThreshold
                0x100014c8        0x8 C:/MaximSDK/Libraries/PeriphDrivers/bin/MAX32690/softfp/libPeriphDriver_softfp.a(spi_me18.o)
                0x100014c8                MXC_SPI_SetTXThreshold
 .text.MXC_SPI_MasterTransaction
                0x100014d0        0x8 C:/MaximSDK/Libraries/PeriphDrivers/bin/MAX32690/softfp/libPeriphDriver_softfp.a(spi_me18.o)
                0x100014d0                MXC_SPI_MasterTransaction
 .text.MXC_SPI_RevA_TransSetup
                0x100014d8      0x1f8 C:/MaximSDK/Libraries/PeriphDrivers/bin/MAX32690/softfp/libPeriphDriver_softfp.a(spi_reva.o)
 .text.MXC_SPI_RevA_TransHandler
                0x100016d0      0x1b4 C:/MaximSDK/Libraries/PeriphDrivers/bin/MAX32690/softfp/libPeriphDriver_softfp.a(spi_reva.o)
 .text.MXC_SPI_RevA_MasterTransHandler
                0x10001884       0x98 C:/MaximSDK/Libraries/PeriphDrivers/bin/MAX32690/softfp/libPeriphDriver_softfp.a(spi_reva.o)
 .text.MXC_SPI_RevA_Init
                0x1000191c      0x130 C:/MaximSDK/Libraries/PeriphDrivers/bin/MAX32690/softfp/libPeriphDriver_softfp.a(spi_reva.o)
                0x1000191c                MXC_SPI_RevA_Init
 .text.MXC_SPI_RevA_SetFrequency
                0x10001a4c       0x84 C:/MaximSDK/Libraries/PeriphDrivers/bin/MAX32690/softfp/libPeriphDriver_softfp.a(spi_reva.o)
                0x10001a4c                MXC_SPI_RevA_SetFrequency
 .text.MXC_SPI_RevA_SetDataSize
                0x10001ad0       0xd4 C:/MaximSDK/Libraries/PeriphDrivers/bin/MAX32690/softfp/libPeriphDriver_softfp.a(spi_reva.o)
                0x10001ad0                MXC_SPI_RevA_SetDataSize
 .text.MXC_SPI_RevA_GetDataSize
                0x10001ba4       0x58 C:/MaximSDK/Libraries/PeriphDrivers/bin/MAX32690/softfp/libPeriphDriver_softfp.a(spi_reva.o)
                0x10001ba4                MXC_SPI_RevA_GetDataSize
 .text.MXC_SPI_RevA_SetSlave
                0x10001bfc       0x7c C:/MaximSDK/Libraries/PeriphDrivers/bin/MAX32690/softfp/libPeriphDriver_softfp.a(spi_reva.o)
                0x10001bfc                MXC_SPI_RevA_SetSlave
 .text.MXC_SPI_RevA_GetWidth
                0x10001c78       0x28 C:/MaximSDK/Libraries/PeriphDrivers/bin/MAX32690/softfp/libPeriphDriver_softfp.a(spi_reva.o)
                0x10001c78                MXC_SPI_RevA_GetWidth
 .text.MXC_SPI_RevA_SetMode
                0x10001ca0       0x9c C:/MaximSDK/Libraries/PeriphDrivers/bin/MAX32690/softfp/libPeriphDriver_softfp.a(spi_reva.o)
                0x10001ca0                MXC_SPI_RevA_SetMode
 .text.MXC_SPI_RevA_StartTransmission
                0x10001d3c       0x5c C:/MaximSDK/Libraries/PeriphDrivers/bin/MAX32690/softfp/libPeriphDriver_softfp.a(spi_reva.o)
                0x10001d3c                MXC_SPI_RevA_StartTransmission
 .text.MXC_SPI_RevA_GetActive
                0x10001d98       0x12 C:/MaximSDK/Libraries/PeriphDrivers/bin/MAX32690/softfp/libPeriphDriver_softfp.a(spi_reva.o)
                0x10001d98                MXC_SPI_RevA_GetActive
 *fill*         0x10001daa        0x2 
 .text.MXC_SPI_RevA_ReadRXFIFO
                0x10001dac       0xb8 C:/MaximSDK/Libraries/PeriphDrivers/bin/MAX32690/softfp/libPeriphDriver_softfp.a(spi_reva.o)
                0x10001dac                MXC_SPI_RevA_ReadRXFIFO
 .text.MXC_SPI_RevA_GetRXFIFOAvailable
                0x10001e64        0x8 C:/MaximSDK/Libraries/PeriphDrivers/bin/MAX32690/softfp/libPeriphDriver_softfp.a(spi_reva.o)
                0x10001e64                MXC_SPI_RevA_GetRXFIFOAvailable
 .text.MXC_SPI_RevA_WriteTXFIFO
                0x10001e6c       0xa0 C:/MaximSDK/Libraries/PeriphDrivers/bin/MAX32690/softfp/libPeriphDriver_softfp.a(spi_reva.o)
                0x10001e6c                MXC_SPI_RevA_WriteTXFIFO
 .text.MXC_SPI_RevA_GetTXFIFOAvailable
                0x10001f0c       0x50 C:/MaximSDK/Libraries/PeriphDrivers/bin/MAX32690/softfp/libPeriphDriver_softfp.a(spi_reva.o)
                0x10001f0c                MXC_SPI_RevA_GetTXFIFOAvailable
 .text.MXC_SPI_RevA_SetRXThreshold
                0x10001f5c       0x64 C:/MaximSDK/Libraries/PeriphDrivers/bin/MAX32690/softfp/libPeriphDriver_softfp.a(spi_reva.o)
                0x10001f5c                MXC_SPI_RevA_SetRXThreshold
 .text.MXC_SPI_RevA_SetTXThreshold
                0x10001fc0       0x60 C:/MaximSDK/Libraries/PeriphDrivers/bin/MAX32690/softfp/libPeriphDriver_softfp.a(spi_reva.o)
                0x10001fc0                MXC_SPI_RevA_SetTXThreshold
 .text.MXC_SPI_RevA_MasterTransaction
                0x10002020       0x80 C:/MaximSDK/Libraries/PeriphDrivers/bin/MAX32690/softfp/libPeriphDriver_softfp.a(spi_reva.o)
                0x10002020                MXC_SPI_RevA_MasterTransaction
 .text.MXC_UART_Shutdown
                0x100020a0       0x70 C:/MaximSDK/Libraries/PeriphDrivers/bin/MAX32690/softfp/libPeriphDriver_softfp.a(uart_me18.o)
                0x100020a0                MXC_UART_Shutdown
 .text.MXC_UART_Init
                0x10002110       0xb4 C:/MaximSDK/Libraries/PeriphDrivers/bin/MAX32690/softfp/libPeriphDriver_softfp.a(uart_me18.o)
                0x10002110                MXC_UART_Init
 .text.MXC_UART_GetFrequency
                0x100021c4       0xa4 C:/MaximSDK/Libraries/PeriphDrivers/bin/MAX32690/softfp/libPeriphDriver_softfp.a(uart_me18.o)
                0x100021c4                MXC_UART_GetFrequency
 .text.MXC_UART_SetFrequency
                0x10002268      0x134 C:/MaximSDK/Libraries/PeriphDrivers/bin/MAX32690/softfp/libPeriphDriver_softfp.a(uart_me18.o)
                0x10002268                MXC_UART_SetFrequency
 .text.MXC_UART_SetDataSize
                0x1000239c        0x8 C:/MaximSDK/Libraries/PeriphDrivers/bin/MAX32690/softfp/libPeriphDriver_softfp.a(uart_me18.o)
                0x1000239c                MXC_UART_SetDataSize
 .text.MXC_UART_SetStopBits
                0x100023a4        0x8 C:/MaximSDK/Libraries/PeriphDrivers/bin/MAX32690/softfp/libPeriphDriver_softfp.a(uart_me18.o)
                0x100023a4                MXC_UART_SetStopBits
 .text.MXC_UART_SetParity
                0x100023ac        0x8 C:/MaximSDK/Libraries/PeriphDrivers/bin/MAX32690/softfp/libPeriphDriver_softfp.a(uart_me18.o)
                0x100023ac                MXC_UART_SetParity
 .text.MXC_UART_ReadCharacterRaw
                0x100023b4        0x8 C:/MaximSDK/Libraries/PeriphDrivers/bin/MAX32690/softfp/libPeriphDriver_softfp.a(uart_me18.o)
                0x100023b4                MXC_UART_ReadCharacterRaw
 .text.MXC_UART_WriteCharacterRaw
                0x100023bc        0x8 C:/MaximSDK/Libraries/PeriphDrivers/bin/MAX32690/softfp/libPeriphDriver_softfp.a(uart_me18.o)
                0x100023bc                MXC_UART_WriteCharacterRaw
 .text.MXC_UART_ReadCharacter
                0x100023c4        0x8 C:/MaximSDK/Libraries/PeriphDrivers/bin/MAX32690/softfp/libPeriphDriver_softfp.a(uart_me18.o)
                0x100023c4                MXC_UART_ReadCharacter
 .text.MXC_UART_WriteCharacter
                0x100023cc        0x8 C:/MaximSDK/Libraries/PeriphDrivers/bin/MAX32690/softfp/libPeriphDriver_softfp.a(uart_me18.o)
                0x100023cc                MXC_UART_WriteCharacter
 .text.MXC_UART_GetRXFIFOAvailable
                0x100023d4        0x8 C:/MaximSDK/Libraries/PeriphDrivers/bin/MAX32690/softfp/libPeriphDriver_softfp.a(uart_me18.o)
                0x100023d4                MXC_UART_GetRXFIFOAvailable
 .text.MXC_UART_GetTXFIFOAvailable
                0x100023dc        0x8 C:/MaximSDK/Libraries/PeriphDrivers/bin/MAX32690/softfp/libPeriphDriver_softfp.a(uart_me18.o)
                0x100023dc                MXC_UART_GetTXFIFOAvailable
 .text.MXC_UART_SetRXThreshold
                0x100023e4        0x8 C:/MaximSDK/Libraries/PeriphDrivers/bin/MAX32690/softfp/libPeriphDriver_softfp.a(uart_me18.o)
                0x100023e4                MXC_UART_SetRXThreshold
 .text.MXC_UART_RevB_Init
                0x100023ec       0x7c C:/MaximSDK/Libraries/PeriphDrivers/bin/MAX32690/softfp/libPeriphDriver_softfp.a(uart_revb.o)
                0x100023ec                MXC_UART_RevB_Init
 .text.MXC_UART_RevB_SetDataSize
                0x10002468       0x48 C:/MaximSDK/Libraries/PeriphDrivers/bin/MAX32690/softfp/libPeriphDriver_softfp.a(uart_revb.o)
                0x10002468                MXC_UART_RevB_SetDataSize
 .text.MXC_UART_RevB_SetStopBits
                0x100024b0       0x4c C:/MaximSDK/Libraries/PeriphDrivers/bin/MAX32690/softfp/libPeriphDriver_softfp.a(uart_revb.o)
                0x100024b0                MXC_UART_RevB_SetStopBits
 .text.MXC_UART_RevB_SetParity
                0x100024fc       0xb8 C:/MaximSDK/Libraries/PeriphDrivers/bin/MAX32690/softfp/libPeriphDriver_softfp.a(uart_revb.o)
                0x100024fc                MXC_UART_RevB_SetParity
 .text.MXC_UART_RevB_ReadCharacterRaw
                0x100025b4       0x3c C:/MaximSDK/Libraries/PeriphDrivers/bin/MAX32690/softfp/libPeriphDriver_softfp.a(uart_revb.o)
                0x100025b4                MXC_UART_RevB_ReadCharacterRaw
 .text.MXC_UART_RevB_WriteCharacterRaw
                0x100025f0       0x3c C:/MaximSDK/Libraries/PeriphDrivers/bin/MAX32690/softfp/libPeriphDriver_softfp.a(uart_revb.o)
                0x100025f0                MXC_UART_RevB_WriteCharacterRaw
 .text.MXC_UART_RevB_GetRXFIFOAvailable
                0x1000262c        0x8 C:/MaximSDK/Libraries/PeriphDrivers/bin/MAX32690/softfp/libPeriphDriver_softfp.a(uart_revb.o)
                0x1000262c                MXC_UART_RevB_GetRXFIFOAvailable
 .text.MXC_UART_RevB_GetTXFIFOAvailable
                0x10002634        0xc C:/MaximSDK/Libraries/PeriphDrivers/bin/MAX32690/softfp/libPeriphDriver_softfp.a(uart_revb.o)
                0x10002634                MXC_UART_RevB_GetTXFIFOAvailable
 .text.MXC_UART_RevB_SetRXThreshold
                0x10002640       0x48 C:/MaximSDK/Libraries/PeriphDrivers/bin/MAX32690/softfp/libPeriphDriver_softfp.a(uart_revb.o)
                0x10002640                MXC_UART_RevB_SetRXThreshold
 .text.MXC_FreeLock
                0x10002688        0xa C:/MaximSDK/Libraries/PeriphDrivers/bin/MAX32690/softfp/libPeriphDriver_softfp.a(mxc_lock.o)
                0x10002688                MXC_FreeLock
 *fill*         0x10002692        0x2 
 .text.MXC_GPIO_Common_Init
                0x10002694       0x40 C:/MaximSDK/Libraries/PeriphDrivers/bin/MAX32690/softfp/libPeriphDriver_softfp.a(gpio_common.o)
                0x10002694                MXC_GPIO_Common_Init
 .text.MXC_GPIO_Common_Handler
                0x100026d4       0x9c C:/MaximSDK/Libraries/PeriphDrivers/bin/MAX32690/softfp/libPeriphDriver_softfp.a(gpio_common.o)
                0x100026d4                MXC_GPIO_Common_Handler
 .text.MXC_UART_Common_ReadCharacter
                0x10002770       0x16 C:/MaximSDK/Libraries/PeriphDrivers/bin/MAX32690/softfp/libPeriphDriver_softfp.a(uart_common.o)
                0x10002770                MXC_UART_Common_ReadCharacter
 .text.MXC_UART_Common_WriteCharacter
                0x10002786       0x1a C:/MaximSDK/Libraries/PeriphDrivers/bin/MAX32690/softfp/libPeriphDriver_softfp.a(uart_common.o)
                0x10002786                MXC_UART_Common_WriteCharacter
 .text.__errno  0x100027a0        0xc c:/maximsdk/tools/gnutools/10.3/bin/../lib/gcc/arm-none-eabi/10.3.1/../../../../arm-none-eabi/lib/thumb/v7e-m+fp/softfp\libc.a(lib_a-errno.o)
                0x100027a0                __errno
 .text.__libc_init_array
                0x100027ac       0x48 c:/maximsdk/tools/gnutools/10.3/bin/../lib/gcc/arm-none-eabi/10.3.1/../../../../arm-none-eabi/lib/thumb/v7e-m+fp/softfp\libc.a(lib_a-init.o)
                0x100027ac                __libc_init_array
 .text          0x100027f4      0x134 c:/maximsdk/tools/gnutools/10.3/bin/../lib/gcc/arm-none-eabi/10.3.1/../../../../arm-none-eabi/lib/thumb/v7e-m+fp/softfp\libc.a(lib_a-memcpy.o)
                0x100027f4                memcpy
 .text.memset   0x10002928       0xa4 c:/maximsdk/tools/gnutools/10.3/bin/../lib/gcc/arm-none-eabi/10.3.1/../../../../arm-none-eabi/lib/thumb/v7e-m+fp/softfp\libc.a(lib_a-memset.o)
                0x10002928                memset
 .text.printf   0x100029cc       0x28 c:/maximsdk/tools/gnutools/10.3/bin/../lib/gcc/arm-none-eabi/10.3.1/../../../../arm-none-eabi/lib/thumb/v7e-m+fp/softfp\libc.a(lib_a-printf.o)
                0x100029cc                printf
 .text._puts_r  0x100029f4       0x9c c:/maximsdk/tools/gnutools/10.3/bin/../lib/gcc/arm-none-eabi/10.3.1/../../../../arm-none-eabi/lib/thumb/v7e-m+fp/softfp\libc.a(lib_a-puts.o)
                0x100029f4                _puts_r
 .text.puts     0x10002a90       0x10 c:/maximsdk/tools/gnutools/10.3/bin/../lib/gcc/arm-none-eabi/10.3.1/../../../../arm-none-eabi/lib/thumb/v7e-m+fp/softfp\libc.a(lib_a-puts.o)
                0x10002a90                puts
 *fill*         0x10002aa0       0x20 
 .text          0x10002ac0       0xdc c:/maximsdk/tools/gnutools/10.3/bin/../lib/gcc/arm-none-eabi/10.3.1/../../../../arm-none-eabi/lib/thumb/v7e-m+fp/softfp\libc.a(lib_a-strlen.o)
                0x10002ac0                strlen
 *fill*         0x10002b9c        0x4 
 .text._vfprintf_r
                0x10002ba0     0x1b8c c:/maximsdk/tools/gnutools/10.3/bin/../lib/gcc/arm-none-eabi/10.3.1/../../../../arm-none-eabi/lib/thumb/v7e-m+fp/softfp\libc.a(lib_a-vfprintf.o)
                0x10002ba0                _vfprintf_r
 .text.__sbprintf
                0x1000472c       0x80 c:/maximsdk/tools/gnutools/10.3/bin/../lib/gcc/arm-none-eabi/10.3.1/../../../../arm-none-eabi/lib/thumb/v7e-m+fp/softfp\libc.a(lib_a-vfprintf.o)
 .text.__swsetup_r
                0x100047ac       0xd4 c:/maximsdk/tools/gnutools/10.3/bin/../lib/gcc/arm-none-eabi/10.3.1/../../../../arm-none-eabi/lib/thumb/v7e-m+fp/softfp\libc.a(lib_a-wsetup.o)
                0x100047ac                __swsetup_r
 .text.startup.register_fini
                0x10004880       0x14 c:/maximsdk/tools/gnutools/10.3/bin/../lib/gcc/arm-none-eabi/10.3.1/../../../../arm-none-eabi/lib/thumb/v7e-m+fp/softfp\libc.a(lib_a-__call_atexit.o)
 .text.atexit   0x10004894        0xc c:/maximsdk/tools/gnutools/10.3/bin/../lib/gcc/arm-none-eabi/10.3.1/../../../../arm-none-eabi/lib/thumb/v7e-m+fp/softfp\libc.a(lib_a-atexit.o)
                0x10004894                atexit
 .text.quorem   0x100048a0      0x128 c:/maximsdk/tools/gnutools/10.3/bin/../lib/gcc/arm-none-eabi/10.3.1/../../../../arm-none-eabi/lib/thumb/v7e-m+fp/softfp\libc.a(lib_a-dtoa.o)
 .text._dtoa_r  0x100049c8      0xf34 c:/maximsdk/tools/gnutools/10.3/bin/../lib/gcc/arm-none-eabi/10.3.1/../../../../arm-none-eabi/lib/thumb/v7e-m+fp/softfp\libc.a(lib_a-dtoa.o)
                0x100049c8                _dtoa_r
 .text.__sflush_r
                0x100058fc      0x130 c:/maximsdk/tools/gnutools/10.3/bin/../lib/gcc/arm-none-eabi/10.3.1/../../../../arm-none-eabi/lib/thumb/v7e-m+fp/softfp\libc.a(lib_a-fflush.o)
                0x100058fc                __sflush_r
 .text._fflush_r
                0x10005a2c       0x5c c:/maximsdk/tools/gnutools/10.3/bin/../lib/gcc/arm-none-eabi/10.3.1/../../../../arm-none-eabi/lib/thumb/v7e-m+fp/softfp\libc.a(lib_a-fflush.o)
                0x10005a2c                _fflush_r
 .text._cleanup_r
                0x10005a88        0xc c:/maximsdk/tools/gnutools/10.3/bin/../lib/gcc/arm-none-eabi/10.3.1/../../../../arm-none-eabi/lib/thumb/v7e-m+fp/softfp\libc.a(lib_a-findfp.o)
                0x10005a88                _cleanup_r
 .text.__sinit  0x10005a94      0x10c c:/maximsdk/tools/gnutools/10.3/bin/../lib/gcc/arm-none-eabi/10.3.1/../../../../arm-none-eabi/lib/thumb/v7e-m+fp/softfp\libc.a(lib_a-findfp.o)
                0x10005a94                __sinit
 .text.__sfp_lock_acquire
                0x10005ba0        0xc c:/maximsdk/tools/gnutools/10.3/bin/../lib/gcc/arm-none-eabi/10.3.1/../../../../arm-none-eabi/lib/thumb/v7e-m+fp/softfp\libc.a(lib_a-findfp.o)
                0x10005ba0                __sfp_lock_acquire
 .text.__sfp_lock_release
                0x10005bac        0xc c:/maximsdk/tools/gnutools/10.3/bin/../lib/gcc/arm-none-eabi/10.3.1/../../../../arm-none-eabi/lib/thumb/v7e-m+fp/softfp\libc.a(lib_a-findfp.o)
                0x10005bac                __sfp_lock_release
 .text.__libc_fini_array
                0x10005bb8       0x2c c:/maximsdk/tools/gnutools/10.3/bin/../lib/gcc/arm-none-eabi/10.3.1/../../../../arm-none-eabi/lib/thumb/v7e-m+fp/softfp\libc.a(lib_a-fini.o)
                0x10005bb8                __libc_fini_array
 .text._malloc_trim_r
                0x10005be4       0xa0 c:/maximsdk/tools/gnutools/10.3/bin/../lib/gcc/arm-none-eabi/10.3.1/../../../../arm-none-eabi/lib/thumb/v7e-m+fp/softfp\libc.a(lib_a-freer.o)
                0x10005be4                _malloc_trim_r
 .text._free_r  0x10005c84      0x20c c:/maximsdk/tools/gnutools/10.3/bin/../lib/gcc/arm-none-eabi/10.3.1/../../../../arm-none-eabi/lib/thumb/v7e-m+fp/softfp\libc.a(lib_a-freer.o)
                0x10005c84                _free_r
 .text.__sfvwrite_r
                0x10005e90      0x2f0 c:/maximsdk/tools/gnutools/10.3/bin/../lib/gcc/arm-none-eabi/10.3.1/../../../../arm-none-eabi/lib/thumb/v7e-m+fp/softfp\libc.a(lib_a-fvwrite.o)
                0x10005e90                __sfvwrite_r
 .text._fwalk_reent
                0x10006180       0x48 c:/maximsdk/tools/gnutools/10.3/bin/../lib/gcc/arm-none-eabi/10.3.1/../../../../arm-none-eabi/lib/thumb/v7e-m+fp/softfp\libc.a(lib_a-fwalk.o)
                0x10006180                _fwalk_reent
 .text._localeconv_r
                0x100061c8        0x8 c:/maximsdk/tools/gnutools/10.3/bin/../lib/gcc/arm-none-eabi/10.3.1/../../../../arm-none-eabi/lib/thumb/v7e-m+fp/softfp\libc.a(lib_a-localeconv.o)
                0x100061c8                _localeconv_r
 .text.__retarget_lock_init_recursive
                0x100061d0        0x4 c:/maximsdk/tools/gnutools/10.3/bin/../lib/gcc/arm-none-eabi/10.3.1/../../../../arm-none-eabi/lib/thumb/v7e-m+fp/softfp\libc.a(lib_a-lock.o)
                0x100061d0                __retarget_lock_init_recursive
 .text.__retarget_lock_close_recursive
                0x100061d4        0x4 c:/maximsdk/tools/gnutools/10.3/bin/../lib/gcc/arm-none-eabi/10.3.1/../../../../arm-none-eabi/lib/thumb/v7e-m+fp/softfp\libc.a(lib_a-lock.o)
                0x100061d4                __retarget_lock_close_recursive
 .text.__retarget_lock_acquire_recursive
                0x100061d8        0x4 c:/maximsdk/tools/gnutools/10.3/bin/../lib/gcc/arm-none-eabi/10.3.1/../../../../arm-none-eabi/lib/thumb/v7e-m+fp/softfp\libc.a(lib_a-lock.o)
                0x100061d8                __retarget_lock_acquire_recursive
 .text.__retarget_lock_release_recursive
                0x100061dc        0x4 c:/maximsdk/tools/gnutools/10.3/bin/../lib/gcc/arm-none-eabi/10.3.1/../../../../arm-none-eabi/lib/thumb/v7e-m+fp/softfp\libc.a(lib_a-lock.o)
                0x100061dc                __retarget_lock_release_recursive
 .text.__smakebuf_r
                0x100061e0       0xe0 c:/maximsdk/tools/gnutools/10.3/bin/../lib/gcc/arm-none-eabi/10.3.1/../../../../arm-none-eabi/lib/thumb/v7e-m+fp/softfp\libc.a(lib_a-makebuf.o)
                0x100061e0                __smakebuf_r
 .text._malloc_r
                0x100062c0      0x560 c:/maximsdk/tools/gnutools/10.3/bin/../lib/gcc/arm-none-eabi/10.3.1/../../../../arm-none-eabi/lib/thumb/v7e-m+fp/softfp\libc.a(lib_a-mallocr.o)
                0x100062c0                _malloc_r
 .text          0x10006820       0xa0 c:/maximsdk/tools/gnutools/10.3/bin/../lib/gcc/arm-none-eabi/10.3.1/../../../../arm-none-eabi/lib/thumb/v7e-m+fp/softfp\libc.a(lib_a-memchr.o)
                0x10006820                memchr
 .text.memmove  0x100068c0       0xf8 c:/maximsdk/tools/gnutools/10.3/bin/../lib/gcc/arm-none-eabi/10.3.1/../../../../arm-none-eabi/lib/thumb/v7e-m+fp/softfp\libc.a(lib_a-memmove.o)
                0x100068c0                memmove
 .text.__malloc_lock
                0x100069b8        0xc c:/maximsdk/tools/gnutools/10.3/bin/../lib/gcc/arm-none-eabi/10.3.1/../../../../arm-none-eabi/lib/thumb/v7e-m+fp/softfp\libc.a(lib_a-mlock.o)
                0x100069b8                __malloc_lock
 .text.__malloc_unlock
                0x100069c4        0xc c:/maximsdk/tools/gnutools/10.3/bin/../lib/gcc/arm-none-eabi/10.3.1/../../../../arm-none-eabi/lib/thumb/v7e-m+fp/softfp\libc.a(lib_a-mlock.o)
                0x100069c4                __malloc_unlock
 .text._Balloc  0x100069d0       0x4c c:/maximsdk/tools/gnutools/10.3/bin/../lib/gcc/arm-none-eabi/10.3.1/../../../../arm-none-eabi/lib/thumb/v7e-m+fp/softfp\libc.a(lib_a-mprec.o)
                0x100069d0                _Balloc
 .text._Bfree   0x10006a1c       0x14 c:/maximsdk/tools/gnutools/10.3/bin/../lib/gcc/arm-none-eabi/10.3.1/../../../../arm-none-eabi/lib/thumb/v7e-m+fp/softfp\libc.a(lib_a-mprec.o)
                0x10006a1c                _Bfree
 .text.__multadd
                0x10006a30       0xa8 c:/maximsdk/tools/gnutools/10.3/bin/../lib/gcc/arm-none-eabi/10.3.1/../../../../arm-none-eabi/lib/thumb/v7e-m+fp/softfp\libc.a(lib_a-mprec.o)
                0x10006a30                __multadd
 .text.__hi0bits
                0x10006ad8       0x40 c:/maximsdk/tools/gnutools/10.3/bin/../lib/gcc/arm-none-eabi/10.3.1/../../../../arm-none-eabi/lib/thumb/v7e-m+fp/softfp\libc.a(lib_a-mprec.o)
                0x10006ad8                __hi0bits
 .text.__lo0bits
                0x10006b18       0x60 c:/maximsdk/tools/gnutools/10.3/bin/../lib/gcc/arm-none-eabi/10.3.1/../../../../arm-none-eabi/lib/thumb/v7e-m+fp/softfp\libc.a(lib_a-mprec.o)
                0x10006b18                __lo0bits
 .text.__i2b    0x10006b78       0x5c c:/maximsdk/tools/gnutools/10.3/bin/../lib/gcc/arm-none-eabi/10.3.1/../../../../arm-none-eabi/lib/thumb/v7e-m+fp/softfp\libc.a(lib_a-mprec.o)
                0x10006b78                __i2b
 .text.__multiply
                0x10006bd4      0x15c c:/maximsdk/tools/gnutools/10.3/bin/../lib/gcc/arm-none-eabi/10.3.1/../../../../arm-none-eabi/lib/thumb/v7e-m+fp/softfp\libc.a(lib_a-mprec.o)
                0x10006bd4                __multiply
 .text.__pow5mult
                0x10006d30       0xc0 c:/maximsdk/tools/gnutools/10.3/bin/../lib/gcc/arm-none-eabi/10.3.1/../../../../arm-none-eabi/lib/thumb/v7e-m+fp/softfp\libc.a(lib_a-mprec.o)
                0x10006d30                __pow5mult
 .text.__lshift
                0x10006df0       0xf0 c:/maximsdk/tools/gnutools/10.3/bin/../lib/gcc/arm-none-eabi/10.3.1/../../../../arm-none-eabi/lib/thumb/v7e-m+fp/softfp\libc.a(lib_a-mprec.o)
                0x10006df0                __lshift
 .text.__mcmp   0x10006ee0       0x44 c:/maximsdk/tools/gnutools/10.3/bin/../lib/gcc/arm-none-eabi/10.3.1/../../../../arm-none-eabi/lib/thumb/v7e-m+fp/softfp\libc.a(lib_a-mprec.o)
                0x10006ee0                __mcmp
 .text.__mdiff  0x10006f24      0x14c c:/maximsdk/tools/gnutools/10.3/bin/../lib/gcc/arm-none-eabi/10.3.1/../../../../arm-none-eabi/lib/thumb/v7e-m+fp/softfp\libc.a(lib_a-mprec.o)
                0x10006f24                __mdiff
 .text.__d2b    0x10007070       0xc4 c:/maximsdk/tools/gnutools/10.3/bin/../lib/gcc/arm-none-eabi/10.3.1/../../../../arm-none-eabi/lib/thumb/v7e-m+fp/softfp\libc.a(lib_a-mprec.o)
                0x10007070                __d2b
 .text._realloc_r
                0x10007134      0x3d8 c:/maximsdk/tools/gnutools/10.3/bin/../lib/gcc/arm-none-eabi/10.3.1/../../../../arm-none-eabi/lib/thumb/v7e-m+fp/softfp\libc.a(lib_a-reallocr.o)
                0x10007134                _realloc_r
 .text.frexp    0x1000750c       0x70 c:/maximsdk/tools/gnutools/10.3/bin/../lib/gcc/arm-none-eabi/10.3.1/../../../../arm-none-eabi/lib/thumb/v7e-m+fp/softfp\libc.a(lib_a-s_frexp.o)
                0x1000750c                frexp
 .text._sbrk_r  0x1000757c       0x24 c:/maximsdk/tools/gnutools/10.3/bin/../lib/gcc/arm-none-eabi/10.3.1/../../../../arm-none-eabi/lib/thumb/v7e-m+fp/softfp\libc.a(lib_a-sbrkr.o)
                0x1000757c                _sbrk_r
 .text.__sread  0x100075a0       0x24 c:/maximsdk/tools/gnutools/10.3/bin/../lib/gcc/arm-none-eabi/10.3.1/../../../../arm-none-eabi/lib/thumb/v7e-m+fp/softfp\libc.a(lib_a-stdio.o)
                0x100075a0                __sread
 .text.__swrite
                0x100075c4       0x40 c:/maximsdk/tools/gnutools/10.3/bin/../lib/gcc/arm-none-eabi/10.3.1/../../../../arm-none-eabi/lib/thumb/v7e-m+fp/softfp\libc.a(lib_a-stdio.o)
                0x100075c4                __swrite
 .text.__sseek  0x10007604       0x20 c:/maximsdk/tools/gnutools/10.3/bin/../lib/gcc/arm-none-eabi/10.3.1/../../../../arm-none-eabi/lib/thumb/v7e-m+fp/softfp\libc.a(lib_a-stdio.o)
                0x10007604                __sseek
 .text.__sclose
                0x10007624        0x8 c:/maximsdk/tools/gnutools/10.3/bin/../lib/gcc/arm-none-eabi/10.3.1/../../../../arm-none-eabi/lib/thumb/v7e-m+fp/softfp\libc.a(lib_a-stdio.o)
                0x10007624                __sclose
 .text.strncpy  0x1000762c       0x64 c:/maximsdk/tools/gnutools/10.3/bin/../lib/gcc/arm-none-eabi/10.3.1/../../../../arm-none-eabi/lib/thumb/v7e-m+fp/softfp\libc.a(lib_a-strncpy.o)
                0x1000762c                strncpy
 .text.__sprint_r.part.0
                0x10007690       0x78 c:/maximsdk/tools/gnutools/10.3/bin/../lib/gcc/arm-none-eabi/10.3.1/../../../../arm-none-eabi/lib/thumb/v7e-m+fp/softfp\libc.a(lib_a-vfiprintf.o)
 .text.__sprint_r
                0x10007708       0x18 c:/maximsdk/tools/gnutools/10.3/bin/../lib/gcc/arm-none-eabi/10.3.1/../../../../arm-none-eabi/lib/thumb/v7e-m+fp/softfp\libc.a(lib_a-vfiprintf.o)
                0x10007708                __sprint_r
 .text._vfiprintf_r
                0x10007720      0xdfc c:/maximsdk/tools/gnutools/10.3/bin/../lib/gcc/arm-none-eabi/10.3.1/../../../../arm-none-eabi/lib/thumb/v7e-m+fp/softfp\libc.a(lib_a-vfiprintf.o)
                0x10007720                _vfiprintf_r
 .text.__sbprintf
                0x1000851c       0x80 c:/maximsdk/tools/gnutools/10.3/bin/../lib/gcc/arm-none-eabi/10.3.1/../../../../arm-none-eabi/lib/thumb/v7e-m+fp/softfp\libc.a(lib_a-vfiprintf.o)
 .text._write_r
                0x1000859c       0x2c c:/maximsdk/tools/gnutools/10.3/bin/../lib/gcc/arm-none-eabi/10.3.1/../../../../arm-none-eabi/lib/thumb/v7e-m+fp/softfp\libc.a(lib_a-writer.o)
                0x1000859c                _write_r
 .text.__register_exitproc
                0x100085c8       0x8c c:/maximsdk/tools/gnutools/10.3/bin/../lib/gcc/arm-none-eabi/10.3.1/../../../../arm-none-eabi/lib/thumb/v7e-m+fp/softfp\libc.a(lib_a-__atexit.o)
                0x100085c8                __register_exitproc
 .text.__assert_func
                0x10008654       0x40 c:/maximsdk/tools/gnutools/10.3/bin/../lib/gcc/arm-none-eabi/10.3.1/../../../../arm-none-eabi/lib/thumb/v7e-m+fp/softfp\libc.a(lib_a-assert.o)
                0x10008654                __assert_func
 .text._calloc_r
                0x10008694       0x78 c:/maximsdk/tools/gnutools/10.3/bin/../lib/gcc/arm-none-eabi/10.3.1/../../../../arm-none-eabi/lib/thumb/v7e-m+fp/softfp\libc.a(lib_a-callocr.o)
                0x10008694                _calloc_r
 .text._close_r
                0x1000870c       0x24 c:/maximsdk/tools/gnutools/10.3/bin/../lib/gcc/arm-none-eabi/10.3.1/../../../../arm-none-eabi/lib/thumb/v7e-m+fp/softfp\libc.a(lib_a-closer.o)
                0x1000870c                _close_r
 .text._fclose_r
                0x10008730       0xcc c:/maximsdk/tools/gnutools/10.3/bin/../lib/gcc/arm-none-eabi/10.3.1/../../../../arm-none-eabi/lib/thumb/v7e-m+fp/softfp\libc.a(lib_a-fclose.o)
                0x10008730                _fclose_r
 .text.fiprintf
                0x100087fc       0x28 c:/maximsdk/tools/gnutools/10.3/bin/../lib/gcc/arm-none-eabi/10.3.1/../../../../arm-none-eabi/lib/thumb/v7e-m+fp/softfp\libc.a(lib_a-fiprintf.o)
                0x100087fc                fiprintf
 .text.__fputwc
                0x10008824       0xa8 c:/maximsdk/tools/gnutools/10.3/bin/../lib/gcc/arm-none-eabi/10.3.1/../../../../arm-none-eabi/lib/thumb/v7e-m+fp/softfp\libc.a(lib_a-fputwc.o)
                0x10008824                __fputwc
 .text._fputwc_r
                0x100088cc       0x68 c:/maximsdk/tools/gnutools/10.3/bin/../lib/gcc/arm-none-eabi/10.3.1/../../../../arm-none-eabi/lib/thumb/v7e-m+fp/softfp\libc.a(lib_a-fputwc.o)
                0x100088cc                _fputwc_r
 .text._fstat_r
                0x10008934       0x2c c:/maximsdk/tools/gnutools/10.3/bin/../lib/gcc/arm-none-eabi/10.3.1/../../../../arm-none-eabi/lib/thumb/v7e-m+fp/softfp\libc.a(lib_a-fstatr.o)
                0x10008934                _fstat_r
 .text._isatty_r
                0x10008960       0x24 c:/maximsdk/tools/gnutools/10.3/bin/../lib/gcc/arm-none-eabi/10.3.1/../../../../arm-none-eabi/lib/thumb/v7e-m+fp/softfp\libc.a(lib_a-isattyr.o)
                0x10008960                _isatty_r
 .text.__locale_mb_cur_max
                0x10008984        0xc c:/maximsdk/tools/gnutools/10.3/bin/../lib/gcc/arm-none-eabi/10.3.1/../../../../arm-none-eabi/lib/thumb/v7e-m+fp/softfp\libc.a(lib_a-locale.o)
                0x10008984                __locale_mb_cur_max
 .text._lseek_r
                0x10008990       0x2c c:/maximsdk/tools/gnutools/10.3/bin/../lib/gcc/arm-none-eabi/10.3.1/../../../../arm-none-eabi/lib/thumb/v7e-m+fp/softfp\libc.a(lib_a-lseekr.o)
                0x10008990                _lseek_r
 .text.__ascii_mbtowc
                0x100089bc       0x2c c:/maximsdk/tools/gnutools/10.3/bin/../lib/gcc/arm-none-eabi/10.3.1/../../../../arm-none-eabi/lib/thumb/v7e-m+fp/softfp\libc.a(lib_a-mbtowc_r.o)
                0x100089bc                __ascii_mbtowc
 .text._read_r  0x100089e8       0x2c c:/maximsdk/tools/gnutools/10.3/bin/../lib/gcc/arm-none-eabi/10.3.1/../../../../arm-none-eabi/lib/thumb/v7e-m+fp/softfp\libc.a(lib_a-readr.o)
                0x100089e8                _read_r
 .text.__swbuf_r
                0x10008a14       0xb0 c:/maximsdk/tools/gnutools/10.3/bin/../lib/gcc/arm-none-eabi/10.3.1/../../../../arm-none-eabi/lib/thumb/v7e-m+fp/softfp\libc.a(lib_a-wbuf.o)
                0x10008a14                __swbuf_r
 .text._wcrtomb_r
                0x10008ac4       0x3c c:/maximsdk/tools/gnutools/10.3/bin/../lib/gcc/arm-none-eabi/10.3.1/../../../../arm-none-eabi/lib/thumb/v7e-m+fp/softfp\libc.a(lib_a-wcrtomb.o)
                0x10008ac4                _wcrtomb_r
 .text.__ascii_wctomb
                0x10008b00       0x1c c:/maximsdk/tools/gnutools/10.3/bin/../lib/gcc/arm-none-eabi/10.3.1/../../../../arm-none-eabi/lib/thumb/v7e-m+fp/softfp\libc.a(lib_a-wctomb_r.o)
                0x10008b00                __ascii_wctomb
 .text.abort    0x10008b1c       0x10 c:/maximsdk/tools/gnutools/10.3/bin/../lib/gcc/arm-none-eabi/10.3.1/../../../../arm-none-eabi/lib/thumb/v7e-m+fp/softfp\libc.a(lib_a-abort.o)
                0x10008b1c                abort
 .text.raise    0x10008b2c       0x5c c:/maximsdk/tools/gnutools/10.3/bin/../lib/gcc/arm-none-eabi/10.3.1/../../../../arm-none-eabi/lib/thumb/v7e-m+fp/softfp\libc.a(lib_a-signal.o)
                0x10008b2c                raise
 .text._kill_r  0x10008b88       0x2c c:/maximsdk/tools/gnutools/10.3/bin/../lib/gcc/arm-none-eabi/10.3.1/../../../../arm-none-eabi/lib/thumb/v7e-m+fp/softfp\libc.a(lib_a-signalr.o)
                0x10008b88                _kill_r
 .text._getpid_r
                0x10008bb4        0x4 c:/maximsdk/tools/gnutools/10.3/bin/../lib/gcc/arm-none-eabi/10.3.1/../../../../arm-none-eabi/lib/thumb/v7e-m+fp/softfp\libc.a(lib_a-signalr.o)
                0x10008bb4                _getpid_r
 .text._getpid  0x10008bb8       0x10 c:/maximsdk/tools/gnutools/10.3/bin/../lib/gcc/arm-none-eabi/10.3.1/../../../../arm-none-eabi/lib/thumb/v7e-m+fp/softfp\libnosys.a(getpid.o)
                0x10008bb8                _getpid
 .text._kill    0x10008bc8       0x10 c:/maximsdk/tools/gnutools/10.3/bin/../lib/gcc/arm-none-eabi/10.3.1/../../../../arm-none-eabi/lib/thumb/v7e-m+fp/softfp\libnosys.a(kill.o)
                0x10008bc8                _kill
 .text._exit    0x10008bd8        0x4 c:/maximsdk/tools/gnutools/10.3/bin/../lib/gcc/arm-none-eabi/10.3.1/../../../../arm-none-eabi/lib/thumb/v7e-m+fp/softfp\libnosys.a(_exit.o)
                0x10008bd8                _exit
 .text          0x10008bdc      0x378 c:/maximsdk/tools/gnutools/10.3/bin/../lib/gcc/arm-none-eabi/10.3.1/thumb/v7e-m+fp/softfp\libgcc.a(_arm_addsubdf3.o)
                0x10008bdc                __aeabi_drsub
                0x10008be4                __aeabi_dsub
                0x10008be4                __subdf3
                0x10008be8                __aeabi_dadd
                0x10008be8                __adddf3
                0x10008e60                __floatunsidf
                0x10008e60                __aeabi_ui2d
                0x10008e80                __floatsidf
                0x10008e80                __aeabi_i2d
                0x10008ea4                __aeabi_f2d
                0x10008ea4                __extendsfdf2
                0x10008ee8                __floatundidf
                0x10008ee8                __aeabi_ul2d
                0x10008ef8                __floatdidf
                0x10008ef8                __aeabi_l2d
 .text          0x10008f54      0x424 c:/maximsdk/tools/gnutools/10.3/bin/../lib/gcc/arm-none-eabi/10.3.1/thumb/v7e-m+fp/softfp\libgcc.a(_arm_muldivdf3.o)
                0x10008f54                __aeabi_dmul
                0x10008f54                __muldf3
                0x100091a8                __divdf3
                0x100091a8                __aeabi_ddiv
 .text          0x10009378      0x110 c:/maximsdk/tools/gnutools/10.3/bin/../lib/gcc/arm-none-eabi/10.3.1/thumb/v7e-m+fp/softfp\libgcc.a(_arm_cmpdf2.o)
                0x10009378                __gtdf2
                0x10009378                __gedf2
                0x10009380                __ltdf2
                0x10009380                __ledf2
                0x10009388                __nedf2
                0x10009388                __eqdf2
                0x10009388                __cmpdf2
                0x10009404                __aeabi_cdrcmple
                0x10009414                __aeabi_cdcmpeq
                0x10009414                __aeabi_cdcmple
                0x10009424                __aeabi_dcmpeq
                0x10009438                __aeabi_dcmplt
                0x1000944c                __aeabi_dcmple
                0x10009460                __aeabi_dcmpge
                0x10009474                __aeabi_dcmpgt
 .text          0x10009488       0x2c c:/maximsdk/tools/gnutools/10.3/bin/../lib/gcc/arm-none-eabi/10.3.1/thumb/v7e-m+fp/softfp\libgcc.a(_arm_unorddf2.o)
                0x10009488                __unorddf2
                0x10009488                __aeabi_dcmpun
 .text          0x100094b4       0x50 c:/maximsdk/tools/gnutools/10.3/bin/../lib/gcc/arm-none-eabi/10.3.1/thumb/v7e-m+fp/softfp\libgcc.a(_arm_fixdfsi.o)
                0x100094b4                __aeabi_d2iz
                0x100094b4                __fixdfsi
 .text          0x10009504       0x30 c:/maximsdk/tools/gnutools/10.3/bin/../lib/gcc/arm-none-eabi/10.3.1/thumb/v7e-m+fp/softfp\libgcc.a(_aeabi_uldivmod.o)
                0x10009504                __aeabi_uldivmod
 .text          0x10009534      0x2d0 c:/maximsdk/tools/gnutools/10.3/bin/../lib/gcc/arm-none-eabi/10.3.1/thumb/v7e-m+fp/softfp\libgcc.a(_udivmoddi4.o)
                0x10009534                __udivmoddi4
 .text          0x10009804        0x4 c:/maximsdk/tools/gnutools/10.3/bin/../lib/gcc/arm-none-eabi/10.3.1/thumb/v7e-m+fp/softfp\libgcc.a(_dvmd_tls.o)
                0x10009804                __aeabi_idiv0
                0x10009804                __aeabi_ldiv0
 *(.rodata*)
 .rodata.main.str1.4
                0x10009808       0x1a c:/Users/ahammad.n/Desktop/Maxim_Micro_Workspace/PHILIPS_XRAY_MAX32660_code_DC_MOTOR/build/main.o
 *fill*         0x10009822        0x2 
 .rodata.mxc_assert.str1.4
                0x10009824       0x19 c:/Users/ahammad.n/Desktop/Maxim_Micro_Workspace/PHILIPS_XRAY_MAX32660_code_DC_MOTOR/build/board.o
 *fill*         0x1000983d        0x3 
 .rodata.Board_Init.str1.4
                0x10009840       0x45 c:/Users/ahammad.n/Desktop/Maxim_Micro_Workspace/PHILIPS_XRAY_MAX32660_code_DC_MOTOR/build/board.o
 *fill*         0x10009885        0x3 
 .rodata.NMI_Handler.str1.4
                0x10009888        0xc c:/Users/ahammad.n/Desktop/Maxim_Micro_Workspace/PHILIPS_XRAY_MAX32660_code_DC_MOTOR/build/board.o
 .rodata.HardFault_Handler.str1.4
                0x10009894       0x12 c:/Users/ahammad.n/Desktop/Maxim_Micro_Workspace/PHILIPS_XRAY_MAX32660_code_DC_MOTOR/build/board.o
 *fill*         0x100098a6        0x2 
 .rodata.led_pin
                0x100098a8       0x3c c:/Users/ahammad.n/Desktop/Maxim_Micro_Workspace/PHILIPS_XRAY_MAX32660_code_DC_MOTOR/build/board.o
                0x100098a8                led_pin
 .rodata.num_leds
                0x100098e4        0x4 c:/Users/ahammad.n/Desktop/Maxim_Micro_Workspace/PHILIPS_XRAY_MAX32660_code_DC_MOTOR/build/board.o
                0x100098e4                num_leds
 .rodata.num_pbs
                0x100098e8        0x4 c:/Users/ahammad.n/Desktop/Maxim_Micro_Workspace/PHILIPS_XRAY_MAX32660_code_DC_MOTOR/build/board.o
                0x100098e8                num_pbs
 .rodata.pb_pin
                0x100098ec        0xc c:/Users/ahammad.n/Desktop/Maxim_Micro_Workspace/PHILIPS_XRAY_MAX32660_code_DC_MOTOR/build/board.o
                0x100098ec                pb_pin
 .rodata.LED_On.str1.4
                0x100098f8       0x4f c:/Users/ahammad.n/Desktop/Maxim_Micro_Workspace/PHILIPS_XRAY_MAX32660_code_DC_MOTOR/build/led.o
 *fill*         0x10009947        0x1 
 .rodata.MXC_SPI_Init.str1.4
                0x10009948       0x51 C:/MaximSDK/Libraries/PeriphDrivers/bin/MAX32690/softfp/libPeriphDriver_softfp.a(spi_me18.o)
 *fill*         0x10009999        0x3 
 .rodata.MXC_SPI_RevA_SwapByte.str1.4
                0x1000999c       0x50 C:/MaximSDK/Libraries/PeriphDrivers/bin/MAX32690/softfp/libPeriphDriver_softfp.a(spi_reva.o)
 .rodata.MXC_SPI_RevA_TransSetup.str1.4
                0x100099ec       0x22 C:/MaximSDK/Libraries/PeriphDrivers/bin/MAX32690/softfp/libPeriphDriver_softfp.a(spi_reva.o)
                                 0x32 (size before relaxing)
 *fill*         0x10009a0e        0x2 
 .rodata.MXC_SPI_RevA_ReadyForSleep.str1.4
                0x10009a10       0x2c C:/MaximSDK/Libraries/PeriphDrivers/bin/MAX32690/softfp/libPeriphDriver_softfp.a(spi_reva.o)
 .rodata.gpio_cfg_extclk
                0x10009a3c        0xc C:/MaximSDK/Libraries/PeriphDrivers/bin/MAX32690/softfp/libPeriphDriver_softfp.a(pins_me18.o)
                0x10009a3c                gpio_cfg_extclk
 .rodata.gpio_cfg_spi0
                0x10009a48        0xc C:/MaximSDK/Libraries/PeriphDrivers/bin/MAX32690/softfp/libPeriphDriver_softfp.a(pins_me18.o)
                0x10009a48                gpio_cfg_spi0
 .rodata.gpio_cfg_spi0_ss0
                0x10009a54        0xc C:/MaximSDK/Libraries/PeriphDrivers/bin/MAX32690/softfp/libPeriphDriver_softfp.a(pins_me18.o)
                0x10009a54                gpio_cfg_spi0_ss0
 .rodata.gpio_cfg_spi0_ss1
                0x10009a60        0xc C:/MaximSDK/Libraries/PeriphDrivers/bin/MAX32690/softfp/libPeriphDriver_softfp.a(pins_me18.o)
                0x10009a60                gpio_cfg_spi0_ss1
 .rodata.gpio_cfg_spi1
                0x10009a6c        0xc C:/MaximSDK/Libraries/PeriphDrivers/bin/MAX32690/softfp/libPeriphDriver_softfp.a(pins_me18.o)
                0x10009a6c                gpio_cfg_spi1
 .rodata.gpio_cfg_spi1_ss0
                0x10009a78        0xc C:/MaximSDK/Libraries/PeriphDrivers/bin/MAX32690/softfp/libPeriphDriver_softfp.a(pins_me18.o)
                0x10009a78                gpio_cfg_spi1_ss0
 .rodata.gpio_cfg_spi1_ss1
                0x10009a84        0xc C:/MaximSDK/Libraries/PeriphDrivers/bin/MAX32690/softfp/libPeriphDriver_softfp.a(pins_me18.o)
                0x10009a84                gpio_cfg_spi1_ss1
 .rodata.gpio_cfg_spi1_ss2
                0x10009a90        0xc C:/MaximSDK/Libraries/PeriphDrivers/bin/MAX32690/softfp/libPeriphDriver_softfp.a(pins_me18.o)
                0x10009a90                gpio_cfg_spi1_ss2
 .rodata.gpio_cfg_spi2
                0x10009a9c        0xc C:/MaximSDK/Libraries/PeriphDrivers/bin/MAX32690/softfp/libPeriphDriver_softfp.a(pins_me18.o)
                0x10009a9c                gpio_cfg_spi2
 .rodata.gpio_cfg_spi2_ss0
                0x10009aa8        0xc C:/MaximSDK/Libraries/PeriphDrivers/bin/MAX32690/softfp/libPeriphDriver_softfp.a(pins_me18.o)
                0x10009aa8                gpio_cfg_spi2_ss0
 .rodata.gpio_cfg_spi2_ss1
                0x10009ab4        0xc C:/MaximSDK/Libraries/PeriphDrivers/bin/MAX32690/softfp/libPeriphDriver_softfp.a(pins_me18.o)
                0x10009ab4                gpio_cfg_spi2_ss1
 .rodata.gpio_cfg_spi2_ss2
                0x10009ac0        0xc C:/MaximSDK/Libraries/PeriphDrivers/bin/MAX32690/softfp/libPeriphDriver_softfp.a(pins_me18.o)
                0x10009ac0                gpio_cfg_spi2_ss2
 .rodata.gpio_cfg_spi3
                0x10009acc        0xc C:/MaximSDK/Libraries/PeriphDrivers/bin/MAX32690/softfp/libPeriphDriver_softfp.a(pins_me18.o)
                0x10009acc                gpio_cfg_spi3
 .rodata.gpio_cfg_spi3_ss0
                0x10009ad8        0xc C:/MaximSDK/Libraries/PeriphDrivers/bin/MAX32690/softfp/libPeriphDriver_softfp.a(pins_me18.o)
                0x10009ad8                gpio_cfg_spi3_ss0
 .rodata.gpio_cfg_spi3_ss1
                0x10009ae4        0xc C:/MaximSDK/Libraries/PeriphDrivers/bin/MAX32690/softfp/libPeriphDriver_softfp.a(pins_me18.o)
                0x10009ae4                gpio_cfg_spi3_ss1
 .rodata.gpio_cfg_spi3_ss2
                0x10009af0        0xc C:/MaximSDK/Libraries/PeriphDrivers/bin/MAX32690/softfp/libPeriphDriver_softfp.a(pins_me18.o)
                0x10009af0                gpio_cfg_spi3_ss2
 .rodata.gpio_cfg_spi4
                0x10009afc        0xc C:/MaximSDK/Libraries/PeriphDrivers/bin/MAX32690/softfp/libPeriphDriver_softfp.a(pins_me18.o)
                0x10009afc                gpio_cfg_spi4
 .rodata.gpio_cfg_spi4_ss0
                0x10009b08        0xc C:/MaximSDK/Libraries/PeriphDrivers/bin/MAX32690/softfp/libPeriphDriver_softfp.a(pins_me18.o)
                0x10009b08                gpio_cfg_spi4_ss0
 .rodata.gpio_cfg_spi4_ss1
                0x10009b14        0xc C:/MaximSDK/Libraries/PeriphDrivers/bin/MAX32690/softfp/libPeriphDriver_softfp.a(pins_me18.o)
                0x10009b14                gpio_cfg_spi4_ss1
 .rodata.gpio_cfg_spi4_ss2
                0x10009b20        0xc C:/MaximSDK/Libraries/PeriphDrivers/bin/MAX32690/softfp/libPeriphDriver_softfp.a(pins_me18.o)
                0x10009b20                gpio_cfg_spi4_ss2
 .rodata.gpio_cfg_uart0
                0x10009b2c        0xc C:/MaximSDK/Libraries/PeriphDrivers/bin/MAX32690/softfp/libPeriphDriver_softfp.a(pins_me18.o)
                0x10009b2c                gpio_cfg_uart0
 .rodata.gpio_cfg_uart1
                0x10009b38        0xc C:/MaximSDK/Libraries/PeriphDrivers/bin/MAX32690/softfp/libPeriphDriver_softfp.a(pins_me18.o)
                0x10009b38                gpio_cfg_uart1
 .rodata.gpio_cfg_uart2
                0x10009b44        0xc C:/MaximSDK/Libraries/PeriphDrivers/bin/MAX32690/softfp/libPeriphDriver_softfp.a(pins_me18.o)
                0x10009b44                gpio_cfg_uart2
 .rodata.gpio_cfg_uart3
                0x10009b50        0xc C:/MaximSDK/Libraries/PeriphDrivers/bin/MAX32690/softfp/libPeriphDriver_softfp.a(pins_me18.o)
                0x10009b50                gpio_cfg_uart3
 .rodata.MXC_GPIO_Common_Handler.str1.4
                0x10009b5c       0x66 C:/MaximSDK/Libraries/PeriphDrivers/bin/MAX32690/softfp/libPeriphDriver_softfp.a(gpio_common.o)
 *fill*         0x10009bc2        0x2 
 .rodata._global_impure_ptr
                0x10009bc4        0x4 c:/maximsdk/tools/gnutools/10.3/bin/../lib/gcc/arm-none-eabi/10.3.1/../../../../arm-none-eabi/lib/thumb/v7e-m+fp/softfp\libc.a(lib_a-impure.o)
                0x10009bc4                _global_impure_ptr
 .rodata._puts_r.str1.4
                0x10009bc8       0x66 c:/maximsdk/tools/gnutools/10.3/bin/../lib/gcc/arm-none-eabi/10.3.1/../../../../arm-none-eabi/lib/thumb/v7e-m+fp/softfp\libc.a(lib_a-puts.o)
                                  0x2 (size before relaxing)
 .rodata._vfprintf_r.str1.4
                0x10009bc8       0x42 c:/maximsdk/tools/gnutools/10.3/bin/../lib/gcc/arm-none-eabi/10.3.1/../../../../arm-none-eabi/lib/thumb/v7e-m+fp/softfp\libc.a(lib_a-vfprintf.o)
 *fill*         0x10009c0a        0x2 
 .rodata.blanks.1
                0x10009c0c       0x10 c:/maximsdk/tools/gnutools/10.3/bin/../lib/gcc/arm-none-eabi/10.3.1/../../../../arm-none-eabi/lib/thumb/v7e-m+fp/softfp\libc.a(lib_a-vfprintf.o)
 .rodata.zeroes.0
                0x10009c1c       0x10 c:/maximsdk/tools/gnutools/10.3/bin/../lib/gcc/arm-none-eabi/10.3.1/../../../../arm-none-eabi/lib/thumb/v7e-m+fp/softfp\libc.a(lib_a-vfprintf.o)
 .rodata._dtoa_r.str1.4
                0x10009c2c       0xa2 c:/maximsdk/tools/gnutools/10.3/bin/../lib/gcc/arm-none-eabi/10.3.1/../../../../arm-none-eabi/lib/thumb/v7e-m+fp/softfp\libc.a(lib_a-dtoa.o)
                                 0xa6 (size before relaxing)
 *fill*         0x10009cce        0x2 
 .rodata.__multadd.str1.4
                0x10009cd0       0x7f c:/maximsdk/tools/gnutools/10.3/bin/../lib/gcc/arm-none-eabi/10.3.1/../../../../arm-none-eabi/lib/thumb/v7e-m+fp/softfp\libc.a(lib_a-mprec.o)
                                 0x93 (size before relaxing)
 *fill*         0x10009d4f        0x1 
 .rodata.__mprec_bigtens
                0x10009d50       0x28 c:/maximsdk/tools/gnutools/10.3/bin/../lib/gcc/arm-none-eabi/10.3.1/../../../../arm-none-eabi/lib/thumb/v7e-m+fp/softfp\libc.a(lib_a-mprec.o)
                0x10009d50                __mprec_bigtens
 .rodata.__mprec_tens
                0x10009d78       0xc8 c:/maximsdk/tools/gnutools/10.3/bin/../lib/gcc/arm-none-eabi/10.3.1/../../../../arm-none-eabi/lib/thumb/v7e-m+fp/softfp\libc.a(lib_a-mprec.o)
                0x10009d78                __mprec_tens
 .rodata.p05.0  0x10009e40        0xc c:/maximsdk/tools/gnutools/10.3/bin/../lib/gcc/arm-none-eabi/10.3.1/../../../../arm-none-eabi/lib/thumb/v7e-m+fp/softfp\libc.a(lib_a-mprec.o)
 .rodata._vfiprintf_r.str1.4
                0x10009e4c       0x2f c:/maximsdk/tools/gnutools/10.3/bin/../lib/gcc/arm-none-eabi/10.3.1/../../../../arm-none-eabi/lib/thumb/v7e-m+fp/softfp\libc.a(lib_a-vfiprintf.o)
 .rodata.blanks.1
                0x10009e4c       0x10 c:/maximsdk/tools/gnutools/10.3/bin/../lib/gcc/arm-none-eabi/10.3.1/../../../../arm-none-eabi/lib/thumb/v7e-m+fp/softfp\libc.a(lib_a-vfiprintf.o)
 .rodata.zeroes.0
                0x10009e5c       0x10 c:/maximsdk/tools/gnutools/10.3/bin/../lib/gcc/arm-none-eabi/10.3.1/../../../../arm-none-eabi/lib/thumb/v7e-m+fp/softfp\libc.a(lib_a-vfiprintf.o)
 .rodata.__assert_func.str1.4
                0x10009e6c       0x3f c:/maximsdk/tools/gnutools/10.3/bin/../lib/gcc/arm-none-eabi/10.3.1/../../../../arm-none-eabi/lib/thumb/v7e-m+fp/softfp\libc.a(lib_a-assert.o)
                                 0x43 (size before relaxing)
 *fill*         0x10009eab        0x1 
 .rodata._setlocale_r.str1.4
                0x10009eac        0xa c:/maximsdk/tools/gnutools/10.3/bin/../lib/gcc/arm-none-eabi/10.3.1/../../../../arm-none-eabi/lib/thumb/v7e-m+fp/softfp\libc.a(lib_a-locale.o)
                                  0xd (size before relaxing)
 *fill*         0x10009eb6        0x2 
 .rodata.str1.4
                0x10009eb8        0x2 c:/maximsdk/tools/gnutools/10.3/bin/../lib/gcc/arm-none-eabi/10.3.1/../../../../arm-none-eabi/lib/thumb/v7e-m+fp/softfp\libc.a(lib_a-locale.o)
 *fill*         0x10009eba        0x2 
 .rodata._ctype_
                0x10009ebc      0x101 c:/maximsdk/tools/gnutools/10.3/bin/../lib/gcc/arm-none-eabi/10.3.1/../../../../arm-none-eabi/lib/thumb/v7e-m+fp/softfp\libc.a(lib_a-ctype_.o)
                0x10009ebc                _ctype_
 *(.init)
 *fill*         0x10009fbd        0x3 
 .init          0x10009fc0        0x4 c:/maximsdk/tools/gnutools/10.3/bin/../lib/gcc/arm-none-eabi/10.3.1/thumb/v7e-m+fp/softfp/crti.o
                0x10009fc0                _init
 .init          0x10009fc4        0x8 c:/maximsdk/tools/gnutools/10.3/bin/../lib/gcc/arm-none-eabi/10.3.1/thumb/v7e-m+fp/softfp/crtn.o
 *(.fini)
 .fini          0x10009fcc        0x4 c:/maximsdk/tools/gnutools/10.3/bin/../lib/gcc/arm-none-eabi/10.3.1/thumb/v7e-m+fp/softfp/crti.o
                0x10009fcc                _fini
 .fini          0x10009fd0        0x8 c:/maximsdk/tools/gnutools/10.3/bin/../lib/gcc/arm-none-eabi/10.3.1/thumb/v7e-m+fp/softfp/crtn.o
 *(.eh_frame*)
 .eh_frame      0x10009fd8        0x0 c:/maximsdk/tools/gnutools/10.3/bin/../lib/gcc/arm-none-eabi/10.3.1/thumb/v7e-m+fp/softfp/crtbegin.o
 .eh_frame      0x10009fd8        0x4 c:/maximsdk/tools/gnutools/10.3/bin/../lib/gcc/arm-none-eabi/10.3.1/thumb/v7e-m+fp/softfp/crtend.o
                0x10009fdc                _etext = .

.glue_7         0x10009fdc        0x0
 .glue_7        0x10009fdc        0x0 linker stubs

.glue_7t        0x10009fdc        0x0
 .glue_7t       0x10009fdc        0x0 linker stubs

.vfp11_veneer   0x10009fdc        0x0
 .vfp11_veneer  0x10009fdc        0x0 linker stubs

.v4_bx          0x10009fdc        0x0
 .v4_bx         0x10009fdc        0x0 linker stubs

.iplt           0x10009fdc        0x0
 .iplt          0x10009fdc        0x0 c:/maximsdk/tools/gnutools/10.3/bin/../lib/gcc/arm-none-eabi/10.3.1/thumb/v7e-m+fp/softfp/crtbegin.o

.hpb_cs0_section
                0x60000000        0x0 load address 0x10009fdc
                0x60000000                __hpb_cs0_start = ABSOLUTE (.)
 *(.hpb_cs0_section*)
                0x10009fdc                __load_start_hpb_cs0 = LOADADDR (.hpb_cs0_section)
                0x00000000                __load_length_hpb_cs0 = SIZEOF (.hpb_cs0_section)

.hpb_cs1_section
                0x70000000        0x0 load address 0x10009fdc
                0x70000000                __hpb_cs1_start = ABSOLUTE (.)
 *(.hpb_cs1_section*)
                0x10009fdc                __load_start_hpb_cs1 = LOADADDR (.hpb_cs1_section)
                0x00000000                __load_length_hpb_cs1 = SIZEOF (.hpb_cs1_section)

.bin_storage    0x10009fdc        0x0
 FILL mask 0xff
                0x10009fdc                _bin_start_ = .
 *(.bin_storage_img)
                0x10009fdc                _bin_end_ = .
                0x10009fdc                . = ALIGN (0x4)

.ARM.exidx      0x10009fdc        0x8
                0x10009fdc                __exidx_start = .
 *(.ARM.exidx*)
 .ARM.exidx     0x10009fdc        0x8 c:/maximsdk/tools/gnutools/10.3/bin/../lib/gcc/arm-none-eabi/10.3.1/thumb/v7e-m+fp/softfp\libgcc.a(_udivmoddi4.o)
                0x10009fe4                __exidx_end = .

.rel.dyn        0x10009fe4        0x0
 .rel.iplt      0x10009fe4        0x0 c:/maximsdk/tools/gnutools/10.3/bin/../lib/gcc/arm-none-eabi/10.3.1/thumb/v7e-m+fp/softfp/crtbegin.o

.data           0x20000000      0x9c4 load address 0x10009fe4
                0x20000000                _data = ALIGN (., 0x4)
 *(.data*)
 .data.ConsoleUart
                0x20000000        0x4 c:/Users/ahammad.n/Desktop/Maxim_Micro_Workspace/PHILIPS_XRAY_MAX32660_code_DC_MOTOR/build/board.o
                0x20000000                ConsoleUart
 .data.overflows
                0x20000004        0x4 C:/MaximSDK/Libraries/PeriphDrivers/bin/MAX32690/softfp/libPeriphDriver_softfp.a(mxc_delay.o)
 .data._impure_ptr
                0x20000008        0x4 c:/maximsdk/tools/gnutools/10.3/bin/../lib/gcc/arm-none-eabi/10.3.1/../../../../arm-none-eabi/lib/thumb/v7e-m+fp/softfp\libc.a(lib_a-impure.o)
                0x20000008                _impure_ptr
 *fill*         0x2000000c        0x4 
 .data.impure_data
                0x20000010      0x428 c:/maximsdk/tools/gnutools/10.3/bin/../lib/gcc/arm-none-eabi/10.3.1/../../../../arm-none-eabi/lib/thumb/v7e-m+fp/softfp\libc.a(lib_a-impure.o)
 .data.__atexit_recursive_mutex
                0x20000438        0x4 c:/maximsdk/tools/gnutools/10.3/bin/../lib/gcc/arm-none-eabi/10.3.1/../../../../arm-none-eabi/lib/thumb/v7e-m+fp/softfp\libc.a(lib_a-__call_atexit.o)
                0x20000438                __atexit_recursive_mutex
 .data.__malloc_av_
                0x2000043c      0x408 c:/maximsdk/tools/gnutools/10.3/bin/../lib/gcc/arm-none-eabi/10.3.1/../../../../arm-none-eabi/lib/thumb/v7e-m+fp/softfp\libc.a(lib_a-mallocr.o)
                0x2000043c                __malloc_av_
 .data.__malloc_sbrk_base
                0x20000844        0x4 c:/maximsdk/tools/gnutools/10.3/bin/../lib/gcc/arm-none-eabi/10.3.1/../../../../arm-none-eabi/lib/thumb/v7e-m+fp/softfp\libc.a(lib_a-mallocr.o)
                0x20000844                __malloc_sbrk_base
 .data.__malloc_trim_threshold
                0x20000848        0x4 c:/maximsdk/tools/gnutools/10.3/bin/../lib/gcc/arm-none-eabi/10.3.1/../../../../arm-none-eabi/lib/thumb/v7e-m+fp/softfp\libc.a(lib_a-mallocr.o)
                0x20000848                __malloc_trim_threshold
 .data.__global_locale
                0x2000084c      0x16c c:/maximsdk/tools/gnutools/10.3/bin/../lib/gcc/arm-none-eabi/10.3.1/../../../../arm-none-eabi/lib/thumb/v7e-m+fp/softfp\libc.a(lib_a-locale.o)
                0x2000084c                __global_locale
                0x200009b8                . = ALIGN (0x4)
                0x200009b8                PROVIDE (__preinit_array_start = .)
 *(.preinit_array)
                0x200009b8                PROVIDE (__preinit_array_end = .)
                0x200009b8                . = ALIGN (0x4)
                0x200009b8                PROVIDE (__init_array_start = .)
 *(SORT_BY_NAME(.init_array.*))
 .init_array.00000
                0x200009b8        0x4 c:/maximsdk/tools/gnutools/10.3/bin/../lib/gcc/arm-none-eabi/10.3.1/../../../../arm-none-eabi/lib/thumb/v7e-m+fp/softfp\libc.a(lib_a-__call_atexit.o)
 *(.init_array)
 .init_array    0x200009bc        0x4 c:/maximsdk/tools/gnutools/10.3/bin/../lib/gcc/arm-none-eabi/10.3.1/thumb/v7e-m+fp/softfp/crtbegin.o
                0x200009c0                PROVIDE (__init_array_end = .)
                0x200009c0                . = ALIGN (0x4)
                0x200009c0                PROVIDE (__fini_array_start = .)
 *(SORT_BY_NAME(.fini_array.*))
 *(.fini_array)
 .fini_array    0x200009c0        0x4 c:/maximsdk/tools/gnutools/10.3/bin/../lib/gcc/arm-none-eabi/10.3.1/thumb/v7e-m+fp/softfp/crtbegin.o
                0x200009c4                PROVIDE (__fini_array_end = .)
 *(.flashprog)
                0x200009c4                _edata = ALIGN (., 0x4)
                0x10009fe4                __load_data = LOADADDR (.data)

.igot.plt       0x200009c4        0x0 load address 0x1000a9a8
 .igot.plt      0x200009c4        0x0 c:/maximsdk/tools/gnutools/10.3/bin/../lib/gcc/arm-none-eabi/10.3.1/thumb/v7e-m+fp/softfp/crtbegin.o

.bss            0x200009c4      0x734 load address 0x1000a9a8
                0x200009c4                . = ALIGN (0x4)
                0x200009c4                _bss = .
 *(.bss*)
 .bss           0x200009c4       0x1c c:/maximsdk/tools/gnutools/10.3/bin/../lib/gcc/arm-none-eabi/10.3.1/thumb/v7e-m+fp/softfp/crtbegin.o
 .bss.req       0x200009e0       0x28 c:/Users/ahammad.n/Desktop/Maxim_Micro_Workspace/PHILIPS_XRAY_MAX32660_code_DC_MOTOR/build/main.o
                0x200009e0                req
 .bss.rx_data   0x20000a08       0x64 c:/Users/ahammad.n/Desktop/Maxim_Micro_Workspace/PHILIPS_XRAY_MAX32660_code_DC_MOTOR/build/main.o
                0x20000a08                rx_data
 .bss.tx_data   0x20000a6c       0x64 c:/Users/ahammad.n/Desktop/Maxim_Micro_Workspace/PHILIPS_XRAY_MAX32660_code_DC_MOTOR/build/main.o
                0x20000a6c                tx_data
 .bss.heap_end  0x20000ad0        0x4 c:/Users/ahammad.n/Desktop/Maxim_Micro_Workspace/PHILIPS_XRAY_MAX32660_code_DC_MOTOR/build/heap.o
 .bss.SystemCoreClock
                0x20000ad4        0x4 c:/Users/ahammad.n/Desktop/Maxim_Micro_Workspace/PHILIPS_XRAY_MAX32660_code_DC_MOTOR/build/system_max32690.o
                0x20000ad4                SystemCoreClock
 .bss.cbFunc    0x20000ad8        0x4 C:/MaximSDK/Libraries/PeriphDrivers/bin/MAX32690/softfp/libPeriphDriver_softfp.a(mxc_delay.o)
 .bss.ctrl_save
                0x20000adc        0x4 C:/MaximSDK/Libraries/PeriphDrivers/bin/MAX32690/softfp/libPeriphDriver_softfp.a(mxc_delay.o)
 .bss.endtick   0x20000ae0        0x4 C:/MaximSDK/Libraries/PeriphDrivers/bin/MAX32690/softfp/libPeriphDriver_softfp.a(mxc_delay.o)
 .bss.states    0x20000ae4       0xc8 C:/MaximSDK/Libraries/PeriphDrivers/bin/MAX32690/softfp/libPeriphDriver_softfp.a(spi_reva.o)
 .bss.callback  0x20000bac      0x280 C:/MaximSDK/Libraries/PeriphDrivers/bin/MAX32690/softfp/libPeriphDriver_softfp.a(gpio_common.o)
 .bss.cbparam   0x20000e2c      0x280 C:/MaximSDK/Libraries/PeriphDrivers/bin/MAX32690/softfp/libPeriphDriver_softfp.a(gpio_common.o)
 .bss.initialized
                0x200010ac        0x1 C:/MaximSDK/Libraries/PeriphDrivers/bin/MAX32690/softfp/libPeriphDriver_softfp.a(gpio_common.o)
 *fill*         0x200010ad        0x3 
 .bss.__lock___atexit_recursive_mutex
                0x200010b0        0x1 c:/maximsdk/tools/gnutools/10.3/bin/../lib/gcc/arm-none-eabi/10.3.1/../../../../arm-none-eabi/lib/thumb/v7e-m+fp/softfp\libc.a(lib_a-lock.o)
                0x200010b0                __lock___atexit_recursive_mutex
 *fill*         0x200010b1        0x3 
 .bss.__lock___malloc_recursive_mutex
                0x200010b4        0x1 c:/maximsdk/tools/gnutools/10.3/bin/../lib/gcc/arm-none-eabi/10.3.1/../../../../arm-none-eabi/lib/thumb/v7e-m+fp/softfp\libc.a(lib_a-lock.o)
                0x200010b4                __lock___malloc_recursive_mutex
 *fill*         0x200010b5        0x3 
 .bss.__lock___sfp_recursive_mutex
                0x200010b8        0x1 c:/maximsdk/tools/gnutools/10.3/bin/../lib/gcc/arm-none-eabi/10.3.1/../../../../arm-none-eabi/lib/thumb/v7e-m+fp/softfp\libc.a(lib_a-lock.o)
                0x200010b8                __lock___sfp_recursive_mutex
 *fill*         0x200010b9        0x3 
 .bss.__lock___sinit_recursive_mutex
                0x200010bc        0x1 c:/maximsdk/tools/gnutools/10.3/bin/../lib/gcc/arm-none-eabi/10.3.1/../../../../arm-none-eabi/lib/thumb/v7e-m+fp/softfp\libc.a(lib_a-lock.o)
                0x200010bc                __lock___sinit_recursive_mutex
 *fill*         0x200010bd        0x3 
 .bss.__malloc_current_mallinfo
                0x200010c0       0x28 c:/maximsdk/tools/gnutools/10.3/bin/../lib/gcc/arm-none-eabi/10.3.1/../../../../arm-none-eabi/lib/thumb/v7e-m+fp/softfp\libc.a(lib_a-mallocr.o)
                0x200010c0                __malloc_current_mallinfo
 .bss.__malloc_max_sbrked_mem
                0x200010e8        0x4 c:/maximsdk/tools/gnutools/10.3/bin/../lib/gcc/arm-none-eabi/10.3.1/../../../../arm-none-eabi/lib/thumb/v7e-m+fp/softfp\libc.a(lib_a-mallocr.o)
                0x200010e8                __malloc_max_sbrked_mem
 .bss.__malloc_max_total_mem
                0x200010ec        0x4 c:/maximsdk/tools/gnutools/10.3/bin/../lib/gcc/arm-none-eabi/10.3.1/../../../../arm-none-eabi/lib/thumb/v7e-m+fp/softfp\libc.a(lib_a-mallocr.o)
                0x200010ec                __malloc_max_total_mem
 .bss.__malloc_top_pad
                0x200010f0        0x4 c:/maximsdk/tools/gnutools/10.3/bin/../lib/gcc/arm-none-eabi/10.3.1/../../../../arm-none-eabi/lib/thumb/v7e-m+fp/softfp\libc.a(lib_a-mallocr.o)
                0x200010f0                __malloc_top_pad
 .bss.errno     0x200010f4        0x4 c:/maximsdk/tools/gnutools/10.3/bin/../lib/gcc/arm-none-eabi/10.3.1/../../../../arm-none-eabi/lib/thumb/v7e-m+fp/softfp\libc.a(lib_a-reent.o)
                0x200010f4                errno
 *(COMMON)
                0x200010f8                _ebss = ALIGN (., 0x4)

.pal_nvm_db     0x10340000        0x0
                0x10340000                . = ALIGN (0x2000)
                0x10340000                __pal_nvm_db_start__ = .
                0x10340000                . = (. + _PAL_NVM_SIZE)
                0x10340000                __pal_nvm_db_end__ = .

.riscv_flash
 *riscv.o()
                0x20120000                __StackTop = (ORIGIN (SRAM) + LENGTH (SRAM))
                0x2011f000                __StackLimit = (__StackTop - SIZEOF (.stack_dummy))

.stack_dummy    0x200010f8     0x1000
 *(.stack*)
 .stack         0x200010f8     0x1000 c:/Users/ahammad.n/Desktop/Maxim_Micro_Workspace/PHILIPS_XRAY_MAX32660_code_DC_MOTOR/build/startup_max32690.o

.heap           0x200010f8      0xc00
                0x200010f8                . = ALIGN (0x4)
 *(.heap*)
 .heap          0x200010f8      0xc00 c:/Users/ahammad.n/Desktop/Maxim_Micro_Workspace/PHILIPS_XRAY_MAX32660_code_DC_MOTOR/build/startup_max32690.o
                0x200010f8                __HeapBase
                0x2011f000                __HeapLimit = ABSOLUTE (__StackLimit)

.mailbox_0      0x00000000        0x0
                0x00000000                _mailbox_0 = ALIGN (., 0x4)
 *(.mailbox_0*)
                0x00000000                . = (. + _MAILBOX_SIZE)
                0x00000000                _emailbox_0 = ALIGN (., 0x4)

.mailbox_1      0x00000000        0x0
                0x00000000                _mailbox_1 = ALIGN (., 0x4)
 *(.mailbox_1*)
                0x00000000                . = (. + _MAILBOX_SIZE)
                0x00000000                _emailbox_1 = ALIGN (., 0x4)
                0x20120000                PROVIDE (__stack = __StackTop)
                0x00000001                ASSERT ((__StackLimit >= _ebss), region RAM overflowed with stack)
OUTPUT(c:/Users/ahammad.n/Desktop/Maxim_Micro_Workspace/PHILIPS_XRAY_MAX32660_code_DC_MOTOR/build/PHILIPS_XRAY_MAX32660_code_DC_MOTOR.elf elf32-littlearm)
LOAD linker stubs

.ARM.attributes
                0x00000000       0x2e
 .ARM.attributes
                0x00000000       0x1e c:/maximsdk/tools/gnutools/10.3/bin/../lib/gcc/arm-none-eabi/10.3.1/thumb/v7e-m+fp/softfp/crti.o
 .ARM.attributes
                0x0000001e       0x32 c:/maximsdk/tools/gnutools/10.3/bin/../lib/gcc/arm-none-eabi/10.3.1/thumb/v7e-m+fp/softfp/crtbegin.o
 .ARM.attributes
                0x00000050       0x32 c:/Users/ahammad.n/Desktop/Maxim_Micro_Workspace/PHILIPS_XRAY_MAX32660_code_DC_MOTOR/build/main.o
 .ARM.attributes
                0x00000082       0x32 c:/Users/ahammad.n/Desktop/Maxim_Micro_Workspace/PHILIPS_XRAY_MAX32660_code_DC_MOTOR/build/board.o
 .ARM.attributes
                0x000000b4       0x32 c:/Users/ahammad.n/Desktop/Maxim_Micro_Workspace/PHILIPS_XRAY_MAX32660_code_DC_MOTOR/build/stdio.o
 .ARM.attributes
                0x000000e6       0x32 c:/Users/ahammad.n/Desktop/Maxim_Micro_Workspace/PHILIPS_XRAY_MAX32660_code_DC_MOTOR/build/led.o
 .ARM.attributes
                0x00000118       0x32 c:/Users/ahammad.n/Desktop/Maxim_Micro_Workspace/PHILIPS_XRAY_MAX32660_code_DC_MOTOR/build/pb.o
 .ARM.attributes
                0x0000014a       0x1b c:/Users/ahammad.n/Desktop/Maxim_Micro_Workspace/PHILIPS_XRAY_MAX32660_code_DC_MOTOR/build/startup_max32690.o
 .ARM.attributes
                0x00000165       0x32 c:/Users/ahammad.n/Desktop/Maxim_Micro_Workspace/PHILIPS_XRAY_MAX32660_code_DC_MOTOR/build/heap.o
 .ARM.attributes
                0x00000197       0x32 c:/Users/ahammad.n/Desktop/Maxim_Micro_Workspace/PHILIPS_XRAY_MAX32660_code_DC_MOTOR/build/system_max32690.o
 .ARM.attributes
                0x000001c9       0x32 C:/MaximSDK/Libraries/PeriphDrivers/bin/MAX32690/softfp/libPeriphDriver_softfp.a(mxc_delay.o)
 .ARM.attributes
                0x000001fb       0x32 C:/MaximSDK/Libraries/PeriphDrivers/bin/MAX32690/softfp/libPeriphDriver_softfp.a(sys_me18.o)
 .ARM.attributes
                0x0000022d       0x32 C:/MaximSDK/Libraries/PeriphDrivers/bin/MAX32690/softfp/libPeriphDriver_softfp.a(gpio_me18.o)
 .ARM.attributes
                0x0000025f       0x32 C:/MaximSDK/Libraries/PeriphDrivers/bin/MAX32690/softfp/libPeriphDriver_softfp.a(gpio_reva.o)
 .ARM.attributes
                0x00000291       0x32 C:/MaximSDK/Libraries/PeriphDrivers/bin/MAX32690/softfp/libPeriphDriver_softfp.a(icc_me18.o)
 .ARM.attributes
                0x000002c3       0x32 C:/MaximSDK/Libraries/PeriphDrivers/bin/MAX32690/softfp/libPeriphDriver_softfp.a(icc_reva.o)
 .ARM.attributes
                0x000002f5       0x32 C:/MaximSDK/Libraries/PeriphDrivers/bin/MAX32690/softfp/libPeriphDriver_softfp.a(spi_me18.o)
 .ARM.attributes
                0x00000327       0x32 C:/MaximSDK/Libraries/PeriphDrivers/bin/MAX32690/softfp/libPeriphDriver_softfp.a(spi_reva.o)
 .ARM.attributes
                0x00000359       0x32 C:/MaximSDK/Libraries/PeriphDrivers/bin/MAX32690/softfp/libPeriphDriver_softfp.a(uart_me18.o)
 .ARM.attributes
                0x0000038b       0x32 C:/MaximSDK/Libraries/PeriphDrivers/bin/MAX32690/softfp/libPeriphDriver_softfp.a(uart_revb.o)
 .ARM.attributes
                0x000003bd       0x32 C:/MaximSDK/Libraries/PeriphDrivers/bin/MAX32690/softfp/libPeriphDriver_softfp.a(mxc_lock.o)
 .ARM.attributes
                0x000003ef       0x32 C:/MaximSDK/Libraries/PeriphDrivers/bin/MAX32690/softfp/libPeriphDriver_softfp.a(pins_me18.o)
 .ARM.attributes
                0x00000421       0x32 C:/MaximSDK/Libraries/PeriphDrivers/bin/MAX32690/softfp/libPeriphDriver_softfp.a(gpio_common.o)
 .ARM.attributes
                0x00000453       0x32 C:/MaximSDK/Libraries/PeriphDrivers/bin/MAX32690/softfp/libPeriphDriver_softfp.a(uart_common.o)
 .ARM.attributes
                0x00000485       0x32 c:/maximsdk/tools/gnutools/10.3/bin/../lib/gcc/arm-none-eabi/10.3.1/../../../../arm-none-eabi/lib/thumb/v7e-m+fp/softfp\libc.a(lib_a-errno.o)
 .ARM.attributes
                0x000004b7       0x32 c:/maximsdk/tools/gnutools/10.3/bin/../lib/gcc/arm-none-eabi/10.3.1/../../../../arm-none-eabi/lib/thumb/v7e-m+fp/softfp\libc.a(lib_a-impure.o)
 .ARM.attributes
                0x000004e9       0x32 c:/maximsdk/tools/gnutools/10.3/bin/../lib/gcc/arm-none-eabi/10.3.1/../../../../arm-none-eabi/lib/thumb/v7e-m+fp/softfp\libc.a(lib_a-init.o)
 .ARM.attributes
                0x0000051b       0x1c c:/maximsdk/tools/gnutools/10.3/bin/../lib/gcc/arm-none-eabi/10.3.1/../../../../arm-none-eabi/lib/thumb/v7e-m+fp/softfp\libc.a(lib_a-memcpy.o)
 .ARM.attributes
                0x00000537       0x32 c:/maximsdk/tools/gnutools/10.3/bin/../lib/gcc/arm-none-eabi/10.3.1/../../../../arm-none-eabi/lib/thumb/v7e-m+fp/softfp\libc.a(lib_a-memset.o)
 .ARM.attributes
                0x00000569       0x32 c:/maximsdk/tools/gnutools/10.3/bin/../lib/gcc/arm-none-eabi/10.3.1/../../../../arm-none-eabi/lib/thumb/v7e-m+fp/softfp\libc.a(lib_a-printf.o)
 .ARM.attributes
                0x0000059b       0x32 c:/maximsdk/tools/gnutools/10.3/bin/../lib/gcc/arm-none-eabi/10.3.1/../../../../arm-none-eabi/lib/thumb/v7e-m+fp/softfp\libc.a(lib_a-puts.o)
 .ARM.attributes
                0x000005cd       0x1c c:/maximsdk/tools/gnutools/10.3/bin/../lib/gcc/arm-none-eabi/10.3.1/../../../../arm-none-eabi/lib/thumb/v7e-m+fp/softfp\libc.a(lib_a-strlen.o)
 .ARM.attributes
                0x000005e9       0x32 c:/maximsdk/tools/gnutools/10.3/bin/../lib/gcc/arm-none-eabi/10.3.1/../../../../arm-none-eabi/lib/thumb/v7e-m+fp/softfp\libc.a(lib_a-vfprintf.o)
 .ARM.attributes
                0x0000061b       0x32 c:/maximsdk/tools/gnutools/10.3/bin/../lib/gcc/arm-none-eabi/10.3.1/../../../../arm-none-eabi/lib/thumb/v7e-m+fp/softfp\libc.a(lib_a-wsetup.o)
 .ARM.attributes
                0x0000064d       0x32 c:/maximsdk/tools/gnutools/10.3/bin/../lib/gcc/arm-none-eabi/10.3.1/../../../../arm-none-eabi/lib/thumb/v7e-m+fp/softfp\libc.a(lib_a-__call_atexit.o)
 .ARM.attributes
                0x0000067f       0x32 c:/maximsdk/tools/gnutools/10.3/bin/../lib/gcc/arm-none-eabi/10.3.1/../../../../arm-none-eabi/lib/thumb/v7e-m+fp/softfp\libc.a(lib_a-atexit.o)
 .ARM.attributes
                0x000006b1       0x32 c:/maximsdk/tools/gnutools/10.3/bin/../lib/gcc/arm-none-eabi/10.3.1/../../../../arm-none-eabi/lib/thumb/v7e-m+fp/softfp\libc.a(lib_a-dtoa.o)
 .ARM.attributes