Archive member included to satisfy reference by file (symbol)

C:/MaximSDK/Libraries/PeriphDrivers/bin/MAX32660/softfp/libPeriphDriver_softfp.a(mxc_delay.o)
                              C:/Users/ahammad.n/Desktop/Maxim_Micro_Workspace/MAX77958_MAX77962_Reference_Lib/build/rom_stub.o (SysTick_Handler)
C:/MaximSDK/Libraries/PeriphDrivers/bin/MAX32660/softfp/libPeriphDriver_softfp.a(sys_me11.o)
                              C:/Users/ahammad.n/Desktop/Maxim_Micro_Workspace/MAX77958_MAX77962_Reference_Lib/build/system_max32660.o (MXC_SYS_ClockDisable)
C:/MaximSDK/Libraries/PeriphDrivers/bin/MAX32660/softfp/libPeriphDriver_softfp.a(flc_me11.o)
                              C:/MaximSDK/Libraries/PeriphDrivers/bin/MAX32660/softfp/libPeriphDriver_softfp.a(sys_me11.o) (MXC_FLC_UnlockInfoBlock)
C:/MaximSDK/Libraries/PeriphDrivers/bin/MAX32660/softfp/libPeriphDriver_softfp.a(flc_reva.o)
                              C:/MaximSDK/Libraries/PeriphDrivers/bin/MAX32660/softfp/libPeriphDriver_softfp.a(flc_me11.o) (MXC_FLC_RevA_Busy)
C:/MaximSDK/Libraries/PeriphDrivers/bin/MAX32660/softfp/libPeriphDriver_softfp.a(gpio_me11.o)
                              C:/Users/ahammad.n/Desktop/Maxim_Micro_Workspace/MAX77958_MAX77962_Reference_Lib/build/pb.o (MXC_GPIO_InGet)
C:/MaximSDK/Libraries/PeriphDrivers/bin/MAX32660/softfp/libPeriphDriver_softfp.a(gpio_reva.o)
                              C:/MaximSDK/Libraries/PeriphDrivers/bin/MAX32660/softfp/libPeriphDriver_softfp.a(gpio_me11.o) (MXC_GPIO_RevA_InGet)
C:/MaximSDK/Libraries/PeriphDrivers/bin/MAX32660/softfp/libPeriphDriver_softfp.a(i2c_me11.o)
                              C:/Users/ahammad.n/Desktop/Maxim_Micro_Workspace/MAX77958_MAX77962_Reference_Lib/build/main.o (MXC_I2C_Init)
C:/MaximSDK/Libraries/PeriphDrivers/bin/MAX32660/softfp/libPeriphDriver_softfp.a(i2c_reva.o)
                              C:/MaximSDK/Libraries/PeriphDrivers/bin/MAX32660/softfp/libPeriphDriver_softfp.a(i2c_me11.o) (MXC_I2C_RevA_DMACallback)
C:/MaximSDK/Libraries/PeriphDrivers/bin/MAX32660/softfp/libPeriphDriver_softfp.a(uart_me11.o)
                              C:/Users/ahammad.n/Desktop/Maxim_Micro_Workspace/MAX77958_MAX77962_Reference_Lib/build/board.o (MXC_UART_Shutdown)
C:/MaximSDK/Libraries/PeriphDrivers/bin/MAX32660/softfp/libPeriphDriver_softfp.a(uart_reva.o)
                              C:/MaximSDK/Libraries/PeriphDrivers/bin/MAX32660/softfp/libPeriphDriver_softfp.a(uart_me11.o) (MXC_UART_RevA_Init)
C:/MaximSDK/Libraries/PeriphDrivers/bin/MAX32660/softfp/libPeriphDriver_softfp.a(pins_me11.o)
                              C:/MaximSDK/Libraries/PeriphDrivers/bin/MAX32660/softfp/libPeriphDriver_softfp.a(uart_me11.o) (gpio_cfg_uart1_flow)
C:/MaximSDK/Libraries/PeriphDrivers/bin/MAX32660/softfp/libPeriphDriver_softfp.a(dma_me11.o)
                              C:/MaximSDK/Libraries/PeriphDrivers/bin/MAX32660/softfp/libPeriphDriver_softfp.a(i2c_reva.o) (MXC_DMA_Init)
C:/MaximSDK/Libraries/PeriphDrivers/bin/MAX32660/softfp/libPeriphDriver_softfp.a(dma_reva.o)
                              C:/MaximSDK/Libraries/PeriphDrivers/bin/MAX32660/softfp/libPeriphDriver_softfp.a(dma_me11.o) (MXC_DMA_RevA_Init)
C:/MaximSDK/Libraries/PeriphDrivers/bin/MAX32660/softfp/libPeriphDriver_softfp.a(flc_common.o)
                              C:/MaximSDK/Libraries/PeriphDrivers/bin/MAX32660/softfp/libPeriphDriver_softfp.a(flc_me11.o) (MXC_FLC_Com_VerifyData)
C:/MaximSDK/Libraries/PeriphDrivers/bin/MAX32660/softfp/libPeriphDriver_softfp.a(gpio_common.o)
                              C:/MaximSDK/Libraries/PeriphDrivers/bin/MAX32660/softfp/libPeriphDriver_softfp.a(gpio_me11.o) (MXC_GPIO_Common_Init)
C:/MaximSDK/Libraries/PeriphDrivers/bin/MAX32660/softfp/libPeriphDriver_softfp.a(uart_common.o)
                              C:/MaximSDK/Libraries/PeriphDrivers/bin/MAX32660/softfp/libPeriphDriver_softfp.a(uart_me11.o) (MXC_UART_Common_ReadCharacter)
C:/MaximSDK/Libraries/PeriphDrivers/bin/MAX32660/softfp/libPeriphDriver_softfp.a(mxc_lock.o)
                              C:/MaximSDK/Libraries/PeriphDrivers/bin/MAX32660/softfp/libPeriphDriver_softfp.a(dma_reva.o) (MXC_GetLock)
lib\libFUNCTIONS.a(FUNCTIONS.o)
                              C:/Users/ahammad.n/Desktop/Maxim_Micro_Workspace/MAX77958_MAX77962_Reference_Lib/build/main.o (Current_Source_Cap)
c:/maximsdk/tools/gnutools/10.3/bin/../lib/gcc/arm-none-eabi/10.3.1/../../../../arm-none-eabi/lib/thumb/v7e-m+fp/softfp\libc.a(lib_a-errno.o)
                              C:/Users/ahammad.n/Desktop/Maxim_Micro_Workspace/MAX77958_MAX77962_Reference_Lib/build/stdio.o (__errno)
c:/maximsdk/tools/gnutools/10.3/bin/../lib/gcc/arm-none-eabi/10.3.1/../../../../arm-none-eabi/lib/thumb/v7e-m+fp/softfp\libc.a(lib_a-exit.o)
                              c:/maximsdk/tools/gnutools/10.3/bin/../lib/gcc/arm-none-eabi/10.3.1/../../../../arm-none-eabi/lib/thumb/v7e-m+fp/softfp/crt0.o (exit)
[...]
Memory Configuration

Name             Origin             Length             Attributes
FLASH            0x00000000         0x00040000         xr
SRAM             0x20000000         0x00018000         xrw
*default*        0x00000000         0xffffffff

Linker script and memory map

LOAD c:/maximsdk/tools/gnutools/10.3/bin/../lib/gcc/arm-none-eabi/10.3.1/thumb/v7e-m+fp/softfp/crti.o
LOAD c:/maximsdk/tools/gnutools/10.3/bin/../lib/gcc/arm-none-eabi/10.3.1/thumb/v7e-m+fp/softfp/crtbegin.o
LOAD c:/maximsdk/tools/gnutools/10.3/bin/../lib/gcc/arm-none-eabi/10.3.1/../../../../arm-none-eabi/lib/thumb/v7e-m+fp/softfp/crt0.o
LOAD C:/Users/ahammad.n/Desktop/Maxim_Micro_Workspace/MAX77958_MAX77962_Reference_Lib/build/main.o
LOAD C:/Users/ahammad.n/Desktop/Maxim_Micro_Workspace/MAX77958_MAX77962_Reference_Lib/build/board.o
LOAD C:/Users/ahammad.n/Desktop/Maxim_Micro_Workspace/MAX77958_MAX77962_Reference_Lib/build/stdio.o
LOAD C:/Users/ahammad.n/Desktop/Maxim_Micro_Workspace/MAX77958_MAX77962_Reference_Lib/build/led.o
LOAD C:/Users/ahammad.n/Desktop/Maxim_Micro_Workspace/MAX77958_MAX77962_Reference_Lib/build/pb.o
LOAD C:/Users/ahammad.n/Desktop/Maxim_Micro_Workspace/MAX77958_MAX77962_Reference_Lib/build/rom_stub.o
LOAD C:/Users/ahammad.n/Desktop/Maxim_Micro_Workspace/MAX77958_MAX77962_Reference_Lib/build/startup_max32660.o
LOAD C:/Users/ahammad.n/Desktop/Maxim_Micro_Workspace/MAX77958_MAX77962_Reference_Lib/build/heap.o
LOAD C:/Users/ahammad.n/Desktop/Maxim_Micro_Workspace/MAX77958_MAX77962_Reference_Lib/build/system_max32660.o
START GROUP
LOAD C:/MaximSDK/Libraries/PeriphDrivers/bin/MAX32660/softfp/libPeriphDriver_softfp.a
LOAD lib\libFUNCTIONS.a
LOAD c:/maximsdk/tools/gnutools/10.3/bin/../lib/gcc/arm-none-eabi/10.3.1/../../../../arm-none-eabi/lib/thumb/v7e-m+fp/softfp\libc.a
LOAD c:/maximsdk/tools/gnutools/10.3/bin/../lib/gcc/arm-none-eabi/10.3.1/../../../../arm-none-eabi/lib/thumb/v7e-m+fp/softfp\libm.a
LOAD c:/maximsdk/tools/gnutools/10.3/bin/../lib/gcc/arm-none-eabi/10.3.1/../../../../arm-none-eabi/lib/thumb/v7e-m+fp/softfp\libnosys.a
END GROUP
START GROUP
LOAD c:/maximsdk/tools/gnutools/10.3/bin/../lib/gcc/arm-none-eabi/10.3.1/thumb/v7e-m+fp/softfp\libgcc.a
LOAD c:/maximsdk/tools/gnutools/10.3/bin/../lib/gcc/arm-none-eabi/10.3.1/../../../../arm-none-eabi/lib/thumb/v7e-m+fp/softfp\libc.a
END GROUP
LOAD c:/maximsdk/tools/gnutools/10.3/bin/../lib/gcc/arm-none-eabi/10.3.1/thumb/v7e-m+fp/softfp/crtend.o
LOAD c:/maximsdk/tools/gnutools/10.3/bin/../lib/gcc/arm-none-eabi/10.3.1/thumb/v7e-m+fp/softfp/crtn.o

.text           0x00000000     0xab54
                0x00000000                _text = .
 *(.isr_vector)
 .isr_vector    0x00000000      0x11c C:/Users/ahammad.n/Desktop/Maxim_Micro_Workspace/MAX77958_MAX77962_Reference_Lib/build/startup_max32660.o
                0x00000000                __isr_vector
 *(.text*)
 .text          0x0000011c       0x40 c:/maximsdk/tools/gnutools/10.3/bin/../lib/gcc/arm-none-eabi/10.3.1/thumb/v7e-m+fp/softfp/crtbegin.o
 .text.main     0x0000015c      0x19c C:/Users/ahammad.n/Desktop/Maxim_Micro_Workspace/MAX77958_MAX77962_Reference_Lib/build/main.o
                0x0000015c                main
 .text.mxc_assert
                0x000002f8       0x10 C:/Users/ahammad.n/Desktop/Maxim_Micro_Workspace/MAX77958_MAX77962_Reference_Lib/build/board.o
                0x000002f8                mxc_assert
 .text.Console_Init
                0x00000308       0x18 C:/Users/ahammad.n/Desktop/Maxim_Micro_Workspace/MAX77958_MAX77962_Reference_Lib/build/board.o
                0x00000308                Console_Init
 .text.Board_Init
                0x00000320       0x34 C:/Users/ahammad.n/Desktop/Maxim_Micro_Workspace/MAX77958_MAX77962_Reference_Lib/build/board.o
                0x00000320                Board_Init
 .text.NMI_Handler
                0x00000354        0x4 C:/Users/ahammad.n/Desktop/Maxim_Micro_Workspace/MAX77958_MAX77962_Reference_Lib/build/board.o
                0x00000354                NMI_Handler
 .text._close   0x00000358        0x6 C:/Users/ahammad.n/Desktop/Maxim_Micro_Workspace/MAX77958_MAX77962_Reference_Lib/build/stdio.o
                0x00000358                _close
 .text._isatty  0x0000035e        0x6 C:/Users/ahammad.n/Desktop/Maxim_Micro_Workspace/MAX77958_MAX77962_Reference_Lib/build/stdio.o
                0x0000035e                _isatty
 .text._lseek   0x00000364        0x6 C:/Users/ahammad.n/Desktop/Maxim_Micro_Workspace/MAX77958_MAX77962_Reference_Lib/build/stdio.o
                0x00000364                _lseek
 .text._fstat   0x0000036a        0x6 C:/Users/ahammad.n/Desktop/Maxim_Micro_Workspace/MAX77958_MAX77962_Reference_Lib/build/stdio.o
                0x0000036a                _fstat
 .text._read    0x00000370       0x50 C:/Users/ahammad.n/Desktop/Maxim_Micro_Workspace/MAX77958_MAX77962_Reference_Lib/build/stdio.o
                0x00000370                _read
 .text._write   0x000003c0       0x54 C:/Users/ahammad.n/Desktop/Maxim_Micro_Workspace/MAX77958_MAX77962_Reference_Lib/build/stdio.o
                0x000003c0                _write
 .text.LED_Off  0x00000414       0x44 C:/Users/ahammad.n/Desktop/Maxim_Micro_Workspace/MAX77958_MAX77962_Reference_Lib/build/led.o
                0x00000414                LED_Off
 .text.LED_Init
                0x00000458       0x3c C:/Users/ahammad.n/Desktop/Maxim_Micro_Workspace/MAX77958_MAX77962_Reference_Lib/build/led.o
                0x00000458                LED_Init
 .text.PB_Init  0x00000494       0x38 C:/Users/ahammad.n/Desktop/Maxim_Micro_Workspace/MAX77958_MAX77962_Reference_Lib/build/pb.o
                0x00000494                PB_Init
 .text.GPIO0_IRQHandler
                0x000004cc        0xa C:/Users/ahammad.n/Desktop/Maxim_Micro_Workspace/MAX77958_MAX77962_Reference_Lib/build/pb.o
                0x000004cc                GPIO0_IRQHandler
 *fill*         0x000004d6        0x2 
 .text          0x000004d8       0xe4 C:/Users/ahammad.n/Desktop/Maxim_Micro_Workspace/MAX77958_MAX77962_Reference_Lib/build/startup_max32660.o
                0x000004d8                Reset_Handler
                0x00000516                HardFault_Handler
                0x00000518                MemManage_Handler
                0x0000051a                BusFault_Handler
                0x0000051c                UsageFault_Handler
                0x0000051e                SVC_Handler
                0x00000520                DebugMon_Handler
                0x00000522                PendSV_Handler
                0x00000524                Default_Handler
                0x00000526                PF_IRQHandler
                0x00000528                WDT0_IRQHandler
                0x0000052a                RSV00_IRQHandler
                0x0000052c                RTC_IRQHandler
                0x0000052e                RSV1_IRQHandler
                0x00000530                TMR0_IRQHandler
                0x00000532                TMR1_IRQHandler
                0x00000534                TMR2_IRQHandler
                0x00000536                RSV02_IRQHandler
                0x00000538                RSV03_IRQHandler
                0x0000053a                RSV04_IRQHandler
                0x0000053c                RSV05_IRQHandler
                0x0000053e                RSV06_IRQHandler
                0x00000540                I2C0_IRQHandler
                0x00000542                UART0_IRQHandler
                0x00000544                UART1_IRQHandler
                0x00000546                SPI0_IRQHandler
                0x00000548                SPI1_IRQHandler
                0x0000054a                RSV07_IRQHandler
                0x0000054c                RSV08_IRQHandler
                0x0000054e                RSV09_IRQHandler
                0x00000550                RSV10_IRQHandler
                0x00000552                RSV11_IRQHandler
                0x00000554                FLC_IRQHandler
                0x00000558                RSV12_IRQHandler
                0x0000055a                RSV13_IRQHandler
                0x0000055c                RSV14_IRQHandler
                0x0000055e                DMA0_IRQHandler
                0x00000560                DMA1_IRQHandler
                0x00000562                DMA2_IRQHandler
                0x00000564                DMA3_IRQHandler
                0x00000566                RSV15_IRQHandler
                0x00000568                RSV16_IRQHandler
                0x0000056a                RSV17_IRQHandler
                0x0000056c                RSV18_IRQHandler
                0x0000056e                I2C1_IRQHandler
                0x00000570                RSV19_IRQHandler
                0x00000572                RSV20_IRQHandler
                0x00000574                RSV21_IRQHandler
                0x00000576                RSV22_IRQHandler
                0x00000578                RSV23_IRQHandler
                0x0000057a                RSV24_IRQHandler
                0x0000057c                RSV25_IRQHandler
                0x0000057e                RSV26_IRQHandler
                0x00000580                RSV27_IRQHandler
                0x00000582                RSV28_IRQHandler
                0x00000584                RSV29_IRQHandler
                0x00000586                RSV30_IRQHandler
                0x00000588                RSV31_IRQHandler
                0x0000058a                RSV32_IRQHandler
                0x0000058c                RSV33_IRQHandler
                0x0000058e                RSV34_IRQHandler
                0x00000590                RSV35_IRQHandler
                0x00000592                GPIOWAKE_IRQHandler
 .text._sbrk    0x000005bc       0x40 C:/Users/ahammad.n/Desktop/Maxim_Micro_Workspace/MAX77958_MAX77962_Reference_Lib/build/heap.o
                0x000005bc                _sbrk
 .text.SystemCoreClockUpdate
                0x000005fc       0x64 C:/Users/ahammad.n/Desktop/Maxim_Micro_Workspace/MAX77958_MAX77962_Reference_Lib/build/system_max32660.o
                0x000005fc                SystemCoreClockUpdate
 .text.PreInit  0x00000660        0x4 C:/Users/ahammad.n/Desktop/Maxim_Micro_Workspace/MAX77958_MAX77962_Reference_Lib/build/system_max32660.o
                0x00000660                PreInit
 .text.SystemInit
                0x00000664       0x7c C:/Users/ahammad.n/Desktop/Maxim_Micro_Workspace/MAX77958_MAX77962_Reference_Lib/build/system_max32660.o
                0x00000664                SystemInit
 .text.MXC_DelayInit
                0x000006e0       0x84 C:/MaximSDK/Libraries/PeriphDrivers/bin/MAX32660/softfp/libPeriphDriver_softfp.a(mxc_delay.o)
 .text.MXC_DelayAsync
                0x00000764       0x44 C:/MaximSDK/Libraries/PeriphDrivers/bin/MAX32660/softfp/libPeriphDriver_softfp.a(mxc_delay.o)
                0x00000764                MXC_DelayAsync
 .text.MXC_DelayAbort
                0x000007a8       0x34 C:/MaximSDK/Libraries/PeriphDrivers/bin/MAX32660/softfp/libPeriphDriver_softfp.a(mxc_delay.o)
                0x000007a8                MXC_DelayAbort
 .text.MXC_DelayHandler
                0x000007dc       0x40 C:/MaximSDK/Libraries/PeriphDrivers/bin/MAX32660/softfp/libPeriphDriver_softfp.a(mxc_delay.o)
                0x000007dc                MXC_DelayHandler
 .text.SysTick_Handler
                0x0000081c        0x8 C:/MaximSDK/Libraries/PeriphDrivers/bin/MAX32660/softfp/libPeriphDriver_softfp.a(mxc_delay.o)
                0x0000081c                SysTick_Handler
 .text.MXC_DelayCheck
                0x00000824       0x64 C:/MaximSDK/Libraries/PeriphDrivers/bin/MAX32660/softfp/libPeriphDriver_softfp.a(mxc_delay.o)
                0x00000824                MXC_DelayCheck
 .text.MXC_Delay
                0x00000888       0x58 C:/MaximSDK/Libraries/PeriphDrivers/bin/MAX32660/softfp/libPeriphDriver_softfp.a(mxc_delay.o)
                0x00000888                MXC_Delay
 .text.MXC_SYS_ClockDisable
                0x000008e0       0x2c C:/MaximSDK/Libraries/PeriphDrivers/bin/MAX32660/softfp/libPeriphDriver_softfp.a(sys_me11.o)
                0x000008e0                MXC_SYS_ClockDisable
 .text.MXC_SYS_ClockEnable
                0x0000090c       0x30 C:/MaximSDK/Libraries/PeriphDrivers/bin/MAX32660/softfp/libPeriphDriver_softfp.a(sys_me11.o)
                0x0000090c                MXC_SYS_ClockEnable
 .text.MXC_SYS_Clock_Timeout
                0x0000093c       0x30 C:/MaximSDK/Libraries/PeriphDrivers/bin/MAX32660/softfp/libPeriphDriver_softfp.a(sys_me11.o)
                0x0000093c                MXC_SYS_Clock_Timeout
 .text.MXC_SYS_Clock_Select
                0x0000096c       0xc4 C:/MaximSDK/Libraries/PeriphDrivers/bin/MAX32660/softfp/libPeriphDriver_softfp.a(sys_me11.o)
                0x0000096c                MXC_SYS_Clock_Select
 .text.MXC_SYS_Reset_Periph
                0x00000a30       0x38 C:/MaximSDK/Libraries/PeriphDrivers/bin/MAX32660/softfp/libPeriphDriver_softfp.a(sys_me11.o)
                0x00000a30                MXC_SYS_Reset_Periph
 .text.MXC_GPIO_OutClr
                0x00000a68        0x8 C:/MaximSDK/Libraries/PeriphDrivers/bin/MAX32660/softfp/libPeriphDriver_softfp.a(gpio_me11.o)
                0x00000a68                MXC_GPIO_OutClr
 .text.MXC_GPIO_IntConfig
                0x00000a70        0x8 C:/MaximSDK/Libraries/PeriphDrivers/bin/MAX32660/softfp/libPeriphDriver_softfp.a(gpio_me11.o)
                0x00000a70                MXC_GPIO_IntConfig
 .text.MXC_GPIO_EnableInt
                0x00000a78        0x8 C:/MaximSDK/Libraries/PeriphDrivers/bin/MAX32660/softfp/libPeriphDriver_softfp.a(gpio_me11.o)
                0x00000a78                MXC_GPIO_EnableInt
 .text.MXC_GPIO_RegisterCallback
                0x00000a80        0x8 C:/MaximSDK/Libraries/PeriphDrivers/bin/MAX32660/softfp/libPeriphDriver_softfp.a(gpio_me11.o)
                0x00000a80                MXC_GPIO_RegisterCallback
 .text.MXC_GPIO_Handler
                0x00000a88        0x8 C:/MaximSDK/Libraries/PeriphDrivers/bin/MAX32660/softfp/libPeriphDriver_softfp.a(gpio_me11.o)
                0x00000a88                MXC_GPIO_Handler
 .text.MXC_GPIO_ClearFlags
                0x00000a90        0x8 C:/MaximSDK/Libraries/PeriphDrivers/bin/MAX32660/softfp/libPeriphDriver_softfp.a(gpio_me11.o)
                0x00000a90                MXC_GPIO_ClearFlags
 .text.MXC_GPIO_GetFlags
                0x00000a98        0x8 C:/MaximSDK/Libraries/PeriphDrivers/bin/MAX32660/softfp/libPeriphDriver_softfp.a(gpio_me11.o)
                0x00000a98                MXC_GPIO_GetFlags
 .text.MXC_GPIO_SetVSSEL
                0x00000aa0        0x8 C:/MaximSDK/Libraries/PeriphDrivers/bin/MAX32660/softfp/libPeriphDriver_softfp.a(gpio_me11.o)
                0x00000aa0                MXC_GPIO_SetVSSEL
 .text.MXC_GPIO_Config
                0x00000aa8       0xaa C:/MaximSDK/Libraries/PeriphDrivers/bin/MAX32660/softfp/libPeriphDriver_softfp.a(gpio_me11.o)
                0x00000aa8                MXC_GPIO_Config
 .text.MXC_GPIO_RevA_OutClr
                0x00000b52        0x4 C:/MaximSDK/Libraries/PeriphDrivers/bin/MAX32660/softfp/libPeriphDriver_softfp.a(gpio_reva.o)
                0x00000b52                MXC_GPIO_RevA_OutClr
 .text.MXC_GPIO_RevA_IntConfig
                0x00000b56       0xaa C:/MaximSDK/Libraries/PeriphDrivers/bin/MAX32660/softfp/libPeriphDriver_softfp.a(gpio_reva.o)
                0x00000b56                MXC_GPIO_RevA_IntConfig
 .text.MXC_GPIO_RevA_EnableInt
                0x00000c00        0x4 C:/MaximSDK/Libraries/PeriphDrivers/bin/MAX32660/softfp/libPeriphDriver_softfp.a(gpio_reva.o)
                0x00000c00                MXC_GPIO_RevA_EnableInt
 .text.MXC_GPIO_RevA_ClearFlags
                0x00000c04        0x4 C:/MaximSDK/Libraries/PeriphDrivers/bin/MAX32660/softfp/libPeriphDriver_softfp.a(gpio_reva.o)
                0x00000c04                MXC_GPIO_RevA_ClearFlags
 .text.MXC_GPIO_RevA_GetFlags
                0x00000c08        0x4 C:/MaximSDK/Libraries/PeriphDrivers/bin/MAX32660/softfp/libPeriphDriver_softfp.a(gpio_reva.o)
                0x00000c08                MXC_GPIO_RevA_GetFlags
 .text.MXC_GPIO_RevA_SetVSSEL
                0x00000c0c       0x2a C:/MaximSDK/Libraries/PeriphDrivers/bin/MAX32660/softfp/libPeriphDriver_softfp.a(gpio_reva.o)
                0x00000c0c                MXC_GPIO_RevA_SetVSSEL
 .text.MXC_I2C_SetSlaveAddr
                0x00000c36       0x36 C:/MaximSDK/Libraries/PeriphDrivers/bin/MAX32660/softfp/libPeriphDriver_softfp.a(i2c_me11.o)
                0x00000c36                MXC_I2C_SetSlaveAddr
 .text.MXC_I2C_Shutdown
                0x00000c6c       0x60 C:/MaximSDK/Libraries/PeriphDrivers/bin/MAX32660/softfp/libPeriphDriver_softfp.a(i2c_me11.o)
                0x00000c6c                MXC_I2C_Shutdown
 .text.MXC_I2C_Init
                0x00000ccc       0x5c C:/MaximSDK/Libraries/PeriphDrivers/bin/MAX32660/softfp/libPeriphDriver_softfp.a(i2c_me11.o)
                0x00000ccc                MXC_I2C_Init
 .text.MXC_I2C_SetFrequency
                0x00000d28       0x18 C:/MaximSDK/Libraries/PeriphDrivers/bin/MAX32660/softfp/libPeriphDriver_softfp.a(i2c_me11.o)
                0x00000d28                MXC_I2C_SetFrequency
 .text.MXC_I2C_GetFrequency
                0x00000d40        0x8 C:/MaximSDK/Libraries/PeriphDrivers/bin/MAX32660/softfp/libPeriphDriver_softfp.a(i2c_me11.o)
                0x00000d40                MXC_I2C_GetFrequency
 .text.MXC_I2C_Start
                0x00000d48        0x8 C:/MaximSDK/Libraries/PeriphDrivers/bin/MAX32660/softfp/libPeriphDriver_softfp.a(i2c_me11.o)
                0x00000d48                MXC_I2C_Start
 .text.MXC_I2C_Stop
                0x00000d50        0x8 C:/MaximSDK/Libraries/PeriphDrivers/bin/MAX32660/softfp/libPeriphDriver_softfp.a(i2c_me11.o)
                0x00000d50                MXC_I2C_Stop
 .text.MXC_I2C_ReadRXFIFO
                0x00000d58        0x8 C:/MaximSDK/Libraries/PeriphDrivers/bin/MAX32660/softfp/libPeriphDriver_softfp.a(i2c_me11.o)
                0x00000d58                MXC_I2C_ReadRXFIFO
 .text.MXC_I2C_WriteTXFIFO
                0x00000d60        0x8 C:/MaximSDK/Libraries/PeriphDrivers/bin/MAX32660/softfp/libPeriphDriver_softfp.a(i2c_me11.o)
                0x00000d60                MXC_I2C_WriteTXFIFO
 .text.MXC_I2C_ClearRXFIFO
                0x00000d68        0x8 C:/MaximSDK/Libraries/PeriphDrivers/bin/MAX32660/softfp/libPeriphDriver_softfp.a(i2c_me11.o)
                0x00000d68                MXC_I2C_ClearRXFIFO
 .text.MXC_I2C_ClearTXFIFO
                0x00000d70        0x8 C:/MaximSDK/Libraries/PeriphDrivers/bin/MAX32660/softfp/libPeriphDriver_softfp.a(i2c_me11.o)
                0x00000d70                MXC_I2C_ClearTXFIFO
 .text.MXC_I2C_ClearFlags
                0x00000d78        0x8 C:/MaximSDK/Libraries/PeriphDrivers/bin/MAX32660/softfp/libPeriphDriver_softfp.a(i2c_me11.o)
                0x00000d78                MXC_I2C_ClearFlags
 .text.MXC_I2C_Recover
                0x00000d80        0x8 C:/MaximSDK/Libraries/PeriphDrivers/bin/MAX32660/softfp/libPeriphDriver_softfp.a(i2c_me11.o)
                0x00000d80                MXC_I2C_Recover
 .text.MXC_I2C_MasterTransaction
                0x00000d88        0x8 C:/MaximSDK/Libraries/PeriphDrivers/bin/MAX32660/softfp/libPeriphDriver_softfp.a(i2c_me11.o)
                0x00000d88                MXC_I2C_MasterTransaction
 .text.MXC_I2C_SetRXThreshold
                0x00000d90        0x8 C:/MaximSDK/Libraries/PeriphDrivers/bin/MAX32660/softfp/libPeriphDriver_softfp.a(i2c_me11.o)
                0x00000d90                MXC_I2C_SetRXThreshold
 .text.MXC_I2C_SetTXThreshold
                0x00000d98        0x8 C:/MaximSDK/Libraries/PeriphDrivers/bin/MAX32660/softfp/libPeriphDriver_softfp.a(i2c_me11.o)
                0x00000d98                MXC_I2C_SetTXThreshold
 .text.MXC_I2C_RevA_Init
                0x00000da0       0xb8 C:/MaximSDK/Libraries/PeriphDrivers/bin/MAX32660/softfp/libPeriphDriver_softfp.a(i2c_reva.o)
                0x00000da0                MXC_I2C_RevA_Init
 .text.MXC_I2C_RevA_SetFrequency
                0x00000e58       0xc0 C:/MaximSDK/Libraries/PeriphDrivers/bin/MAX32660/softfp/libPeriphDriver_softfp.a(i2c_reva.o)
                0x00000e58                MXC_I2C_RevA_SetFrequency
 .text.MXC_I2C_RevA_GetFrequency
                0x00000f18       0x20 C:/MaximSDK/Libraries/PeriphDrivers/bin/MAX32660/softfp/libPeriphDriver_softfp.a(i2c_reva.o)
                0x00000f18                MXC_I2C_RevA_GetFrequency
 .text.MXC_I2C_RevA_Start
                0x00000f38       0x28 C:/MaximSDK/Libraries/PeriphDrivers/bin/MAX32660/softfp/libPeriphDriver_softfp.a(i2c_reva.o)
                0x00000f38                MXC_I2C_RevA_Start
 .text.MXC_I2C_RevA_Stop
                0x00000f60       0x1e C:/MaximSDK/Libraries/PeriphDrivers/bin/MAX32660/softfp/libPeriphDriver_softfp.a(i2c_reva.o)
                0x00000f60                MXC_I2C_RevA_Stop
 .text.MXC_I2C_RevA_ReadRXFIFO
                0x00000f7e       0x30 C:/MaximSDK/Libraries/PeriphDrivers/bin/MAX32660/softfp/libPeriphDriver_softfp.a(i2c_reva.o)
                0x00000f7e                MXC_I2C_RevA_ReadRXFIFO
 .text.MXC_I2C_RevA_WriteTXFIFO
                0x00000fae       0x30 C:/MaximSDK/Libraries/PeriphDrivers/bin/MAX32660/softfp/libPeriphDriver_softfp.a(i2c_reva.o)
                0x00000fae                MXC_I2C_RevA_WriteTXFIFO
 .text.MXC_I2C_RevA_ClearRXFIFO
                0x00000fde       0x12 C:/MaximSDK/Libraries/PeriphDrivers/bin/MAX32660/softfp/libPeriphDriver_softfp.a(i2c_reva.o)
                0x00000fde                MXC_I2C_RevA_ClearRXFIFO
 .text.MXC_I2C_RevA_ClearTXFIFO
                0x00000ff0       0x12 C:/MaximSDK/Libraries/PeriphDrivers/bin/MAX32660/softfp/libPeriphDriver_softfp.a(i2c_reva.o)
                0x00000ff0                MXC_I2C_RevA_ClearTXFIFO
 .text.MXC_I2C_RevA_ClearFlags
                0x00001002        0x6 C:/MaximSDK/Libraries/PeriphDrivers/bin/MAX32660/softfp/libPeriphDriver_softfp.a(i2c_reva.o)
                0x00001002                MXC_I2C_RevA_ClearFlags
 .text.MXC_I2C_RevA_Recover
                0x00001008       0xd8 C:/MaximSDK/Libraries/PeriphDrivers/bin/MAX32660/softfp/libPeriphDriver_softfp.a(i2c_reva.o)
                0x00001008                MXC_I2C_RevA_Recover
 .text.MXC_I2C_RevA_MasterTransaction
                0x000010e0      0x190 C:/MaximSDK/Libraries/PeriphDrivers/bin/MAX32660/softfp/libPeriphDriver_softfp.a(i2c_reva.o)
                0x000010e0                MXC_I2C_RevA_MasterTransaction
 .text.MXC_I2C_RevA_SetRXThreshold
                0x00001270       0x1e C:/MaximSDK/Libraries/PeriphDrivers/bin/MAX32660/softfp/libPeriphDriver_softfp.a(i2c_reva.o)
                0x00001270                MXC_I2C_RevA_SetRXThreshold
 .text.MXC_I2C_RevA_SetTXThreshold
                0x0000128e       0x20 C:/MaximSDK/Libraries/PeriphDrivers/bin/MAX32660/softfp/libPeriphDriver_softfp.a(i2c_reva.o)
                0x0000128e                MXC_I2C_RevA_SetTXThreshold
 *fill*         0x000012ae        0x2 
 .text.MXC_UART_Shutdown
                0x000012b0       0x3c C:/MaximSDK/Libraries/PeriphDrivers/bin/MAX32660/softfp/libPeriphDriver_softfp.a(uart_me11.o)
                0x000012b0                MXC_UART_Shutdown
 .text.MXC_UART_Init
                0x000012ec       0x78 C:/MaximSDK/Libraries/PeriphDrivers/bin/MAX32660/softfp/libPeriphDriver_softfp.a(uart_me11.o)
                0x000012ec                MXC_UART_Init
 .text.MXC_UART_SetFrequency
                0x00001364        0x8 C:/MaximSDK/Libraries/PeriphDrivers/bin/MAX32660/softfp/libPeriphDriver_softfp.a(uart_me11.o)
                0x00001364                MXC_UART_SetFrequency
 .text.MXC_UART_GetFrequency
                0x0000136c        0x8 C:/MaximSDK/Libraries/PeriphDrivers/bin/MAX32660/softfp/libPeriphDriver_softfp.a(uart_me11.o)
                0x0000136c                MXC_UART_GetFrequency
 .text.MXC_UART_SetDataSize
                0x00001374        0x8 C:/MaximSDK/Libraries/PeriphDrivers/bin/MAX32660/softfp/libPeriphDriver_softfp.a(uart_me11.o)
                0x00001374                MXC_UART_SetDataSize
 .text.MXC_UART_SetStopBits
                0x0000137c        0x8 C:/MaximSDK/Libraries/PeriphDrivers/bin/MAX32660/softfp/libPeriphDriver_softfp.a(uart_me11.o)
                0x0000137c                MXC_UART_SetStopBits
 .text.MXC_UART_SetParity
                0x00001384        0x8 C:/MaximSDK/Libraries/PeriphDrivers/bin/MAX32660/softfp/libPeriphDriver_softfp.a(uart_me11.o)
                0x00001384                MXC_UART_SetParity
 .text.MXC_UART_ReadCharacterRaw
                0x0000138c        0x8 C:/MaximSDK/Libraries/PeriphDrivers/bin/MAX32660/softfp/libPeriphDriver_softfp.a(uart_me11.o)
                0x0000138c                MXC_UART_ReadCharacterRaw
 .text.MXC_UART_WriteCharacterRaw
                0x00001394        0x8 C:/MaximSDK/Libraries/PeriphDrivers/bin/MAX32660/softfp/libPeriphDriver_softfp.a(uart_me11.o)
                0x00001394                MXC_UART_WriteCharacterRaw
 .text.MXC_UART_ReadCharacter
                0x0000139c        0x8 C:/MaximSDK/Libraries/PeriphDrivers/bin/MAX32660/softfp/libPeriphDriver_softfp.a(uart_me11.o)
                0x0000139c                MXC_UART_ReadCharacter
 .text.MXC_UART_WriteCharacter
                0x000013a4        0x8 C:/MaximSDK/Libraries/PeriphDrivers/bin/MAX32660/softfp/libPeriphDriver_softfp.a(uart_me11.o)
                0x000013a4                MXC_UART_WriteCharacter
 .text.MXC_UART_GetRXFIFOAvailable
                0x000013ac        0x8 C:/MaximSDK/Libraries/PeriphDrivers/bin/MAX32660/softfp/libPeriphDriver_softfp.a(uart_me11.o)
                0x000013ac                MXC_UART_GetRXFIFOAvailable
 .text.MXC_UART_GetTXFIFOAvailable
                0x000013b4        0x8 C:/MaximSDK/Libraries/PeriphDrivers/bin/MAX32660/softfp/libPeriphDriver_softfp.a(uart_me11.o)
                0x000013b4                MXC_UART_GetTXFIFOAvailable
 .text.MXC_UART_SetRXThreshold
                0x000013bc        0x8 C:/MaximSDK/Libraries/PeriphDrivers/bin/MAX32660/softfp/libPeriphDriver_softfp.a(uart_me11.o)
                0x000013bc                MXC_UART_SetRXThreshold
 .text.MXC_UART_SetTXThreshold
                0x000013c4        0x8 C:/MaximSDK/Libraries/PeriphDrivers/bin/MAX32660/softfp/libPeriphDriver_softfp.a(uart_me11.o)
                0x000013c4                MXC_UART_SetTXThreshold
 .text.MXC_UART_RevA_Init
                0x000013cc       0x5e C:/MaximSDK/Libraries/PeriphDrivers/bin/MAX32660/softfp/libPeriphDriver_softfp.a(uart_reva.o)
                0x000013cc                MXC_UART_RevA_Init
 *fill*         0x0000142a        0x2 
 .text.MXC_UART_RevA_SetFrequency
                0x0000142c      0x11c C:/MaximSDK/Libraries/PeriphDrivers/bin/MAX32660/softfp/libPeriphDriver_softfp.a(uart_reva.o)
                0x0000142c                MXC_UART_RevA_SetFrequency
 .text.MXC_UART_RevA_GetFrequency
                0x00001548       0xb4 C:/MaximSDK/Libraries/PeriphDrivers/bin/MAX32660/softfp/libPeriphDriver_softfp.a(uart_reva.o)
                0x00001548                MXC_UART_RevA_GetFrequency
 .text.MXC_UART_RevA_SetDataSize
                0x000015fc       0x38 C:/MaximSDK/Libraries/PeriphDrivers/bin/MAX32660/softfp/libPeriphDriver_softfp.a(uart_reva.o)
                0x000015fc                MXC_UART_RevA_SetDataSize
 .text.MXC_UART_RevA_SetStopBits
                0x00001634       0x3c C:/MaximSDK/Libraries/PeriphDrivers/bin/MAX32660/softfp/libPeriphDriver_softfp.a(uart_reva.o)
                0x00001634                MXC_UART_RevA_SetStopBits
 .text.MXC_UART_RevA_SetParity
                0x00001670      0x134 C:/MaximSDK/Libraries/PeriphDrivers/bin/MAX32660/softfp/libPeriphDriver_softfp.a(uart_reva.o)
                0x00001670                MXC_UART_RevA_SetParity
 .text.MXC_UART_RevA_ReadCharacterRaw
                0x000017a4       0x2c C:/MaximSDK/Libraries/PeriphDrivers/bin/MAX32660/softfp/libPeriphDriver_softfp.a(uart_reva.o)
                0x000017a4                MXC_UART_RevA_ReadCharacterRaw
 .text.MXC_UART_RevA_WriteCharacterRaw
                0x000017d0       0x2c C:/MaximSDK/Libraries/PeriphDrivers/bin/MAX32660/softfp/libPeriphDriver_softfp.a(uart_reva.o)
                0x000017d0                MXC_UART_RevA_WriteCharacterRaw
 .text.MXC_UART_RevA_GetRXFIFOAvailable
                0x000017fc        0x8 C:/MaximSDK/Libraries/PeriphDrivers/bin/MAX32660/softfp/libPeriphDriver_softfp.a(uart_reva.o)
                0x000017fc                MXC_UART_RevA_GetRXFIFOAvailable
 .text.MXC_UART_RevA_GetTXFIFOAvailable
                0x00001804        0xc C:/MaximSDK/Libraries/PeriphDrivers/bin/MAX32660/softfp/libPeriphDriver_softfp.a(uart_reva.o)
                0x00001804                MXC_UART_RevA_GetTXFIFOAvailable
 .text.MXC_UART_RevA_SetRXThreshold
                0x00001810       0x38 C:/MaximSDK/Libraries/PeriphDrivers/bin/MAX32660/softfp/libPeriphDriver_softfp.a(uart_reva.o)
                0x00001810                MXC_UART_RevA_SetRXThreshold
 .text.MXC_UART_RevA_SetTXThreshold
                0x00001848       0x38 C:/MaximSDK/Libraries/PeriphDrivers/bin/MAX32660/softfp/libPeriphDriver_softfp.a(uart_reva.o)
                0x00001848                MXC_UART_RevA_SetTXThreshold
 .text.MXC_GPIO_Common_RegisterCallback
                0x00001880       0x68 C:/MaximSDK/Libraries/PeriphDrivers/bin/MAX32660/softfp/libPeriphDriver_softfp.a(gpio_common.o)
                0x00001880                MXC_GPIO_Common_RegisterCallback
 .text.MXC_GPIO_Common_Handler
                0x000018e8       0x74 C:/MaximSDK/Libraries/PeriphDrivers/bin/MAX32660/softfp/libPeriphDriver_softfp.a(gpio_common.o)
                0x000018e8                MXC_GPIO_Common_Handler
 .text.MXC_UART_Common_ReadCharacter
                0x0000195c       0x16 C:/MaximSDK/Libraries/PeriphDrivers/bin/MAX32660/softfp/libPeriphDriver_softfp.a(uart_common.o)
                0x0000195c                MXC_UART_Common_ReadCharacter
 .text.MXC_UART_Common_WriteCharacter
                0x00001972       0x1a C:/MaximSDK/Libraries/PeriphDrivers/bin/MAX32660/softfp/libPeriphDriver_softfp.a(uart_common.o)
                0x00001972                MXC_UART_Common_WriteCharacter
 .text.Register_Read
                0x0000198c       0x30 lib\libFUNCTIONS.a(FUNCTIONS.o)
                0x0000198c                Register_Read
 .text.gpio_isr
                0x000019bc       0x40 lib\libFUNCTIONS.a(FUNCTIONS.o)
                0x000019bc                gpio_isr
 .text.Register_Write
                0x000019fc       0x30 lib\libFUNCTIONS.a(FUNCTIONS.o)
                0x000019fc                Register_Write
 .text.Register_Multi_Read
                0x00001a2c       0x28 lib\libFUNCTIONS.a(FUNCTIONS.o)
                0x00001a2c                Register_Multi_Read
 .text.Multi_Register_4byte_Write
                0x00001a54       0x46 lib\libFUNCTIONS.a(FUNCTIONS.o)
                0x00001a54                Multi_Register_4byte_Write
 *fill*         0x00001a9a        0x2 
 .text.Current_Source_Cap
                0x00001a9c      0x10c lib\libFUNCTIONS.a(FUNCTIONS.o)
                0x00001a9c                Current_Source_Cap
 .text.Set_Sink_PDOs
                0x00001ba8       0x78 lib\libFUNCTIONS.a(FUNCTIONS.o)
                0x00001ba8                Set_Sink_PDOs
 .text.Sink_PDO_Req
                0x00001c20       0xc8 lib\libFUNCTIONS.a(FUNCTIONS.o)
                0x00001c20                Sink_PDO_Req
 .text.Set_Interrupt_Mask
                0x00001ce8       0x14 lib\libFUNCTIONS.a(FUNCTIONS.o)
                0x00001ce8                Set_Interrupt_Mask
 .text.GPIO_Interrupt_Enable
                0x00001cfc       0x70 lib\libFUNCTIONS.a(FUNCTIONS.o)
                0x00001cfc                GPIO_Interrupt_Enable
 .text.VBUS_ADC_Voltage_print
                0x00001d6c      0x178 lib\libFUNCTIONS.a(FUNCTIONS.o)
                0x00001d6c                VBUS_ADC_Voltage_print
 .text.Port_current_print
                0x00001ee4       0x4c lib\libFUNCTIONS.a(FUNCTIONS.o)
                0x00001ee4                Port_current_print
 .text.PD_Message_Print
                0x00001f30      0x328 lib\libFUNCTIONS.a(FUNCTIONS.o)
                0x00001f30                PD_Message_Print
 .text.Port_Detection_Status_Voltage_current_Read
                0x00002258      0x30c lib\libFUNCTIONS.a(FUNCTIONS.o)
                0x00002258                Port_Detection_Status_Voltage_current_Read
 .text.Register_Write_Charger
                0x00002564       0x4c lib\libFUNCTIONS.a(FUNCTIONS.o)
                0x00002564                Register_Write_Charger
 .text.MAX77962_Charger_initial_settings
                0x000025b0       0x78 lib\libFUNCTIONS.a(FUNCTIONS.o)
                0x000025b0                MAX77962_Charger_initial_settings
 .text.__errno  0x00002628        0xc c:/maximsdk/tools/gnutools/10.3/bin/../lib/gcc/arm-none-eabi/10.3.1/../../../../arm-none-eabi/lib/thumb/v7e-m+fp/softfp\libc.a(lib_a-errno.o)
                0x00002628                __errno
 .text.__libc_init_array
                0x00002634       0x48 c:/maximsdk/tools/gnutools/10.3/bin/../lib/gcc/arm-none-eabi/10.3.1/../../../../arm-none-eabi/lib/thumb/v7e-m+fp/softfp\libc.a(lib_a-init.o)
                0x00002634                __libc_init_array
 .text          0x0000267c      0x134 c:/maximsdk/tools/gnutools/10.3/bin/../lib/gcc/arm-none-eabi/10.3.1/../../../../arm-none-eabi/lib/thumb/v7e-m+fp/softfp\libc.a(lib_a-memcpy.o)
                0x0000267c                memcpy
 .text.memset   0x000027b0       0xa4 c:/maximsdk/tools/gnutools/10.3/bin/../lib/gcc/arm-none-eabi/10.3.1/../../../../arm-none-eabi/lib/thumb/v7e-m+fp/softfp\libc.a(lib_a-memset.o)
                0x000027b0                memset
 .text.printf   0x00002854       0x28 c:/maximsdk/tools/gnutools/10.3/bin/../lib/gcc/arm-none-eabi/10.3.1/../../../../arm-none-eabi/lib/thumb/v7e-m+fp/softfp\libc.a(lib_a-printf.o)
                0x00002854                printf
 .text._puts_r  0x0000287c       0x9c c:/maximsdk/tools/gnutools/10.3/bin/../lib/gcc/arm-none-eabi/10.3.1/../../../../arm-none-eabi/lib/thumb/v7e-m+fp/softfp\libc.a(lib_a-puts.o)
                0x0000287c                _puts_r
 .text.puts     0x00002918       0x10 c:/maximsdk/tools/gnutools/10.3/bin/../lib/gcc/arm-none-eabi/10.3.1/../../../../arm-none-eabi/lib/thumb/v7e-m+fp/softfp\libc.a(lib_a-puts.o)
                0x00002918                puts
 *fill*         0x00002928       0x18 
 .text          0x00002940       0xdc c:/maximsdk/tools/gnutools/10.3/bin/../lib/gcc/arm-none-eabi/10.3.1/../../../../arm-none-eabi/lib/thumb/v7e-m+fp/softfp\libc.a(lib_a-strlen.o)
                0x00002940                strlen
 *fill*         0x00002a1c        0x4 
 .text._vfprintf_r
                0x00002a20     0x1b8c c:/maximsdk/tools/gnutools/10.3/bin/../lib/gcc/arm-none-eabi/10.3.1/../../../../arm-none-eabi/lib/thumb/v7e-m+fp/softfp\libc.a(lib_a-vfprintf.o)
                0x00002a20                _vfprintf_r
 .text.__sbprintf
                0x000045ac       0x80 c:/maximsdk/tools/gnutools/10.3/bin/../lib/gcc/arm-none-eabi/10.3.1/../../../../arm-none-eabi/lib/thumb/v7e-m+fp/softfp\libc.a(lib_a-vfprintf.o)
 .text.__swsetup_r
                0x0000462c       0xd4 c:/maximsdk/tools/gnutools/10.3/bin/../lib/gcc/arm-none-eabi/10.3.1/../../../../arm-none-eabi/lib/thumb/v7e-m+fp/softfp\libc.a(lib_a-wsetup.o)
                0x0000462c                __swsetup_r
 .text.startup.register_fini
                0x00004700       0x14 c:/maximsdk/tools/gnutools/10.3/bin/../lib/gcc/arm-none-eabi/10.3.1/../../../../arm-none-eabi/lib/thumb/v7e-m+fp/softfp\libc.a(lib_a-__call_atexit.o)
 .text.atexit   0x00004714        0xc c:/maximsdk/tools/gnutools/10.3/bin/../lib/gcc/arm-none-eabi/10.3.1/../../../../arm-none-eabi/lib/thumb/v7e-m+fp/softfp\libc.a(lib_a-atexit.o)
                0x00004714                atexit
 .text.quorem   0x00004720      0x128 c:/maximsdk/tools/gnutools/10.3/bin/../lib/gcc/arm-none-eabi/10.3.1/../../../../arm-none-eabi/lib/thumb/v7e-m+fp/softfp\libc.a(lib_a-dtoa.o)
 .text._dtoa_r  0x00004848      0xf34 c:/maximsdk/tools/gnutools/10.3/bin/../lib/gcc/arm-none-eabi/10.3.1/../../../../arm-none-eabi/lib/thumb/v7e-m+fp/softfp\libc.a(lib_a-dtoa.o)
                0x00004848                _dtoa_r
 .text.__sflush_r
                0x0000577c      0x130 c:/maximsdk/tools/gnutools/10.3/bin/../lib/gcc/arm-none-eabi/10.3.1/../../../../arm-none-eabi/lib/thumb/v7e-m+fp/softfp\libc.a(lib_a-fflush.o)
                0x0000577c                __sflush_r
 .text._fflush_r
                0x000058ac       0x5c c:/maximsdk/tools/gnutools/10.3/bin/../lib/gcc/arm-none-eabi/10.3.1/../../../../arm-none-eabi/lib/thumb/v7e-m+fp/softfp\libc.a(lib_a-fflush.o)
                0x000058ac                _fflush_r
 .text._cleanup_r
                0x00005908        0xc c:/maximsdk/tools/gnutools/10.3/bin/../lib/gcc/arm-none-eabi/10.3.1/../../../../arm-none-eabi/lib/thumb/v7e-m+fp/softfp\libc.a(lib_a-findfp.o)
                0x00005908                _cleanup_r
 .text.__sinit  0x00005914      0x10c c:/maximsdk/tools/gnutools/10.3/bin/../lib/gcc/arm-none-eabi/10.3.1/../../../../arm-none-eabi/lib/thumb/v7e-m+fp/softfp\libc.a(lib_a-findfp.o)
                0x00005914                __sinit
 .text.__sfp_lock_acquire
                0x00005a20        0xc c:/maximsdk/tools/gnutools/10.3/bin/../lib/gcc/arm-none-eabi/10.3.1/../../../../arm-none-eabi/lib/thumb/v7e-m+fp/softfp\libc.a(lib_a-findfp.o)
                0x00005a20                __sfp_lock_acquire
 .text.__sfp_lock_release
                0x00005a2c        0xc c:/maximsdk/tools/gnutools/10.3/bin/../lib/gcc/arm-none-eabi/10.3.1/../../../../arm-none-eabi/lib/thumb/v7e-m+fp/softfp\libc.a(lib_a-findfp.o)
                0x00005a2c                __sfp_lock_release
 .text.__libc_fini_array
                0x00005a38       0x2c c:/maximsdk/tools/gnutools/10.3/bin/../lib/gcc/arm-none-eabi/10.3.1/../../../../arm-none-eabi/lib/thumb/v7e-m+fp/softfp\libc.a(lib_a-fini.o)
                0x00005a38                __libc_fini_array
 .text._malloc_trim_r
                0x00005a64       0xa0 c:/maximsdk/tools/gnutools/10.3/bin/../lib/gcc/arm-none-eabi/10.3.1/../../../../arm-none-eabi/lib/thumb/v7e-m+fp/softfp\libc.a(lib_a-freer.o)
                0x00005a64                _malloc_trim_r
 .text._free_r  0x00005b04      0x20c c:/maximsdk/tools/gnutools/10.3/bin/../lib/gcc/arm-none-eabi/10.3.1/../../../../arm-none-eabi/lib/thumb/v7e-m+fp/softfp\libc.a(lib_a-freer.o)
                0x00005b04                _free_r
 .text.__sfvwrite_r
                0x00005d10      0x2f0 c:/maximsdk/tools/gnutools/10.3/bin/../lib/gcc/arm-none-eabi/10.3.1/../../../../arm-none-eabi/lib/thumb/v7e-m+fp/softfp\libc.a(lib_a-fvwrite.o)
                0x00005d10                __sfvwrite_r
 .text._fwalk_reent
                0x00006000       0x48 c:/maximsdk/tools/gnutools/10.3/bin/../lib/gcc/arm-none-eabi/10.3.1/../../../../arm-none-eabi/lib/thumb/v7e-m+fp/softfp\libc.a(lib_a-fwalk.o)
                0x00006000                _fwalk_reent
 .text._localeconv_r
                0x00006048        0x8 c:/maximsdk/tools/gnutools/10.3/bin/../lib/gcc/arm-none-eabi/10.3.1/../../../../arm-none-eabi/lib/thumb/v7e-m+fp/softfp\libc.a(lib_a-localeconv.o)
                0x00006048                _localeconv_r
 .text.__retarget_lock_init_recursive
                0x00006050        0x4 c:/maximsdk/tools/gnutools/10.3/bin/../lib/gcc/arm-none-eabi/10.3.1/../../../../arm-none-eabi/lib/thumb/v7e-m+fp/softfp\libc.a(lib_a-lock.o)
                0x00006050                __retarget_lock_init_recursive
 .text.__retarget_lock_close_recursive
                0x00006054        0x4 c:/maximsdk/tools/gnutools/10.3/bin/../lib/gcc/arm-none-eabi/10.3.1/../../../../arm-none-eabi/lib/thumb/v7e-m+fp/softfp\libc.a(lib_a-lock.o)
                0x00006054                __retarget_lock_close_recursive
 .text.__retarget_lock_acquire_recursive
                0x00006058        0x4 c:/maximsdk/tools/gnutools/10.3/bin/../lib/gcc/arm-none-eabi/10.3.1/../../../../arm-none-eabi/lib/thumb/v7e-m+fp/softfp\libc.a(lib_a-lock.o)
                0x00006058                __retarget_lock_acquire_recursive
 .text.__retarget_lock_release_recursive
                0x0000605c        0x4 c:/maximsdk/tools/gnutools/10.3/bin/../lib/gcc/arm-none-eabi/10.3.1/../../../../arm-none-eabi/lib/thumb/v7e-m+fp/softfp\libc.a(lib_a-lock.o)
                0x0000605c                __retarget_lock_release_recursive
 .text.__smakebuf_r
                0x00006060       0xe0 c:/maximsdk/tools/gnutools/10.3/bin/../lib/gcc/arm-none-eabi/10.3.1/../../../../arm-none-eabi/lib/thumb/v7e-m+fp/softfp\libc.a(lib_a-makebuf.o)
                0x00006060                __smakebuf_r
 .text._malloc_r
                0x00006140      0x560 c:/maximsdk/tools/gnutools/10.3/bin/../lib/gcc/arm-none-eabi/10.3.1/../../../../arm-none-eabi/lib/thumb/v7e-m+fp/softfp\libc.a(lib_a-mallocr.o)
                0x00006140                _malloc_r
 .text          0x000066a0       0xa0 c:/maximsdk/tools/gnutools/10.3/bin/../lib/gcc/arm-none-eabi/10.3.1/../../../../arm-none-eabi/lib/thumb/v7e-m+fp/softfp\libc.a(lib_a-memchr.o)
                0x000066a0                memchr
 .text.memmove  0x00006740       0xf8 c:/maximsdk/tools/gnutools/10.3/bin/../lib/gcc/arm-none-eabi/10.3.1/../../../../arm-none-eabi/lib/thumb/v7e-m+fp/softfp\libc.a(lib_a-memmove.o)
                0x00006740                memmove
 .text.__malloc_lock
                0x00006838        0xc c:/maximsdk/tools/gnutools/10.3/bin/../lib/gcc/arm-none-eabi/10.3.1/../../../../arm-none-eabi/lib/thumb/v7e-m+fp/softfp\libc.a(lib_a-mlock.o)
                0x00006838                __malloc_lock
 .text.__malloc_unlock
                0x00006844        0xc c:/maximsdk/tools/gnutools/10.3/bin/../lib/gcc/arm-none-eabi/10.3.1/../../../../arm-none-eabi/lib/thumb/v7e-m+fp/softfp\libc.a(lib_a-mlock.o)
                0x00006844                __malloc_unlock
 .text._Balloc  0x00006850       0x4c c:/maximsdk/tools/gnutools/10.3/bin/../lib/gcc/arm-none-eabi/10.3.1/../../../../arm-none-eabi/lib/thumb/v7e-m+fp/softfp\libc.a(lib_a-mprec.o)
                0x00006850                _Balloc
 .text._Bfree   0x0000689c       0x14 c:/maximsdk/tools/gnutools/10.3/bin/../lib/gcc/arm-none-eabi/10.3.1/../../../../arm-none-eabi/lib/thumb/v7e-m+fp/softfp\libc.a(lib_a-mprec.o)
                0x0000689c                _Bfree
 .text.__multadd
                0x000068b0       0xa8 c:/maximsdk/tools/gnutools/10.3/bin/../lib/gcc/arm-none-eabi/10.3.1/../../../../arm-none-eabi/lib/thumb/v7e-m+fp/softfp\libc.a(lib_a-mprec.o)
                0x000068b0                __multadd
 .text.__hi0bits
                0x00006958       0x40 c:/maximsdk/tools/gnutools/10.3/bin/../lib/gcc/arm-none-eabi/10.3.1/../../../../arm-none-eabi/lib/thumb/v7e-m+fp/softfp\libc.a(lib_a-mprec.o)
                0x00006958                __hi0bits
 .text.__lo0bits
                0x00006998       0x60 c:/maximsdk/tools/gnutools/10.3/bin/../lib/gcc/arm-none-eabi/10.3.1/../../../../arm-none-eabi/lib/thumb/v7e-m+fp/softfp\libc.a(lib_a-mprec.o)
                0x00006998                __lo0bits
 .text.__i2b    0x000069f8       0x5c c:/maximsdk/tools/gnutools/10.3/bin/../lib/gcc/arm-none-eabi/10.3.1/../../../../arm-none-eabi/lib/thumb/v7e-m+fp/softfp\libc.a(lib_a-mprec.o)
                0x000069f8                __i2b
 .text.__multiply
                0x00006a54      0x15c c:/maximsdk/tools/gnutools/10.3/bin/../lib/gcc/arm-none-eabi/10.3.1/../../../../arm-none-eabi/lib/thumb/v7e-m+fp/softfp\libc.a(lib_a-mprec.o)
                0x00006a54                __multiply
 .text.__pow5mult
                0x00006bb0       0xc0 c:/maximsdk/tools/gnutools/10.3/bin/../lib/gcc/arm-none-eabi/10.3.1/../../../../arm-none-eabi/lib/thumb/v7e-m+fp/softfp\libc.a(lib_a-mprec.o)
                0x00006bb0                __pow5mult
 .text.__lshift
                0x00006c70       0xf0 c:/maximsdk/tools/gnutools/10.3/bin/../lib/gcc/arm-none-eabi/10.3.1/../../../../arm-none-eabi/lib/thumb/v7e-m+fp/softfp\libc.a(lib_a-mprec.o)
                0x00006c70                __lshift
 .text.__mcmp   0x00006d60       0x44 c:/maximsdk/tools/gnutools/10.3/bin/../lib/gcc/arm-none-eabi/10.3.1/../../../../arm-none-eabi/lib/thumb/v7e-m+fp/softfp\libc.a(lib_a-mprec.o)
                0x00006d60                __mcmp
 .text.__mdiff  0x00006da4      0x14c c:/maximsdk/tools/gnutools/10.3/bin/../lib/gcc/arm-none-eabi/10.3.1/../../../../arm-none-eabi/lib/thumb/v7e-m+fp/softfp\libc.a(lib_a-mprec.o)
                0x00006da4                __mdiff
 .text.__d2b    0x00006ef0       0xc4 c:/maximsdk/tools/gnutools/10.3/bin/../lib/gcc/arm-none-eabi/10.3.1/../../../../arm-none-eabi/lib/thumb/v7e-m+fp/softfp\libc.a(lib_a-mprec.o)
                0x00006ef0                __d2b
 .text._realloc_r
                0x00006fb4      0x3d8 c:/maximsdk/tools/gnutools/10.3/bin/../lib/gcc/arm-none-eabi/10.3.1/../../../../arm-none-eabi/lib/thumb/v7e-m+fp/softfp\libc.a(lib_a-reallocr.o)
                0x00006fb4                _realloc_r
 .text.frexp    0x0000738c       0x70 c:/maximsdk/tools/gnutools/10.3/bin/../lib/gcc/arm-none-eabi/10.3.1/../../../../arm-none-eabi/lib/thumb/v7e-m+fp/softfp\libc.a(lib_a-s_frexp.o)
                0x0000738c                frexp
 .text._sbrk_r  0x000073fc       0x24 c:/maximsdk/tools/gnutools/10.3/bin/../lib/gcc/arm-none-eabi/10.3.1/../../../../arm-none-eabi/lib/thumb/v7e-m+fp/softfp\libc.a(lib_a-sbrkr.o)
                0x000073fc                _sbrk_r
 .text.__sread  0x00007420       0x24 c:/maximsdk/tools/gnutools/10.3/bin/../lib/gcc/arm-none-eabi/10.3.1/../../../../arm-none-eabi/lib/thumb/v7e-m+fp/softfp\libc.a(lib_a-stdio.o)
                0x00007420                __sread
 .text.__swrite
                0x00007444       0x40 c:/maximsdk/tools/gnutools/10.3/bin/../lib/gcc/arm-none-eabi/10.3.1/../../../../arm-none-eabi/lib/thumb/v7e-m+fp/softfp\libc.a(lib_a-stdio.o)
                0x00007444                __swrite
 .text.__sseek  0x00007484       0x20 c:/maximsdk/tools/gnutools/10.3/bin/../lib/gcc/arm-none-eabi/10.3.1/../../../../arm-none-eabi/lib/thumb/v7e-m+fp/softfp\libc.a(lib_a-stdio.o)
                0x00007484                __sseek
 .text.__sclose
                0x000074a4        0x8 c:/maximsdk/tools/gnutools/10.3/bin/../lib/gcc/arm-none-eabi/10.3.1/../../../../arm-none-eabi/lib/thumb/v7e-m+fp/softfp\libc.a(lib_a-stdio.o)
                0x000074a4                __sclose
 .text.strncpy  0x000074ac       0x64 c:/maximsdk/tools/gnutools/10.3/bin/../lib/gcc/arm-none-eabi/10.3.1/../../../../arm-none-eabi/lib/thumb/v7e-m+fp/softfp\libc.a(lib_a-strncpy.o)
                0x000074ac                strncpy
 .text.__sprint_r.part.0
                0x00007510       0x78 c:/maximsdk/tools/gnutools/10.3/bin/../lib/gcc/arm-none-eabi/10.3.1/../../../../arm-none-eabi/lib/thumb/v7e-m+fp/softfp\libc.a(lib_a-vfiprintf.o)
 .text.__sprint_r
                0x00007588       0x18 c:/maximsdk/tools/gnutools/10.3/bin/../lib/gcc/arm-none-eabi/10.3.1/../../../../arm-none-eabi/lib/thumb/v7e-m+fp/softfp\libc.a(lib_a-vfiprintf.o)
                0x00007588                __sprint_r
 .text._vfiprintf_r
                0x000075a0      0xdfc c:/maximsdk/tools/gnutools/10.3/bin/../lib/gcc/arm-none-eabi/10.3.1/../../../../arm-none-eabi/lib/thumb/v7e-m+fp/softfp\libc.a(lib_a-vfiprintf.o)
                0x000075a0                _vfiprintf_r
 .text.__sbprintf
                0x0000839c       0x80 c:/maximsdk/tools/gnutools/10.3/bin/../lib/gcc/arm-none-eabi/10.3.1/../../../../arm-none-eabi/lib/thumb/v7e-m+fp/softfp\libc.a(lib_a-vfiprintf.o)
 .text.__swbuf_r
                0x0000841c       0xb0 c:/maximsdk/tools/gnutools/10.3/bin/../lib/gcc/arm-none-eabi/10.3.1/../../../../arm-none-eabi/lib/thumb/v7e-m+fp/softfp\libc.a(lib_a-wbuf.o)
                0x0000841c                __swbuf_r
 .text._write_r
                0x000084cc       0x2c c:/maximsdk/tools/gnutools/10.3/bin/../lib/gcc/arm-none-eabi/10.3.1/../../../../arm-none-eabi/lib/thumb/v7e-m+fp/softfp\libc.a(lib_a-writer.o)
                0x000084cc                _write_r
 .text.__register_exitproc
                0x000084f8       0x8c c:/maximsdk/tools/gnutools/10.3/bin/../lib/gcc/arm-none-eabi/10.3.1/../../../../arm-none-eabi/lib/thumb/v7e-m+fp/softfp\libc.a(lib_a-__atexit.o)
                0x000084f8                __register_exitproc
 .text.__assert_func
                0x00008584       0x40 c:/maximsdk/tools/gnutools/10.3/bin/../lib/gcc/arm-none-eabi/10.3.1/../../../../arm-none-eabi/lib/thumb/v7e-m+fp/softfp\libc.a(lib_a-assert.o)
                0x00008584                __assert_func
 .text._calloc_r
                0x000085c4       0x78 c:/maximsdk/tools/gnutools/10.3/bin/../lib/gcc/arm-none-eabi/10.3.1/../../../../arm-none-eabi/lib/thumb/v7e-m+fp/softfp\libc.a(lib_a-callocr.o)
                0x000085c4                _calloc_r
 .text._close_r
                0x0000863c       0x24 c:/maximsdk/tools/gnutools/10.3/bin/../lib/gcc/arm-none-eabi/10.3.1/../../../../arm-none-eabi/lib/thumb/v7e-m+fp/softfp\libc.a(lib_a-closer.o)
                0x0000863c                _close_r
 .text._fclose_r
                0x00008660       0xcc c:/maximsdk/tools/gnutools/10.3/bin/../lib/gcc/arm-none-eabi/10.3.1/../../../../arm-none-eabi/lib/thumb/v7e-m+fp/softfp\libc.a(lib_a-fclose.o)
                0x00008660                _fclose_r
 .text.fiprintf
                0x0000872c       0x28 c:/maximsdk/tools/gnutools/10.3/bin/../lib/gcc/arm-none-eabi/10.3.1/../../../../arm-none-eabi/lib/thumb/v7e-m+fp/softfp\libc.a(lib_a-fiprintf.o)
                0x0000872c                fiprintf
 .text.__fputwc
                0x00008754       0xa8 c:/maximsdk/tools/gnutools/10.3/bin/../lib/gcc/arm-none-eabi/10.3.1/../../../../arm-none-eabi/lib/thumb/v7e-m+fp/softfp\libc.a(lib_a-fputwc.o)
                0x00008754                __fputwc
 .text._fputwc_r
                0x000087fc       0x68 c:/maximsdk/tools/gnutools/10.3/bin/../lib/gcc/arm-none-eabi/10.3.1/../../../../arm-none-eabi/lib/thumb/v7e-m+fp/softfp\libc.a(lib_a-fputwc.o)
                0x000087fc                _fputwc_r
 .text._fstat_r
                0x00008864       0x2c c:/maximsdk/tools/gnutools/10.3/bin/../lib/gcc/arm-none-eabi/10.3.1/../../../../arm-none-eabi/lib/thumb/v7e-m+fp/softfp\libc.a(lib_a-fstatr.o)
                0x00008864                _fstat_r
 .text._isatty_r
                0x00008890       0x24 c:/maximsdk/tools/gnutools/10.3/bin/../lib/gcc/arm-none-eabi/10.3.1/../../../../arm-none-eabi/lib/thumb/v7e-m+fp/softfp\libc.a(lib_a-isattyr.o)
                0x00008890                _isatty_r
 .text.__locale_mb_cur_max
                0x000088b4        0xc c:/maximsdk/tools/gnutools/10.3/bin/../lib/gcc/arm-none-eabi/10.3.1/../../../../arm-none-eabi/lib/thumb/v7e-m+fp/softfp\libc.a(lib_a-locale.o)
                0x000088b4                __locale_mb_cur_max
 .text._lseek_r
                0x000088c0       0x2c c:/maximsdk/tools/gnutools/10.3/bin/../lib/gcc/arm-none-eabi/10.3.1/../../../../arm-none-eabi/lib/thumb/v7e-m+fp/softfp\libc.a(lib_a-lseekr.o)
                0x000088c0                _lseek_r
 .text.__ascii_mbtowc
                0x000088ec       0x2c c:/maximsdk/tools/gnutools/10.3/bin/../lib/gcc/arm-none-eabi/10.3.1/../../../../arm-none-eabi/lib/thumb/v7e-m+fp/softfp\libc.a(lib_a-mbtowc_r.o)
                0x000088ec                __ascii_mbtowc
 .text._read_r  0x00008918       0x2c c:/maximsdk/tools/gnutools/10.3/bin/../lib/gcc/arm-none-eabi/10.3.1/../../../../arm-none-eabi/lib/thumb/v7e-m+fp/softfp\libc.a(lib_a-readr.o)
                0x00008918                _read_r
 .text._wcrtomb_r
                0x00008944       0x3c c:/maximsdk/tools/gnutools/10.3/bin/../lib/gcc/arm-none-eabi/10.3.1/../../../../arm-none-eabi/lib/thumb/v7e-m+fp/softfp\libc.a(lib_a-wcrtomb.o)
                0x00008944                _wcrtomb_r
 .text.__ascii_wctomb
                0x00008980       0x1c c:/maximsdk/tools/gnutools/10.3/bin/../lib/gcc/arm-none-eabi/10.3.1/../../../../arm-none-eabi/lib/thumb/v7e-m+fp/softfp\libc.a(lib_a-wctomb_r.o)
                0x00008980                __ascii_wctomb
 .text.abort    0x0000899c       0x10 c:/maximsdk/tools/gnutools/10.3/bin/../lib/gcc/arm-none-eabi/10.3.1/../../../../arm-none-eabi/lib/thumb/v7e-m+fp/softfp\libc.a(lib_a-abort.o)
                0x0000899c                abort
 .text.raise    0x000089ac       0x5c c:/maximsdk/tools/gnutools/10.3/bin/../lib/gcc/arm-none-eabi/10.3.1/../../../../arm-none-eabi/lib/thumb/v7e-m+fp/softfp\libc.a(lib_a-signal.o)
                0x000089ac                raise
 .text._kill_r  0x00008a08       0x2c c:/maximsdk/tools/gnutools/10.3/bin/../lib/gcc/arm-none-eabi/10.3.1/../../../../arm-none-eabi/lib/thumb/v7e-m+fp/softfp\libc.a(lib_a-signalr.o)
                0x00008a08                _kill_r
 .text._getpid_r
                0x00008a34        0x4 c:/maximsdk/tools/gnutools/10.3/bin/../lib/gcc/arm-none-eabi/10.3.1/../../../../arm-none-eabi/lib/thumb/v7e-m+fp/softfp\libc.a(lib_a-signalr.o)
                0x00008a34                _getpid_r
 .text._getpid  0x00008a38       0x10 c:/maximsdk/tools/gnutools/10.3/bin/../lib/gcc/arm-none-eabi/10.3.1/../../../../arm-none-eabi/lib/thumb/v7e-m+fp/softfp\libnosys.a(getpid.o)
                0x00008a38                _getpid
 .text._kill    0x00008a48       0x10 c:/maximsdk/tools/gnutools/10.3/bin/../lib/gcc/arm-none-eabi/10.3.1/../../../../arm-none-eabi/lib/thumb/v7e-m+fp/softfp\libnosys.a(kill.o)
                0x00008a48                _kill
 .text._exit    0x00008a58        0x4 c:/maximsdk/tools/gnutools/10.3/bin/../lib/gcc/arm-none-eabi/10.3.1/../../../../arm-none-eabi/lib/thumb/v7e-m+fp/softfp\libnosys.a(_exit.o)
                0x00008a58                _exit
 .text          0x00008a5c      0x378 c:/maximsdk/tools/gnutools/10.3/bin/../lib/gcc/arm-none-eabi/10.3.1/thumb/v7e-m+fp/softfp\libgcc.a(_arm_addsubdf3.o)
                0x00008a5c                __aeabi_drsub
                0x00008a64                __aeabi_dsub
                0x00008a64                __subdf3
                0x00008a68                __aeabi_dadd
                0x00008a68                __adddf3
                0x00008ce0                __floatunsidf
                0x00008ce0                __aeabi_ui2d
                0x00008d00                __floatsidf
                0x00008d00                __aeabi_i2d
                0x00008d24                __aeabi_f2d
                0x00008d24                __extendsfdf2
                0x00008d68                __floatundidf
                0x00008d68                __aeabi_ul2d
                0x00008d78                __floatdidf
                0x00008d78                __aeabi_l2d
 .text          0x00008dd4      0x424 c:/maximsdk/tools/gnutools/10.3/bin/../lib/gcc/arm-none-eabi/10.3.1/thumb/v7e-m+fp/softfp\libgcc.a(_arm_muldivdf3.o)
                0x00008dd4                __aeabi_dmul
                0x00008dd4                __muldf3
                0x00009028                __divdf3
                0x00009028                __aeabi_ddiv
 .text          0x000091f8      0x110 c:/maximsdk/tools/gnutools/10.3/bin/../lib/gcc/arm-none-eabi/10.3.1/thumb/v7e-m+fp/softfp\libgcc.a(_arm_cmpdf2.o)
                0x000091f8                __gtdf2
                0x000091f8                __gedf2
                0x00009200                __ltdf2
                0x00009200                __ledf2
                0x00009208                __nedf2
                0x00009208                __eqdf2
                0x00009208                __cmpdf2
                0x00009284                __aeabi_cdrcmple
                0x00009294                __aeabi_cdcmpeq
                0x00009294                __aeabi_cdcmple
                0x000092a4                __aeabi_dcmpeq
                0x000092b8                __aeabi_dcmplt
                0x000092cc                __aeabi_dcmple
                0x000092e0                __aeabi_dcmpge
                0x000092f4                __aeabi_dcmpgt
 .text          0x00009308       0x2c c:/maximsdk/tools/gnutools/10.3/bin/../lib/gcc/arm-none-eabi/10.3.1/thumb/v7e-m+fp/softfp\libgcc.a(_arm_unorddf2.o)
                0x00009308                __unorddf2
                0x00009308                __aeabi_dcmpun
 .text          0x00009334       0x50 c:/maximsdk/tools/gnutools/10.3/bin/../lib/gcc/arm-none-eabi/10.3.1/thumb/v7e-m+fp/softfp\libgcc.a(_arm_fixdfsi.o)
                0x00009334                __aeabi_d2iz
                0x00009334                __fixdfsi
 .text          0x00009384       0x30 c:/maximsdk/tools/gnutools/10.3/bin/../lib/gcc/arm-none-eabi/10.3.1/thumb/v7e-m+fp/softfp\libgcc.a(_aeabi_uldivmod.o)
                0x00009384                __aeabi_uldivmod
 .text          0x000093b4      0x2d0 c:/maximsdk/tools/gnutools/10.3/bin/../lib/gcc/arm-none-eabi/10.3.1/thumb/v7e-m+fp/softfp\libgcc.a(_udivmoddi4.o)
                0x000093b4                __udivmoddi4
 .text          0x00009684        0x4 c:/maximsdk/tools/gnutools/10.3/bin/../lib/gcc/arm-none-eabi/10.3.1/thumb/v7e-m+fp/softfp\libgcc.a(_dvmd_tls.o)
                0x00009684                __aeabi_idiv0
                0x00009684                __aeabi_ldiv0
 *(.rodata*)
 .rodata.main.str1.4
                0x00009688      0x153 C:/Users/ahammad.n/Desktop/Maxim_Micro_Workspace/MAX77958_MAX77962_Reference_Lib/build/main.o
 *fill*         0x000097db        0x1 
 .rodata.mxc_assert.str1.4
                0x000097dc       0x19 C:/Users/ahammad.n/Desktop/Maxim_Micro_Workspace/MAX77958_MAX77962_Reference_Lib/build/board.o
 *fill*         0x000097f5        0x3 
 .rodata.Board_Init.str1.4
                0x000097f8       0x45 C:/Users/ahammad.n/Desktop/Maxim_Micro_Workspace/MAX77958_MAX77962_Reference_Lib/build/board.o
 *fill*         0x0000983d        0x3 
 .rodata.led_pin
                0x00009840        0xc C:/Users/ahammad.n/Desktop/Maxim_Micro_Workspace/MAX77958_MAX77962_Reference_Lib/build/board.o
                0x00009840                led_pin
 .rodata.num_leds
                0x0000984c        0x4 C:/Users/ahammad.n/Desktop/Maxim_Micro_Workspace/MAX77958_MAX77962_Reference_Lib/build/board.o
                0x0000984c                num_leds
 .rodata.num_pbs
                0x00009850        0x4 C:/Users/ahammad.n/Desktop/Maxim_Micro_Workspace/MAX77958_MAX77962_Reference_Lib/build/board.o
                0x00009850                num_pbs
 .rodata.pb_pin
                0x00009854        0xc C:/Users/ahammad.n/Desktop/Maxim_Micro_Workspace/MAX77958_MAX77962_Reference_Lib/build/board.o
                0x00009854                pb_pin
 .rodata.LED_On.str1.4
                0x00009860       0x4f C:/Users/ahammad.n/Desktop/Maxim_Micro_Workspace/MAX77958_MAX77962_Reference_Lib/build/led.o
 *fill*         0x000098af        0x1 
 .rodata.gpio_cfg_i2c0
                0x000098b0        0xc C:/MaximSDK/Libraries/PeriphDrivers/bin/MAX32660/softfp/libPeriphDriver_softfp.a(pins_me11.o)
                0x000098b0                gpio_cfg_i2c0
 .rodata.gpio_cfg_i2c1
                0x000098bc        0xc C:/MaximSDK/Libraries/PeriphDrivers/bin/MAX32660/softfp/libPeriphDriver_softfp.a(pins_me11.o)
                0x000098bc                gpio_cfg_i2c1
 .rodata.gpio_cfg_uart0
                0x000098c8        0xc C:/MaximSDK/Libraries/PeriphDrivers/bin/MAX32660/softfp/libPeriphDriver_softfp.a(pins_me11.o)
                0x000098c8                gpio_cfg_uart0
 .rodata.gpio_cfg_uart1a
                0x000098d4        0xc C:/MaximSDK/Libraries/PeriphDrivers/bin/MAX32660/softfp/libPeriphDriver_softfp.a(pins_me11.o)
                0x000098d4                gpio_cfg_uart1a
 .rodata.gpio_cfg_uart1b
                0x000098e0        0xc C:/MaximSDK/Libraries/PeriphDrivers/bin/MAX32660/softfp/libPeriphDriver_softfp.a(pins_me11.o)
                0x000098e0                gpio_cfg_uart1b
 .rodata.gpio_cfg_uart1c
                0x000098ec        0xc C:/MaximSDK/Libraries/PeriphDrivers/bin/MAX32660/softfp/libPeriphDriver_softfp.a(pins_me11.o)
                0x000098ec                gpio_cfg_uart1c
 .rodata.MXC_GPIO_Common_Handler.str1.4
                0x000098f8       0x66 C:/MaximSDK/Libraries/PeriphDrivers/bin/MAX32660/softfp/libPeriphDriver_softfp.a(gpio_common.o)
 *fill*         0x0000995e        0x2 
 .rodata.gpio_isr.str1.4
                0x00009960       0x28 lib\libFUNCTIONS.a(FUNCTIONS.o)
 .rodata.VBUS_ADC_Voltage_print.str1.4
                0x00009988      0x3a5 lib\libFUNCTIONS.a(FUNCTIONS.o)
 *fill*         0x00009d2d        0x3 
 .rodata.Port_current_print.str1.4
                0x00009d30       0xa0 lib\libFUNCTIONS.a(FUNCTIONS.o)
 .rodata.PD_Message_Print.str1.4
                0x00009dd0      0x723 lib\libFUNCTIONS.a(FUNCTIONS.o)
 *fill*         0x0000a4f3        0x1 
 .rodata.Port_Detection_Status_Voltage_current_Read.str1.4
                0x0000a4f4      0x247 lib\libFUNCTIONS.a(FUNCTIONS.o)
                                0x25b (size before relaxing)
 *fill*         0x0000a73b        0x1 
 .rodata._global_impure_ptr
                0x0000a73c        0x4 c:/maximsdk/tools/gnutools/10.3/bin/../lib/gcc/arm-none-eabi/10.3.1/../../../../arm-none-eabi/lib/thumb/v7e-m+fp/softfp\libc.a(lib_a-impure.o)
                0x0000a73c                _global_impure_ptr
 .rodata._puts_r.str1.4
                0x0000a740      0x247 c:/maximsdk/tools/gnutools/10.3/bin/../lib/gcc/arm-none-eabi/10.3.1/../../../../arm-none-eabi/lib/thumb/v7e-m+fp/softfp\libc.a(lib_a-puts.o)
                                  0x2 (size before relaxing)
 .rodata._vfprintf_r.str1.4
                0x0000a740       0x42 c:/maximsdk/tools/gnutools/10.3/bin/../lib/gcc/arm-none-eabi/10.3.1/../../../../arm-none-eabi/lib/thumb/v7e-m+fp/softfp\libc.a(lib_a-vfprintf.o)
 *fill*         0x0000a782        0x2 
 .rodata.blanks.1
                0x0000a784       0x10 c:/maximsdk/tools/gnutools/10.3/bin/../lib/gcc/arm-none-eabi/10.3.1/../../../../arm-none-eabi/lib/thumb/v7e-m+fp/softfp\libc.a(lib_a-vfprintf.o)
 .rodata.zeroes.0
                0x0000a794       0x10 c:/maximsdk/tools/gnutools/10.3/bin/../lib/gcc/arm-none-eabi/10.3.1/../../../../arm-none-eabi/lib/thumb/v7e-m+fp/softfp\libc.a(lib_a-vfprintf.o)
 .rodata._dtoa_r.str1.4
                0x0000a7a4       0xa2 c:/maximsdk/tools/gnutools/10.3/bin/../lib/gcc/arm-none-eabi/10.3.1/../../../../arm-none-eabi/lib/thumb/v7e-m+fp/softfp\libc.a(lib_a-dtoa.o)
                                 0xa6 (size before relaxing)
 *fill*         0x0000a846        0x2 
 .rodata.__multadd.str1.4
                0x0000a848       0x7f c:/maximsdk/tools/gnutools/10.3/bin/../lib/gcc/arm-none-eabi/10.3.1/../../../../arm-none-eabi/lib/thumb/v7e-m+fp/softfp\libc.a(lib_a-mprec.o)
                                 0x93 (size before relaxing)
 *fill*         0x0000a8c7        0x1 
 .rodata.__mprec_bigtens
                0x0000a8c8       0x28 c:/maximsdk/tools/gnutools/10.3/bin/../lib/gcc/arm-none-eabi/10.3.1/../../../../arm-none-eabi/lib/thumb/v7e-m+fp/softfp\libc.a(lib_a-mprec.o)
                0x0000a8c8                __mprec_bigtens
 .rodata.__mprec_tens
                0x0000a8f0       0xc8 c:/maximsdk/tools/gnutools/10.3/bin/../lib/gcc/arm-none-eabi/10.3.1/../../../../arm-none-eabi/lib/thumb/v7e-m+fp/softfp\libc.a(lib_a-mprec.o)
                0x0000a8f0                __mprec_tens
 .rodata.p05.0  0x0000a9b8        0xc c:/maximsdk/tools/gnutools/10.3/bin/../lib/gcc/arm-none-eabi/10.3.1/../../../../arm-none-eabi/lib/thumb/v7e-m+fp/softfp\libc.a(lib_a-mprec.o)
 .rodata._vfiprintf_r.str1.4
                0x0000a9c4       0x2f c:/maximsdk/tools/gnutools/10.3/bin/../lib/gcc/arm-none-eabi/10.3.1/../../../../arm-none-eabi/lib/thumb/v7e-m+fp/softfp\libc.a(lib_a-vfiprintf.o)
 .rodata.blanks.1
                0x0000a9c4       0x10 c:/maximsdk/tools/gnutools/10.3/bin/../lib/gcc/arm-none-eabi/10.3.1/../../../../arm-none-eabi/lib/thumb/v7e-m+fp/softfp\libc.a(lib_a-vfiprintf.o)
 .rodata.zeroes.0
                0x0000a9d4       0x10 c:/maximsdk/tools/gnutools/10.3/bin/../lib/gcc/arm-none-eabi/10.3.1/../../../../arm-none-eabi/lib/thumb/v7e-m+fp/softfp\libc.a(lib_a-vfiprintf.o)
 .rodata.__assert_func.str1.4
                0x0000a9e4       0x3f c:/maximsdk/tools/gnutools/10.3/bin/../lib/gcc/arm-none-eabi/10.3.1/../../../../arm-none-eabi/lib/thumb/v7e-m+fp/softfp\libc.a(lib_a-assert.o)
                                 0x43 (size before relaxing)
 *fill*         0x0000aa23        0x1 
 .rodata._setlocale_r.str1.4
                0x0000aa24        0xa c:/maximsdk/tools/gnutools/10.3/bin/../lib/gcc/arm-none-eabi/10.3.1/../../../../arm-none-eabi/lib/thumb/v7e-m+fp/softfp\libc.a(lib_a-locale.o)
                                  0xd (size before relaxing)
 *fill*         0x0000aa2e        0x2 
 .rodata.str1.4
                0x0000aa30        0x2 c:/maximsdk/tools/gnutools/10.3/bin/../lib/gcc/arm-none-eabi/10.3.1/../../../../arm-none-eabi/lib/thumb/v7e-m+fp/softfp\libc.a(lib_a-locale.o)
 *fill*         0x0000aa32        0x2 
 .rodata._ctype_
                0x0000aa34      0x101 c:/maximsdk/tools/gnutools/10.3/bin/../lib/gcc/arm-none-eabi/10.3.1/../../../../arm-none-eabi/lib/thumb/v7e-m+fp/softfp\libc.a(lib_a-ctype_.o)
                0x0000aa34                _ctype_
 *(.flashprog*)
 *(.init)
 *fill*         0x0000ab35        0x3 
 .init          0x0000ab38        0x4 c:/maximsdk/tools/gnutools/10.3/bin/../lib/gcc/arm-none-eabi/10.3.1/thumb/v7e-m+fp/softfp/crti.o
                0x0000ab38                _init
 .init          0x0000ab3c        0x8 c:/maximsdk/tools/gnutools/10.3/bin/../lib/gcc/arm-none-eabi/10.3.1/thumb/v7e-m+fp/softfp/crtn.o
 *(.fini)
 .fini          0x0000ab44        0x4 c:/maximsdk/tools/gnutools/10.3/bin/../lib/gcc/arm-none-eabi/10.3.1/thumb/v7e-m+fp/softfp/crti.o
                0x0000ab44                _fini
 .fini          0x0000ab48        0x8 c:/maximsdk/tools/gnutools/10.3/bin/../lib/gcc/arm-none-eabi/10.3.1/thumb/v7e-m+fp/softfp/crtn.o
 *(.eh_frame*)
 .eh_frame      0x0000ab50        0x0 c:/maximsdk/tools/gnutools/10.3/bin/../lib/gcc/arm-none-eabi/10.3.1/thumb/v7e-m+fp/softfp/crtbegin.o
 .eh_frame      0x0000ab50        0x4 c:/maximsdk/tools/gnutools/10.3/bin/../lib/gcc/arm-none-eabi/10.3.1/thumb/v7e-m+fp/softfp/crtend.o
                0x0000ab54                _etext = .

.glue_7         0x0000ab54        0x0
 .glue_7        0x0000ab54        0x0 linker stubs

.glue_7t        0x0000ab54        0x0
 .glue_7t       0x0000ab54        0x0 linker stubs

.vfp11_veneer   0x0000ab54        0x0
 .vfp11_veneer  0x0000ab54        0x0 linker stubs

.v4_bx          0x0000ab54        0x0
 .v4_bx         0x0000ab54        0x0 linker stubs

.iplt           0x0000ab54        0x0
 .iplt          0x0000ab54        0x0 c:/maximsdk/tools/gnutools/10.3/bin/../lib/gcc/arm-none-eabi/10.3.1/thumb/v7e-m+fp/softfp/crtbegin.o

.ARM.exidx      0x0000ab54        0x8
                0x0000ab54                __exidx_start = .
 *(.ARM.exidx*)
 .ARM.exidx     0x0000ab54        0x8 c:/maximsdk/tools/gnutools/10.3/bin/../lib/gcc/arm-none-eabi/10.3.1/thumb/v7e-m+fp/softfp\libgcc.a(_udivmoddi4.o)
                0x0000ab5c                __exidx_end = .

.rel.dyn        0x0000ab5c        0x0
 .rel.iplt      0x0000ab5c        0x0 c:/maximsdk/tools/gnutools/10.3/bin/../lib/gcc/arm-none-eabi/10.3.1/thumb/v7e-m+fp/softfp/crtbegin.o

.data           0x20000000      0x9c4 load address 0x0000ab5c
                0x20000000                _data = ALIGN (., 0x4)
 *(.data*)
 .data.ConsoleUart
                0x20000000        0x4 C:/Users/ahammad.n/Desktop/Maxim_Micro_Workspace/MAX77958_MAX77962_Reference_Lib/build/board.o
                0x20000000                ConsoleUart
 .data.SystemCoreClock
                0x20000004        0x4 C:/Users/ahammad.n/Desktop/Maxim_Micro_Workspace/MAX77958_MAX77962_Reference_Lib/build/system_max32660.o
                0x20000004                SystemCoreClock
 .data.overflows
                0x20000008        0x4 C:/MaximSDK/Libraries/PeriphDrivers/bin/MAX32660/softfp/libPeriphDriver_softfp.a(mxc_delay.o)
 .data._impure_ptr
                0x2000000c        0x4 c:/maximsdk/tools/gnutools/10.3/bin/../lib/gcc/arm-none-eabi/10.3.1/../../../../arm-none-eabi/lib/thumb/v7e-m+fp/softfp\libc.a(lib_a-impure.o)
                0x2000000c                _impure_ptr
 .data.impure_data
                0x20000010      0x428 c:/maximsdk/tools/gnutools/10.3/bin/../lib/gcc/arm-none-eabi/10.3.1/../../../../arm-none-eabi/lib/thumb/v7e-m+fp/softfp\libc.a(lib_a-impure.o)
 .data.__atexit_recursive_mutex
                0x20000438        0x4 c:/maximsdk/tools/gnutools/10.3/bin/../lib/gcc/arm-none-eabi/10.3.1/../../../../arm-none-eabi/lib/thumb/v7e-m+fp/softfp\libc.a(lib_a-__call_atexit.o)
                0x20000438                __atexit_recursive_mutex
 .data.__malloc_av_
                0x2000043c      0x408 c:/maximsdk/tools/gnutools/10.3/bin/../lib/gcc/arm-none-eabi/10.3.1/../../../../arm-none-eabi/lib/thumb/v7e-m+fp/softfp\libc.a(lib_a-mallocr.o)
                0x2000043c                __malloc_av_
 .data.__malloc_sbrk_base
                0x20000844        0x4 c:/maximsdk/tools/gnutools/10.3/bin/../lib/gcc/arm-none-eabi/10.3.1/../../../../arm-none-eabi/lib/thumb/v7e-m+fp/softfp\libc.a(lib_a-mallocr.o)
                0x20000844                __malloc_sbrk_base
 .data.__malloc_trim_threshold
                0x20000848        0x4 c:/maximsdk/tools/gnutools/10.3/bin/../lib/gcc/arm-none-eabi/10.3.1/../../../../arm-none-eabi/lib/thumb/v7e-m+fp/softfp\libc.a(lib_a-mallocr.o)
                0x20000848                __malloc_trim_threshold
 .data.__global_locale
                0x2000084c      0x16c c:/maximsdk/tools/gnutools/10.3/bin/../lib/gcc/arm-none-eabi/10.3.1/../../../../arm-none-eabi/lib/thumb/v7e-m+fp/softfp\libc.a(lib_a-locale.o)
                0x2000084c                __global_locale
 *(.spix_config*)
                0x200009b8                . = ALIGN (0x4)
                0x200009b8                PROVIDE (__preinit_array_start = .)
 *(.preinit_array)
                0x200009b8                PROVIDE (__preinit_array_end = .)
                0x200009b8                . = ALIGN (0x4)
                0x200009b8                PROVIDE (__init_array_start = .)
 *(SORT_BY_NAME(.init_array.*))
 .init_array.00000
                0x200009b8        0x4 c:/maximsdk/tools/gnutools/10.3/bin/../lib/gcc/arm-none-eabi/10.3.1/../../../../arm-none-eabi/lib/thumb/v7e-m+fp/softfp\libc.a(lib_a-__call_atexit.o)
 *(.init_array)
 .init_array    0x200009bc        0x4 c:/maximsdk/tools/gnutools/10.3/bin/../lib/gcc/arm-none-eabi/10.3.1/thumb/v7e-m+fp/softfp/crtbegin.o
                0x200009c0                PROVIDE (__init_array_end = .)
                0x200009c0                . = ALIGN (0x4)
                0x200009c0                PROVIDE (__fini_array_start = .)
 *(SORT_BY_NAME(.fini_array.*))
 *(.fini_array)
 .fini_array    0x200009c0        0x4 c:/maximsdk/tools/gnutools/10.3/bin/../lib/gcc/arm-none-eabi/10.3.1/thumb/v7e-m+fp/softfp/crtbegin.o
                0x200009c4                PROVIDE (__fini_array_end = .)
                0x200009c4                _edata = ALIGN (., 0x4)
                0x0000ab5c                __load_data = LOADADDR (.data)

.igot.plt       0x200009c4        0x0 load address 0x0000b520
 .igot.plt      0x200009c4        0x0 c:/maximsdk/tools/gnutools/10.3/bin/../lib/gcc/arm-none-eabi/10.3.1/thumb/v7e-m+fp/softfp/crtbegin.o

.bss            0x200009c4      0x13c load address 0x0000b520
                0x200009c4                . = ALIGN (0x4)
                0x200009c4                _bss = .
 *(.bss*)
 .bss           0x200009c4       0x1c c:/maximsdk/tools/gnutools/10.3/bin/../lib/gcc/arm-none-eabi/10.3.1/thumb/v7e-m+fp/softfp/crtbegin.o
 .bss.heap_end  0x200009e0        0x4 C:/Users/ahammad.n/Desktop/Maxim_Micro_Workspace/MAX77958_MAX77962_Reference_Lib/build/heap.o
 .bss.cbFunc    0x200009e4        0x4 C:/MaximSDK/Libraries/PeriphDrivers/bin/MAX32660/softfp/libPeriphDriver_softfp.a(mxc_delay.o)
 .bss.ctrl_save
                0x200009e8        0x4 C:/MaximSDK/Libraries/PeriphDrivers/bin/MAX32660/softfp/libPeriphDriver_softfp.a(mxc_delay.o)
 .bss.endtick   0x200009ec        0x4 C:/MaximSDK/Libraries/PeriphDrivers/bin/MAX32660/softfp/libPeriphDriver_softfp.a(mxc_delay.o)
 .bss.states    0x200009f0       0x30 C:/MaximSDK/Libraries/PeriphDrivers/bin/MAX32660/softfp/libPeriphDriver_softfp.a(i2c_reva.o)
 .bss.callback  0x20000a20       0x38 C:/MaximSDK/Libraries/PeriphDrivers/bin/MAX32660/softfp/libPeriphDriver_softfp.a(gpio_common.o)
 .bss.cbparam   0x20000a58       0x38 C:/MaximSDK/Libraries/PeriphDrivers/bin/MAX32660/softfp/libPeriphDriver_softfp.a(gpio_common.o)
 .bss.CC_Istat  0x20000a90        0x1 lib\libFUNCTIONS.a(FUNCTIONS.o)
                0x20000a90                CC_Istat
 *fill*         0x20000a91        0x3 
 .bss.USB_STATUS_1_Read
                0x20000a94        0x1 lib\libFUNCTIONS.a(FUNCTIONS.o)
                0x20000a94                USB_STATUS_1_Read
 *fill*         0x20000a95        0x3 
 .bss.reqMaster
                0x20000a98       0x20 lib\libFUNCTIONS.a(FUNCTIONS.o)
                0x20000a98                reqMaster
 .bss.__lock___atexit_recursive_mutex
                0x20000ab8        0x1 c:/maximsdk/tools/gnutools/10.3/bin/../lib/gcc/arm-none-eabi/10.3.1/../../../../arm-none-eabi/lib/thumb/v7e-m+fp/softfp\libc.a(lib_a-lock.o)
                0x20000ab8                __lock___atexit_recursive_mutex
 *fill*         0x20000ab9        0x3 
 .bss.__lock___malloc_recursive_mutex
                0x20000abc        0x1 c:/maximsdk/tools/gnutools/10.3/bin/../lib/gcc/arm-none-eabi/10.3.1/../../../../arm-none-eabi/lib/thumb/v7e-m+fp/softfp\libc.a(lib_a-lock.o)
                0x20000abc                __lock___malloc_recursive_mutex
 *fill*         0x20000abd        0x3 
 .bss.__lock___sfp_recursive_mutex
                0x20000ac0        0x1 c:/maximsdk/tools/gnutools/10.3/bin/../lib/gcc/arm-none-eabi/10.3.1/../../../../arm-none-eabi/lib/thumb/v7e-m+fp/softfp\libc.a(lib_a-lock.o)
                0x20000ac0                __lock___sfp_recursive_mutex
 *fill*         0x20000ac1        0x3 
 .bss.__lock___sinit_recursive_mutex
                0x20000ac4        0x1 c:/maximsdk/tools/gnutools/10.3/bin/../lib/gcc/arm-none-eabi/10.3.1/../../../../arm-none-eabi/lib/thumb/v7e-m+fp/softfp\libc.a(lib_a-lock.o)
                0x20000ac4                __lock___sinit_recursive_mutex
 *fill*         0x20000ac5        0x3 
 .bss.__malloc_current_mallinfo
                0x20000ac8       0x28 c:/maximsdk/tools/gnutools/10.3/bin/../lib/gcc/arm-none-eabi/10.3.1/../../../../arm-none-eabi/lib/thumb/v7e-m+fp/softfp\libc.a(lib_a-mallocr.o)
                0x20000ac8                __malloc_current_mallinfo
 .bss.__malloc_max_sbrked_mem
                0x20000af0        0x4 c:/maximsdk/tools/gnutools/10.3/bin/../lib/gcc/arm-none-eabi/10.3.1/../../../../arm-none-eabi/lib/thumb/v7e-m+fp/softfp\libc.a(lib_a-mallocr.o)
                0x20000af0                __malloc_max_sbrked_mem
 .bss.__malloc_max_total_mem
                0x20000af4        0x4 c:/maximsdk/tools/gnutools/10.3/bin/../lib/gcc/arm-none-eabi/10.3.1/../../../../arm-none-eabi/lib/thumb/v7e-m+fp/softfp\libc.a(lib_a-mallocr.o)
                0x20000af4                __malloc_max_total_mem
 .bss.__malloc_top_pad
                0x20000af8        0x4 c:/maximsdk/tools/gnutools/10.3/bin/../lib/gcc/arm-none-eabi/10.3.1/../../../../arm-none-eabi/lib/thumb/v7e-m+fp/softfp\libc.a(lib_a-mallocr.o)
                0x20000af8                __malloc_top_pad
 .bss.errno     0x20000afc        0x4 c:/maximsdk/tools/gnutools/10.3/bin/../lib/gcc/arm-none-eabi/10.3.1/../../../../arm-none-eabi/lib/thumb/v7e-m+fp/softfp\libc.a(lib_a-reent.o)
                0x20000afc                errno
 *(COMMON)
                0x20000b00                _ebss = ALIGN (., 0x4)
                0x20018000                __StackTop = (ORIGIN (SRAM) + LENGTH (SRAM))
                0x20017000                __StackLimit = (__StackTop - SIZEOF (.stack_dummy))

.stack_dummy    0x20000b00     0x1000 load address 0x0000b520
 *(.stack*)
 .stack         0x20000b00     0x1000 C:/Users/ahammad.n/Desktop/Maxim_Micro_Workspace/MAX77958_MAX77962_Reference_Lib/build/startup_max32660.o

.heap           0x20000b00      0xc00 load address 0x0000b520
                0x20000b00                . = ALIGN (0x4)
 *(.heap*)
 .heap          0x20000b00      0xc00 C:/Users/ahammad.n/Desktop/Maxim_Micro_Workspace/MAX77958_MAX77962_Reference_Lib/build/startup_max32660.o
                0x20000b00                __HeapBase
                0x20017000                __HeapLimit = ABSOLUTE (__StackLimit)
                0x20018000                PROVIDE (__stack = __StackTop)
                0x00000001                ASSERT ((__StackLimit >= _ebss), region RAM overflowed with stack)
OUTPUT(C:/Users/ahammad.n/Desktop/Maxim_Micro_Workspace/MAX77958_MAX77962_Reference_Lib/build/MAX77958_MAX77962_Reference_Lib.elf elf32-littlearm)
LOAD linker stubs

.ARM.attributes
                0x00000000       0x2e
 .ARM.attributes
                0x00000000       0x1e c:/maximsdk/tools/gnutools/10.3/bin/../lib/gcc/arm-none-eabi/10.3.1/thumb/v7e-m+fp/softfp/crti.o
 .ARM.attributes
                0x0000001e       0x32 c:/maximsdk/tools/gnutools/10.3/bin/../lib/gcc/arm-none-eabi/10.3.1/thumb/v7e-m+fp/softfp/crtbegin.o
 .ARM.attributes
                0x00000050       0x32 C:/Users/ahammad.n/Desktop/Maxim_Micro_Workspace/MAX77958_MAX77962_Reference_Lib/build/main.o
 .ARM.attributes
                0x00000082       0x32 C:/Users/ahammad.n/Desktop/Maxim_Micro_Workspace/MAX77958_MAX77962_Reference_Lib/build/board.o
 .ARM.attributes
                0x000000b4       0x32 C:/Users/ahammad.n/Desktop/Maxim_Micro_Workspace/MAX77958_MAX77962_Reference_Lib/build/stdio.o
 .ARM.attributes
                0x000000e6       0x32 C:/Users/ahammad.n/Desktop/Maxim_Micro_Workspace/MAX77958_MAX77962_Reference_Lib/build/led.o
 .ARM.attributes
                0x00000118       0x32 C:/Users/ahammad.n/Desktop/Maxim_Micro_Workspace/MAX77958_MAX77962_Reference_Lib/build/pb.o
 .ARM.attributes
                0x0000014a       0x1b C:/Users/ahammad.n/Desktop/Maxim_Micro_Workspace/MAX77958_MAX77962_Reference_Lib/build/startup_max32660.o
 .ARM.attributes
                0x00000165       0x32 C:/Users/ahammad.n/Desktop/Maxim_Micro_Workspace/MAX77958_MAX77962_Reference_Lib/build/heap.o
 .ARM.attributes
                0x00000197       0x32 C:/Users/ahammad.n/Desktop/Maxim_Micro_Workspace/MAX77958_MAX77962_Reference_Lib/build/system_max32660.o
 .ARM.attributes
                0x000001c9       0x32 C:/MaximSDK/Libraries/PeriphDrivers/bin/MAX32660/softfp/libPeriphDriver_softfp.a(mxc_delay.o)
 .ARM.attributes
                0x000001fb       0x32 C:/MaximSDK/Libraries/PeriphDrivers/bin/MAX32660/softfp/libPeriphDriver_softfp.a(sys_me11.o)
 .ARM.attributes
                0x0000022d       0x32 C:/MaximSDK/Libraries/PeriphDrivers/bin/MAX32660/softfp/libPeriphDriver_softfp.a(gpio_me11.o)
 .ARM.attributes
                0x0000025f       0x32 C:/MaximSDK/Libraries/PeriphDrivers/bin/MAX32660/softfp/libPeriphDriver_softfp.a(gpio_reva.o)
 .ARM.attributes
                0x00000291       0x32 C:/MaximSDK/Libraries/PeriphDrivers/bin/MAX32660/softfp/libPeriphDriver_softfp.a(i2c_me11.o)
 .ARM.attributes
                0x000002c3       0x32 C:/MaximSDK/Libraries/PeriphDrivers/bin/MAX32660/softfp/libPeriphDriver_softfp.a(i2c_reva.o)
 .ARM.attributes
                0x000002f5       0x32 C:/MaximSDK/Libraries/PeriphDrivers/bin/MAX32660/softfp/libPeriphDriver_softfp.a(uart_me11.o)
 .ARM.attributes
                0x00000327       0x32 C:/MaximSDK/Libraries/PeriphDrivers/bin/MAX32660/softfp/libPeriphDriver_softfp.a(uart_reva.o)
 .ARM.attributes
                0x00000359       0x32 C:/MaximSDK/Libraries/PeriphDrivers/bin/MAX32660/softfp/libPeriphDriver_softfp.a(pins_me11.o)
 .ARM.attributes
                0x0000038b       0x32 C:/MaximSDK/Libraries/PeriphDrivers/bin/MAX32660/softfp/libPeriphDriver_softfp.a(gpio_common.o)
 .ARM.attributes
                0x000003bd       0x32 C:/MaximSDK/Libraries/PeriphDrivers/bin/MAX32660/softfp/libPeriphDriver_softfp.a(uart_common.o)
 .ARM.attributes
                0x000003ef       0x32 lib\libFUNCTIONS.a(FUNCTIONS.o)
 .ARM.attributes
                0x00000421       0x32 c:/maximsdk/tools/gnutools/10.3/bin/../lib/gcc/arm-none-eabi/10.3.1/../../../../arm-none-eabi/lib/thumb/v7e-m+fp/softfp\libc.a(lib_a-errno.o)
 .ARM.attributes
                0x00000453       0x32 c:/maximsdk/tools/gnutools/10.3/bin/../lib/gcc/arm-none-eabi/10.3.1/../../../../arm-none-eabi/lib/thumb/v7e-m+fp/softfp\libc.a(lib_a-impure.o)
 .ARM.attributes
                0x00000485       0x32 c:/maximsdk/tools/gnutools/10.3/bin/../lib/gcc/arm-none-eabi/10.3.1/../../../../arm-none-eabi/lib/thumb/v7e-m+fp/softfp\libc.a(lib_a-init.o)
 .ARM.attributes
                0x000004b7       0x1c c:/maximsdk/tools/gnutools/10.3/bin/../lib/gcc/arm-none-eabi/10.3.1/../../../../arm-none-eabi/lib/thumb/v7e-m+fp/softfp\libc.a(lib_a-memcpy.o)
 .ARM.attributes
                0x000004d3       0x32 c:/maximsdk/tools/gnutools/10.3/bin/../lib/gcc/arm-none-eabi/10.3.1/../../../../arm-none-eabi/lib/thumb/v7e-m+fp/softfp\libc.a(lib_a-memset.o)
 .ARM.attributes
                0x00000505       0x32 c:/maximsdk/tools/gnutools/10.3/bin/../lib/gcc/arm-none-eabi/10.3.1/../../../../arm-none-eabi/lib/thumb/v7e-m+fp/softfp\libc.a(lib_a-printf.o)
 .ARM.attributes
                0x00000537       0x32 c:/maximsdk/tools/gnutools/10.3/bin/../lib/gcc/arm-none-eabi/10.3.1/../../../../arm-none-eabi/lib/thumb/v7e-m+fp/softfp\libc.a(lib_a-puts.o)
 .ARM.attributes
                0x00000569       0x1c c:/maximsdk/tools/gnutools/10.3/bin/../lib/gcc/arm-none-eabi/10.3.1/../../../../arm-none-eabi/lib/thumb/v7e-m+fp/softfp\libc.a(lib_a-strlen.o)
 .ARM.attributes
                0x00000585       0x32 c:/maximsdk/tools/gnutools/10.3/bin/../lib/gcc/arm-none-eabi/10.3.1/../../../../arm-none-eabi/lib/thumb/v7e-m+fp/softfp\libc.a(lib_a-vfprintf.o)
 .ARM.attributes
                0x000005b7       0x32 c:/maximsdk/tools/gnutools/10.3/bin/../lib/gcc/arm-none-eabi/10.3.1/../../../../arm-none-eabi/lib/thumb/v7e-m+fp/softfp\libc.a(lib_a-wsetup.o)
 .ARM.attributes
                0x000005e9       0x32 c:/maximsdk/tools/gnutools/10.3/bin/../lib/gcc/arm-none-eabi/10.3.1/../../../../arm-none-eabi/lib/thumb/v7e-m+fp/softfp\libc.a(lib_a-__call_atexit.o)
 .ARM.attributes
                0x0000061b       0x32 c:/maximsdk/tools/gnutools/10.3/bin/../lib/gcc/arm-none-eabi/10.3.1/../../../../arm-none-eabi/lib/thumb/v7e-m+fp/softfp\libc.a(lib_a-atexit.o)
 .ARM.attributes
                0x0000064d       0x32 c:/maximsdk/tools/gnutools/10.3/bin/../lib/gcc/arm-none-eabi/10.3.1/../../../../arm-none-eabi/lib/thumb/v7e-m+fp/softfp\libc.a(lib_a-dtoa.o)
 .ARM.attributes
                0x0000067f       0x32 c:/maximsdk/tools/gnutools/10.3/bin/../lib/gcc/arm-none-eabi/10.3.1/../../../../arm-none-eabi/lib/thumb/v7e-m+fp/softfp\libc.a(lib_a-fflush.o)
 .ARM.attributes
                0x000006b1       0x32 c:/maximsdk/tools/gnutools/10.3/bin/../lib/gcc/arm-none-eabi/10.3.1/../../../../arm-none-eabi/lib/thumb/v7e-m+fp/softfp\libc.a(lib_a-findfp.o)
 .ARM.attributes
                0x000006e3       0x32 c:/maximsdk/tools/gnutools/10.3/bin/../lib/gcc/arm-none-eabi/10.3.1/../../../../arm-none-eabi/lib/thumb/v7e-m+fp/softfp\libc.a(lib_a-fini.o)
 .ARM.attributes
                0x00000715       0x32 c:/maximsdk/tools/gnutools/10.3/bin/../lib/gcc/arm-none-eabi/10.3.1/../../../../arm-none-eabi/lib/thumb/v7e-m+fp/softfp\libc.a(lib_a-freer.o)
 .ARM.attributes
                0x00000747       0x32 c:/maximsdk/tools/gnutools/10.3/bin/../lib/gcc/arm-none-eabi/10.3.1/../../../../arm-none-eabi/lib/thumb/v7e-m+fp/softfp\libc.a(lib_a-fvwrite.o)
 .ARM.attributes
                0x00000779       0x32 c:/maximsdk/tools/gnutools/10.3/bin/../lib/gcc/arm-none-eabi/10.3.1/../../../../arm-none-eabi/lib/thumb/v7e-m+fp/softfp\libc.a(lib_a-fwalk.o)
 .ARM.attributes
                0x000007ab       0x32 c:/maximsdk/tools/gnutools/10.3/bin/../lib/gcc/arm-none-eabi/10.3.1/../../../../arm-none-eabi/lib/thumb/v7e-m+fp/softfp\libc.a(lib_a-localeconv.o)
 .ARM.attributes
                0x000007dd       0x32 c:/maximsdk/tools/gnutools/10.3/bin/../lib/gcc/arm-none-eabi/10.3.1/../../../../arm-none-eabi/lib/thumb/v7e-m+fp/softfp\libc.a(lib_a-lock.o)
 .ARM.attributes
                0x0000080f       0x32 c:/maximsdk/tools/gnutools/10.3/bin/../lib/gcc/arm-none-eabi/10.3.1/../../../../arm-none-eabi/lib/thumb/v7e-m+fp/softfp\libc.a(lib_a-makebuf.o)
 .ARM.attributes
                0x00000841       0x32 c:/maximsdk/tools/gnutools/10.3/bin/../lib/gcc/arm-none-eabi/10.3.1/../../../../arm-none-eabi/lib/thumb/v7e-m+fp/softfp\libc.a(lib_a-mallocr.o)
 .ARM.attributes
                0x00000873       0x1c c:/maximsdk/tools/gnutools/10.3/bin/../lib/gcc/arm-none-eabi/10.3.1/../../../../arm-none-eabi/lib/thumb/v7e-m+fp/softfp\libc.a(lib_a-memchr.o)
 .ARM.attributes
                0x0000088f       0x32 c:/maximsdk/tools/gnutools/10.3/bin/../lib/gcc/arm-none-eabi/10.3.1/../../../../arm-none-eabi/lib/thumb/v7e-m+fp/softfp\libc.a(lib_a-memmove.o)
 .ARM.attributes
                0x000008c1       0x32 c:/maximsdk/tools/gnutools/10.3/bin/../lib/gcc/arm-none-eabi/10.3.1/../../../../arm-none-eabi/lib/thumb/v7e-m+fp/softfp\libc.a(lib_a-mlock.o)
 .ARM.attributes
                0x000008f3       0x32 c:/maximsdk/tools/gnutools/10.3/bin/../lib/gcc/arm-none-eabi/10.3.1/../../../../arm-none-eabi/lib/thumb/v7e-m+fp/softfp\libc.a(lib_a-mprec.o)
 .ARM.attributes
                0x00000925       0x32 c:/maximsdk/tools/gnutools/10.3/bin/../lib/gcc/arm-none-eabi/10.3.1/../../../../arm-none-eabi/lib/thumb/v7e-m+fp/softfp\libc.a(lib_a-reallocr.o)
 .ARM.attributes
                0x00000957       0x32 c:/maximsdk/tools/gnutools/10.3/bin/../lib/gcc/arm-none-eabi/10.3.1/../../../../arm-none-eabi/lib/thumb/v7e-m+fp/softfp\libc.a(lib_a-s_frexp.o)
 .ARM.attributes
                0x00000989       0x32 c:/maximsdk/tools/gnutools/10.3/bin/../lib/gcc/arm-none-eabi/10.3.1/../../../../arm-none-eabi/lib/thumb/v7e-m+fp/softfp\libc.a(lib_a-sbrkr.o)
 .ARM.attributes
                0x000009bb       0x32 c:/maximsdk/tools/gnutools/10.3/bin/../lib/gcc/arm-none-eabi/10.3.1/../../../../arm-none-eabi/lib/thumb/v7e-m+fp/softfp\libc.a(lib_a-stdio.o)
 .ARM.attributes
                0x000009ed       0x32 c:/maximsdk/tools/gnutools/10.3/bin/../lib/gcc/arm-none-eabi/10.3.1/../../../../arm-none-eabi/lib/thumb/v7e-m+fp/softfp\libc.a(lib_a-strncpy.o)
 .ARM.attributes
                0x00000a1f       0x32 c:/maximsdk/tools/gnutools/10.3/bin/../lib/gcc/arm-none-eabi/10.3.1/../../../../arm-none-eabi/lib/thumb/v7e-m+fp/softfp\libc.a(lib_a-vfiprintf.o)
 .ARM.attributes
                0x00000a51       0x32 c:/maximsdk/tools/gnutools/10.3/bin/../lib/gcc/arm-none-eabi/10.3.1/../../../../arm-none-eabi/lib/thumb/v7e-m+fp/softfp\libc.a(lib_a-wbuf.o)
 .ARM.attributes
                0x00000a83       0x32 c:/maximsdk/tools/gnutools/10.3/bin/../lib/gcc/arm-none-eabi/10.3.1/../../../../arm-none-eabi/lib/thumb/v7e-m+fp/softfp\libc.a(lib_a-writer.o)
 .ARM.attributes
                0x00000ab5       0x32 c:/maximsdk/tools/gnutools/10.3/bin/../lib/gcc/arm-none-eabi/10.3.1/../../../../arm-none-eabi/lib/thumb/v7e-m+fp/softfp\libc.a(lib_a-__atexit.o)
 .ARM.attributes
                0x00000ae7       0x32 c:/maximsdk/tools/gnutools/10.3/bin/../lib/gcc/arm-none-eabi/10.3.1/../../../../arm-none-eabi/lib/thumb/v7e-m+fp/softfp\libc.a(lib_a-assert.o)
 .ARM.attributes
                0x00000b19       0x32 c:/maximsdk/tools/gnutools/10.3/bin/../lib/gcc/arm-none-eabi/10.3.1/../../../../arm-none-eabi/lib/thumb/v7e-m+fp/softfp\libc.a(lib_a-callocr.o)
 .ARM.attributes
                0x00000b4b       0x32 c:/maximsdk/tools/gnutools/10.3/bin/../lib/gcc/arm-none-eabi/10.3.1/../../../../arm-none-eabi/lib/thumb/v7e-m+fp/softfp\libc.a(lib_a-closer.o)
 .ARM.attributes
                0x00000b7d       0x32 c:/maximsdk/tools/gnutools/10.3/bin/../lib/gcc/arm-none-eabi/10.3.1/../../../../arm-none-eabi/lib/thumb/v7e-m+fp/softfp\libc.a(lib_a-fclose.o)
 .ARM.attributes
                0x00000baf       0x32 c:/maximsdk/tools/gnutools/10.3/bin/../lib/gcc/arm-none-eabi/10.3.1/../../../../arm-none-eabi/lib/thumb/v7e-m+fp/softfp\libc.a(lib_a-fiprintf.o)
 .ARM.attributes
                0x00000be1       0x32 c:/maximsdk/tools/gnutools/10.3/bin/../lib/gcc/arm-none-eabi/10.3.1/../../../../arm-none-eabi/lib/thumb/v7e-m+fp/softfp\libc.a(lib_a-fputwc.o)
 .ARM.attributes
                0x00000c13       0x32 c:/maximsdk/tools/gnutools/10.3/bin/../lib/gcc/arm-none-eabi/10.3.1/../../../../arm-none-eabi/lib/thumb/v7e-m+fp/softfp\libc.a(lib_a-fstatr.o)
 .ARM.attributes
                0x00000c45       0x32 c:/maximsdk/tools/gnutools/10.3/bin/../lib/gcc/arm-none-eabi/10.3.1/../../../../arm-none-eabi/lib/thumb/v7e-m+fp/softfp\libc.a(lib_a-isattyr.o)
 .ARM.attributes
                0x00000c77       0x32 c:/maximsdk/tools/gnutools/10.3/bin/../lib/gcc/arm-none-eabi/10.3.1/../../../../arm-none-eabi/lib/thumb/v7e-m+fp/softfp\libc.a(lib_a-locale.o)
 .ARM.attributes
                0x00000ca9       0x32 c:/maximsdk/tools/gnutools/10.3/bin/../lib/gcc/arm-none-eabi/10.3.1/../../../../arm-none-eabi/lib/thumb/v7e-m+fp/softfp\libc.a(lib_a-lseekr.o)
 .ARM.attributes
                0x00000cdb       0x32 c:/maximsdk/tools/gnutools/10.3/bin/../lib/gcc/arm-none-eabi/10.3.1/../../../../arm-none-eabi/lib/thumb/v7e-m+fp/softfp\libc.a(lib_a-mbtowc_r.o)
 .ARM.attributes
                0x00000d0d       0x32 c:/maximsdk/tools/gnutools/10.3/bin/../lib/gcc/arm-none-eabi/10.3.1/../../../../arm-none-eabi/lib/thumb/v7e-m+fp/softfp\libc.a(lib_a-readr.o)
 .ARM.attributes
                0x00000d3f       0x32 c:/maximsdk/tools/gnutools/10.3/bin/../lib/gcc/arm-none-eabi/10.3.1/../../../../arm-none-eabi/lib/thumb/v7e-m+fp/softfp\libc.a(lib_a-reent.o)
 .ARM.attributes
                0x00000d71       0x32 c:/maximsdk/tools/gnutools/10.3/bin/../lib/gcc/arm-none-eabi/10.3.1/../../../../arm-none-eabi/lib/thumb/v7e-m+fp/softfp\libc.a(lib_a-wcrtomb.o)
 .ARM.attributes
                0x00000da3       0x32 c:/maximsdk/tools/gnutools/10.3/bin/../lib/gcc/arm-none-eabi/10.3.1/../../../../arm-none-eabi/lib/thumb/v7e-m+fp/softfp\libc.a(lib_a-wctomb_r.o)
 .ARM.attributes
                0x00000dd5       0x32 c:/maximsdk/tools/gnutools/10.3/bin/../lib/gcc/arm-none-eabi/10.3.1/../../../../arm-none-eabi/lib/thumb/v7e-m+fp/softfp\libc.a(lib_a-abort.o)
 .ARM.attributes
                0x00000e07       0x32 c:/maximsdk/tools/gnutools/10.3/bin/../lib/gcc/arm-none-eabi/10.3.1/../../../../arm-none-eabi/lib/thumb/v7e-m+fp/softfp\libc.a(lib_a-ctype_.o)
 .ARM.attributes
                0x00000e39       0x32 c:/maximsdk/tools/gnutools/10.3/bin/../lib/gcc/arm-none-eabi/10.3.1/../../../../arm-none-eabi/lib/thumb/v7e-m+fp/softfp\libc.a(lib_a-signal.o)
 .ARM.attributes
                0x00000e6b       0x32 c:/maximsdk/tools/gnutools/10.3/bin/../lib/gcc/arm-none-eabi/10.3.1/../../../../arm-none-eabi/lib/thumb/v7e-m+fp/softfp\libc.a(lib_a-signalr.o)
 .ARM.attributes
                0x00000e9d       0x32 c:/maximsdk/tools/gnutools/10.3/bin/../lib/gcc/arm-none-eabi/10.3.1/../../../../arm-none-eabi/lib/thumb/v7e-m+fp/softfp\libnosys.a(getpid.o)
 .ARM.attributes
                0x00000ecf       0x32 c:/maximsdk/tools/gnutools/10.3/bin/../lib/gcc/arm-none-eabi/10.3.1/../../../../arm-none-eabi/lib/thumb/v7e-m+fp/softfp\libnosys.a(kill.o)
 .ARM.attributes
                0x00000f01       0x32 c:/maximsdk/tools/gnutools/10.3/bin/../lib/gcc/arm-none-eabi/10.3.1/../../../../arm-none-eabi/lib/thumb/v7e-m+fp/softfp\libnosys.a(_exit.o)
 .ARM.attributes
                0x00000f33       0x1e c:/maximsdk/tools/gnutools/10.3/bin/../lib/gcc/arm-none-eabi/10.3.1/thumb/v7e-m+fp/softfp\libgcc.a(_arm_addsubdf3.o)
 .ARM.attributes
                0x00000f51       0x1e c:/maximsdk/tools/gnutools/10.3/bin/../lib/gcc/arm-none-eabi/10.3.1/thumb/v7e-m+fp/softfp\libgcc.a(_arm_muldivdf3.o)
 .ARM.attributes
                0x00000f6f       0x1e c:/maximsdk/tools/gnutools/10.3/bin/../lib/gcc/arm-none-eabi/10.3.1/thumb/v7e-m+fp/softfp\libgcc.a(_arm_cmpdf2.o)
 .ARM.attributes
                0x00000f8d       0x1e c:/maximsdk/tools/gnutools/10.3/bin/../lib/gcc/arm-none-eabi/10.3.1/thumb/v7e-m+fp/softfp\libgcc.a(_arm_unorddf2.o)
 .ARM.attributes
                0x00000fab       0x1e c:/maximsdk/tools/gnutools/10.3/bin/../lib/gcc/arm-none-eabi/10.3.1/thumb/v7e-m+fp/softfp\libgcc.a(_arm_fixdfsi.o)
 .ARM.attributes
                0x00000fc9       0x1e c:/maximsdk/tools/gnutools/10.3/bin/../lib/gcc/arm-none-eabi/10.3.1/thumb/v7e-m+fp/softfp\libgcc.a(_aeabi_uldivmod.o)
 .ARM.attributes
                0x00000fe7       0x32 c:/maximsdk/tools/gnutools/10.3/bin/../lib/gcc/arm-none-eabi/10.3.1/thumb/v7e-m+fp/softfp\libgcc.a(_udivmoddi4.o)
 .ARM.attributes
                0x00001019       0x1e c:/maximsdk/tools/gnutools/10.3/bin/../lib/gcc/arm-none-eabi/10.3.1/thumb/v7e-m+fp/softfp\libgcc.a(_dvmd_tls.o)
 .ARM.attributes
                0x00001037       0x32 c:/maximsdk/tools/gnutools/10.3/bin/../lib/gcc/arm-none-eabi/10.3.1/thumb/v7e-m+fp/softfp/crtend.o
 .ARM.attributes
                0x00001069       0x1e c:/maximsdk/tools/gnutools/10.3/bin/../lib/gcc/arm-none-eabi/10.3.1/thumb/v7e-m+fp/softfp/crtn.o

.comment        0x00000000       0x49
 .comment       0x00000000       0x49 C:/Users/ahammad.n/Desktop/Maxim_Micro_Workspace/MAX77958_MAX77962_Reference_Lib/build/main.o
                                 0x4a (size before relaxing)
 .comment       0x00000049       0x4a C:/Users/ahammad.n/Desktop/Maxim_Micro_Workspace/MAX77958_MAX77962_Reference_Lib/build/board.o
 .comment       0x00000049       0x4a C:/Users/ahammad.n/Desktop/Maxim_Micro_Workspace/MAX77958_MAX77962_Reference_Lib/build/stdio.o
 .comment       0x00000049       0x4a C:/Users/ahammad.n/Desktop/Maxim_Micro_Workspace/MAX77958_MAX77962_Reference_Lib/build/led.o
 .comment       0x00000049       0x4a C:/Users/ahammad.n/Desktop/Maxim_Micro_Workspace/MAX77958_MAX77962_Reference_Lib/build/pb.o
 .comment       0x00000049       0x4a C:/Users/ahammad.n/Desktop/Maxim_Micro_Workspace/MAX77958_MAX77962_Reference_Lib/build/heap.o
 .comment       0x00000049       0x4a C:/Users/ahammad.n/Desktop/Maxim_Micro_Workspace/MAX77958_MAX77962_Reference_Lib/build/system_max32660.o